C:/Users/jorda/Documents/GitHub/openblt/Target/Source/ARMCM4_STM32F3/flash.c:664:17:FlashWriteBlock	32	static
C:/Users/jorda/Documents/GitHub/openblt/Target/Source/ARMCM4_STM32F3/flash.c:541:25:FlashSwitchBlock	16	static
C:/Users/jorda/Documents/GitHub/openblt/Target/Source/ARMCM4_STM32F3/flash.c:593:17:FlashAddToBlock	24	static
C:/Users/jorda/Documents/GitHub/openblt/Target/Source/ARMCM4_STM32F3/flash.c:234:6:FlashInit	0	static
C:/Users/jorda/Documents/GitHub/openblt/Target/Source/ARMCM4_STM32F3/flash.c:252:10:FlashWrite	8	static
C:/Users/jorda/Documents/GitHub/openblt/Target/Source/ARMCM4_STM32F3/flash.c:289:10:FlashErase	32	static
C:/Users/jorda/Documents/GitHub/openblt/Target/Source/ARMCM4_STM32F3/flash.c:369:10:FlashWriteChecksum	16	static
C:/Users/jorda/Documents/GitHub/openblt/Target/Source/ARMCM4_STM32F3/flash.c:438:10:FlashVerifyChecksum	0	static
C:/Users/jorda/Documents/GitHub/openblt/Target/Source/ARMCM4_STM32F3/flash.c:468:10:FlashDone	8	static
C:/Users/jorda/Documents/GitHub/openblt/Target/Source/ARMCM4_STM32F3/flash.c:498:10:FlashGetUserProgBaseAddress	0	static
