C:/Users/jorda/Documents/GitHub/openblt/Target/Source/ARMCM4_STM32F3/nvm.c:57:6:NvmInit	0	static
C:/Users/jorda/Documents/GitHub/openblt/Target/Source/ARMCM4_STM32F3/nvm.c:79:10:NvmWrite	0	static
C:/Users/jorda/Documents/GitHub/openblt/Target/Source/ARMCM4_STM32F3/nvm.c:120:10:NvmErase	0	static
C:/Users/jorda/Documents/GitHub/openblt/Target/Source/ARMCM4_STM32F3/nvm.c:160:10:NvmVerifyChecksum	0	static
C:/Users/jorda/Documents/GitHub/openblt/Target/Source/ARMCM4_STM32F3/nvm.c:178:10:NvmGetUserProgBaseAddress	0	static
C:/Users/jorda/Documents/GitHub/openblt/Target/Source/ARMCM4_STM32F3/nvm.c:193:10:NvmDone	8	static
