C:/Users/jorda/Documents/GitHub/openblt/Target/Source/ARMCM4_STM32F3/timer.c:69:6:TimerInit	8	static
C:/Users/jorda/Documents/GitHub/openblt/Target/Source/ARMCM4_STM32F3/timer.c:109:6:TimerReset	0	static
C:/Users/jorda/Documents/GitHub/openblt/Target/Source/ARMCM4_STM32F3/timer.c:130:6:TimerUpdate	8	static
C:/Users/jorda/Documents/GitHub/openblt/Target/Source/ARMCM4_STM32F3/timer.c:162:12:TimerGet	8	static
C:/Users/jorda/Documents/GitHub/openblt/Target/Source/ARMCM4_STM32F3/timer.c:182:10:HAL_GetTick	8	static
