Archive member included to satisfy reference by file (symbol)

C:/ST/STM32CubeIDE_1.19.0/STM32CubeIDE/plugins/com.st.stm32cube.ide.mcu.externaltools.gnu-tools-for-stm32.13.3.rel1.win32_1.0.0.202411081344/tools/bin/../lib/gcc/arm-none-eabi/13.3.1/../../../../arm-none-eabi/lib/thumb/v7e-m+fp/hard\libc_nano.a(libc_a-exit.o)
                              C:/ST/STM32CubeIDE_1.19.0/STM32CubeIDE/plugins/com.st.stm32cube.ide.mcu.externaltools.gnu-tools-for-stm32.13.3.rel1.win32_1.0.0.202411081344/tools/bin/../lib/gcc/arm-none-eabi/13.3.1/../../../../arm-none-eabi/lib/thumb/v7e-m+fp/hard/crt0.o (exit)
C:/ST/STM32CubeIDE_1.19.0/STM32CubeIDE/plugins/com.st.stm32cube.ide.mcu.externaltools.gnu-tools-for-stm32.13.3.rel1.win32_1.0.0.202411081344/tools/bin/../lib/gcc/arm-none-eabi/13.3.1/../../../../arm-none-eabi/lib/thumb/v7e-m+fp/hard\libc_nano.a(libc_a-findfp.o)
                              C:/ST/STM32CubeIDE_1.19.0/STM32CubeIDE/plugins/com.st.stm32cube.ide.mcu.externaltools.gnu-tools-for-stm32.13.3.rel1.win32_1.0.0.202411081344/tools/bin/../lib/gcc/arm-none-eabi/13.3.1/../../../../arm-none-eabi/lib/thumb/v7e-m+fp/hard\libc_nano.a(libc_a-exit.o) (__stdio_exit_handler)
C:/ST/STM32CubeIDE_1.19.0/STM32CubeIDE/plugins/com.st.stm32cube.ide.mcu.externaltools.gnu-tools-for-stm32.13.3.rel1.win32_1.0.0.202411081344/tools/bin/../lib/gcc/arm-none-eabi/13.3.1/../../../../arm-none-eabi/lib/thumb/v7e-m+fp/hard\libc_nano.a(libc_a-fwalk.o)
                              C:/ST/STM32CubeIDE_1.19.0/STM32CubeIDE/plugins/com.st.stm32cube.ide.mcu.externaltools.gnu-tools-for-stm32.13.3.rel1.win32_1.0.0.202411081344/tools/bin/../lib/gcc/arm-none-eabi/13.3.1/../../../../arm-none-eabi/lib/thumb/v7e-m+fp/hard\libc_nano.a(libc_a-findfp.o) (_fwalk_sglue)
C:/ST/STM32CubeIDE_1.19.0/STM32CubeIDE/plugins/com.st.stm32cube.ide.mcu.externaltools.gnu-tools-for-stm32.13.3.rel1.win32_1.0.0.202411081344/tools/bin/../lib/gcc/arm-none-eabi/13.3.1/../../../../arm-none-eabi/lib/thumb/v7e-m+fp/hard\libc_nano.a(libc_a-stdio.o)
                              C:/ST/STM32CubeIDE_1.19.0/STM32CubeIDE/plugins/com.st.stm32cube.ide.mcu.externaltools.gnu-tools-for-stm32.13.3.rel1.win32_1.0.0.202411081344/tools/bin/../lib/gcc/arm-none-eabi/13.3.1/../../../../arm-none-eabi/lib/thumb/v7e-m+fp/hard\libc_nano.a(libc_a-findfp.o) (__sread)
C:/ST/STM32CubeIDE_1.19.0/STM32CubeIDE/plugins/com.st.stm32cube.ide.mcu.externaltools.gnu-tools-for-stm32.13.3.rel1.win32_1.0.0.202411081344/tools/bin/../lib/gcc/arm-none-eabi/13.3.1/../../../../arm-none-eabi/lib/thumb/v7e-m+fp/hard\libc_nano.a(libc_a-memset.o)
                              C:/ST/STM32CubeIDE_1.19.0/STM32CubeIDE/plugins/com.st.stm32cube.ide.mcu.externaltools.gnu-tools-for-stm32.13.3.rel1.win32_1.0.0.202411081344/tools/bin/../lib/gcc/arm-none-eabi/13.3.1/../../../../arm-none-eabi/lib/thumb/v7e-m+fp/hard/crt0.o (memset)
C:/ST/STM32CubeIDE_1.19.0/STM32CubeIDE/plugins/com.st.stm32cube.ide.mcu.externaltools.gnu-tools-for-stm32.13.3.rel1.win32_1.0.0.202411081344/tools/bin/../lib/gcc/arm-none-eabi/13.3.1/../../../../arm-none-eabi/lib/thumb/v7e-m+fp/hard\libc_nano.a(libc_a-closer.o)
                              C:/ST/STM32CubeIDE_1.19.0/STM32CubeIDE/plugins/com.st.stm32cube.ide.mcu.externaltools.gnu-tools-for-stm32.13.3.rel1.win32_1.0.0.202411081344/tools/bin/../lib/gcc/arm-none-eabi/13.3.1/../../../../arm-none-eabi/lib/thumb/v7e-m+fp/hard\libc_nano.a(libc_a-stdio.o) (_close_r)
C:/ST/STM32CubeIDE_1.19.0/STM32CubeIDE/plugins/com.st.stm32cube.ide.mcu.externaltools.gnu-tools-for-stm32.13.3.rel1.win32_1.0.0.202411081344/tools/bin/../lib/gcc/arm-none-eabi/13.3.1/../../../../arm-none-eabi/lib/thumb/v7e-m+fp/hard\libc_nano.a(libc_a-reent.o)
                              C:/ST/STM32CubeIDE_1.19.0/STM32CubeIDE/plugins/com.st.stm32cube.ide.mcu.externaltools.gnu-tools-for-stm32.13.3.rel1.win32_1.0.0.202411081344/tools/bin/../lib/gcc/arm-none-eabi/13.3.1/../../../../arm-none-eabi/lib/thumb/v7e-m+fp/hard\libc_nano.a(libc_a-closer.o) (errno)
C:/ST/STM32CubeIDE_1.19.0/STM32CubeIDE/plugins/com.st.stm32cube.ide.mcu.externaltools.gnu-tools-for-stm32.13.3.rel1.win32_1.0.0.202411081344/tools/bin/../lib/gcc/arm-none-eabi/13.3.1/../../../../arm-none-eabi/lib/thumb/v7e-m+fp/hard\libc_nano.a(libc_a-impure.o)
                              C:/ST/STM32CubeIDE_1.19.0/STM32CubeIDE/plugins/com.st.stm32cube.ide.mcu.externaltools.gnu-tools-for-stm32.13.3.rel1.win32_1.0.0.202411081344/tools/bin/../lib/gcc/arm-none-eabi/13.3.1/../../../../arm-none-eabi/lib/thumb/v7e-m+fp/hard\libc_nano.a(libc_a-reent.o) (_impure_ptr)
C:/ST/STM32CubeIDE_1.19.0/STM32CubeIDE/plugins/com.st.stm32cube.ide.mcu.externaltools.gnu-tools-for-stm32.13.3.rel1.win32_1.0.0.202411081344/tools/bin/../lib/gcc/arm-none-eabi/13.3.1/../../../../arm-none-eabi/lib/thumb/v7e-m+fp/hard\libc_nano.a(libc_a-lseekr.o)
[...]
Memory Configuration

Name             Origin             Length             Attributes
CCMRAM           0x10000000         0x00004000         xrw
RAM              0x20000000         0x00010000         xrw
FLASH            0x08000000         0x00080000         xr
*default*        0x00000000         0xffffffff

Linker script and memory map

LOAD C:/ST/STM32CubeIDE_1.19.0/STM32CubeIDE/plugins/com.st.stm32cube.ide.mcu.externaltools.gnu-tools-for-stm32.13.3.rel1.win32_1.0.0.202411081344/tools/bin/../lib/gcc/arm-none-eabi/13.3.1/thumb/v7e-m+fp/hard/crti.o
LOAD C:/ST/STM32CubeIDE_1.19.0/STM32CubeIDE/plugins/com.st.stm32cube.ide.mcu.externaltools.gnu-tools-for-stm32.13.3.rel1.win32_1.0.0.202411081344/tools/bin/../lib/gcc/arm-none-eabi/13.3.1/thumb/v7e-m+fp/hard/crtbegin.o
LOAD C:/ST/STM32CubeIDE_1.19.0/STM32CubeIDE/plugins/com.st.stm32cube.ide.mcu.externaltools.gnu-tools-for-stm32.13.3.rel1.win32_1.0.0.202411081344/tools/bin/../lib/gcc/arm-none-eabi/13.3.1/../../../../arm-none-eabi/lib/thumb/v7e-m+fp/hard/crt0.o
LOAD ./App/app.o
LOAD ./App/hooks.o
LOAD ./App/led.o
LOAD ./Core/Src/main.o
LOAD ./Core/Src/stm32f3xx_hal_msp.o
LOAD ./Core/Src/stm32f3xx_it.o
LOAD ./Core/Src/syscalls.o
LOAD ./Core/Src/sysmem.o
LOAD ./Core/Src/system_stm32f3xx.o
LOAD ./Core/Startup/startup_stm32f303retx.o
LOAD ./Drivers/STM32F3xx_HAL_Driver/Src/stm32f3xx_hal.o
LOAD ./Drivers/STM32F3xx_HAL_Driver/Src/stm32f3xx_hal_can.o
LOAD ./Drivers/STM32F3xx_HAL_Driver/Src/stm32f3xx_hal_cortex.o
LOAD ./Drivers/STM32F3xx_HAL_Driver/Src/stm32f3xx_hal_dma.o
LOAD ./Drivers/STM32F3xx_HAL_Driver/Src/stm32f3xx_hal_exti.o
LOAD ./Drivers/STM32F3xx_HAL_Driver/Src/stm32f3xx_hal_flash.o
LOAD ./Drivers/STM32F3xx_HAL_Driver/Src/stm32f3xx_hal_flash_ex.o
LOAD ./Drivers/STM32F3xx_HAL_Driver/Src/stm32f3xx_hal_gpio.o
LOAD ./Drivers/STM32F3xx_HAL_Driver/Src/stm32f3xx_hal_i2c.o
LOAD ./Drivers/STM32F3xx_HAL_Driver/Src/stm32f3xx_hal_i2c_ex.o
LOAD ./Drivers/STM32F3xx_HAL_Driver/Src/stm32f3xx_hal_pwr.o
LOAD ./Drivers/STM32F3xx_HAL_Driver/Src/stm32f3xx_hal_pwr_ex.o
LOAD ./Drivers/STM32F3xx_HAL_Driver/Src/stm32f3xx_hal_rcc.o
LOAD ./Drivers/STM32F3xx_HAL_Driver/Src/stm32f3xx_hal_rcc_ex.o
LOAD ./Drivers/STM32F3xx_HAL_Driver/Src/stm32f3xx_ll_dma.o
LOAD ./Drivers/STM32F3xx_HAL_Driver/Src/stm32f3xx_ll_exti.o
LOAD ./Drivers/STM32F3xx_HAL_Driver/Src/stm32f3xx_ll_gpio.o
LOAD ./Drivers/STM32F3xx_HAL_Driver/Src/stm32f3xx_ll_rcc.o
LOAD ./Drivers/STM32F3xx_HAL_Driver/Src/stm32f3xx_ll_usart.o
LOAD ./Drivers/STM32F3xx_HAL_Driver/Src/stm32f3xx_ll_utils.o
LOAD ./Source/ARMCM4_STM32F3/GCC/cpu_comp.o
LOAD ./Source/ARMCM4_STM32F3/can.o
LOAD ./Source/ARMCM4_STM32F3/cpu.o
LOAD ./Source/ARMCM4_STM32F3/flash.o
LOAD ./Source/ARMCM4_STM32F3/mbrtu.o
LOAD ./Source/ARMCM4_STM32F3/nvm.o
LOAD ./Source/ARMCM4_STM32F3/rs232.o
LOAD ./Source/ARMCM4_STM32F3/timer.o
LOAD ./Source/ARMCM4_STM32F3/usb.o
LOAD ./Source/asserts.o
LOAD ./Source/backdoor.o
LOAD ./Source/boot.o
LOAD ./Source/com.o
LOAD ./Source/cop.o
LOAD ./Source/file.o
LOAD ./Source/infotable.o
LOAD ./Source/mb.o
LOAD ./Source/net.o
LOAD ./Source/xcp.o
START GROUP
LOAD C:/ST/STM32CubeIDE_1.19.0/STM32CubeIDE/plugins/com.st.stm32cube.ide.mcu.externaltools.gnu-tools-for-stm32.13.3.rel1.win32_1.0.0.202411081344/tools/bin/../lib/gcc/arm-none-eabi/13.3.1/../../../../arm-none-eabi/lib/thumb/v7e-m+fp/hard\libc_nano.a
LOAD C:/ST/STM32CubeIDE_1.19.0/STM32CubeIDE/plugins/com.st.stm32cube.ide.mcu.externaltools.gnu-tools-for-stm32.13.3.rel1.win32_1.0.0.202411081344/tools/bin/../lib/gcc/arm-none-eabi/13.3.1/../../../../arm-none-eabi/lib/thumb/v7e-m+fp/hard\libm.a
END GROUP
START GROUP
LOAD C:/ST/STM32CubeIDE_1.19.0/STM32CubeIDE/plugins/com.st.stm32cube.ide.mcu.externaltools.gnu-tools-for-stm32.13.3.rel1.win32_1.0.0.202411081344/tools/bin/../lib/gcc/arm-none-eabi/13.3.1/thumb/v7e-m+fp/hard\libgcc.a
LOAD C:/ST/STM32CubeIDE_1.19.0/STM32CubeIDE/plugins/com.st.stm32cube.ide.mcu.externaltools.gnu-tools-for-stm32.13.3.rel1.win32_1.0.0.202411081344/tools/bin/../lib/gcc/arm-none-eabi/13.3.1/../../../../arm-none-eabi/lib/thumb/v7e-m+fp/hard\libc_nano.a
END GROUP
START GROUP
LOAD C:/ST/STM32CubeIDE_1.19.0/STM32CubeIDE/plugins/com.st.stm32cube.ide.mcu.externaltools.gnu-tools-for-stm32.13.3.rel1.win32_1.0.0.202411081344/tools/bin/../lib/gcc/arm-none-eabi/13.3.1/thumb/v7e-m+fp/hard\libgcc.a
LOAD C:/ST/STM32CubeIDE_1.19.0/STM32CubeIDE/plugins/com.st.stm32cube.ide.mcu.externaltools.gnu-tools-for-stm32.13.3.rel1.win32_1.0.0.202411081344/tools/bin/../lib/gcc/arm-none-eabi/13.3.1/../../../../arm-none-eabi/lib/thumb/v7e-m+fp/hard\libc_nano.a
LOAD C:/ST/STM32CubeIDE_1.19.0/STM32CubeIDE/plugins/com.st.stm32cube.ide.mcu.externaltools.gnu-tools-for-stm32.13.3.rel1.win32_1.0.0.202411081344/tools/bin/../lib/gcc/arm-none-eabi/13.3.1/../../../../arm-none-eabi/lib/thumb/v7e-m+fp/hard\libnosys.a
END GROUP
START GROUP
LOAD C:/ST/STM32CubeIDE_1.19.0/STM32CubeIDE/plugins/com.st.stm32cube.ide.mcu.externaltools.gnu-tools-for-stm32.13.3.rel1.win32_1.0.0.202411081344/tools/bin/../lib/gcc/arm-none-eabi/13.3.1/thumb/v7e-m+fp/hard\libgcc.a
LOAD C:/ST/STM32CubeIDE_1.19.0/STM32CubeIDE/plugins/com.st.stm32cube.ide.mcu.externaltools.gnu-tools-for-stm32.13.3.rel1.win32_1.0.0.202411081344/tools/bin/../lib/gcc/arm-none-eabi/13.3.1/../../../../arm-none-eabi/lib/thumb/v7e-m+fp/hard\libc_nano.a
LOAD C:/ST/STM32CubeIDE_1.19.0/STM32CubeIDE/plugins/com.st.stm32cube.ide.mcu.externaltools.gnu-tools-for-stm32.13.3.rel1.win32_1.0.0.202411081344/tools/bin/../lib/gcc/arm-none-eabi/13.3.1/../../../../arm-none-eabi/lib/thumb/v7e-m+fp/hard\libnosys.a
END GROUP
LOAD C:/ST/STM32CubeIDE_1.19.0/STM32CubeIDE/plugins/com.st.stm32cube.ide.mcu.externaltools.gnu-tools-for-stm32.13.3.rel1.win32_1.0.0.202411081344/tools/bin/../lib/gcc/arm-none-eabi/13.3.1/thumb/v7e-m+fp/hard/crtend.o
LOAD C:/ST/STM32CubeIDE_1.19.0/STM32CubeIDE/plugins/com.st.stm32cube.ide.mcu.externaltools.gnu-tools-for-stm32.13.3.rel1.win32_1.0.0.202411081344/tools/bin/../lib/gcc/arm-none-eabi/13.3.1/thumb/v7e-m+fp/hard/crtn.o
                0x20010000                        _estack = (ORIGIN (RAM) + LENGTH (RAM))
                0x00000200                        _Min_Heap_Size = 0x200
                0x00000400                        _Min_Stack_Size = 0x400

.isr_vector     0x08000000      0x194
                0x08000000                        . = ALIGN (0x4)
 *(.isr_vector)
 .isr_vector    0x08000000      0x194 ./Core/Startup/startup_stm32f303retx.o
                0x08000000                g_pfnVectors
                0x08000194                        . = ALIGN (0x4)

.text           0x08000194     0x3de0
                0x08000194                        . = ALIGN (0x4)
 *(.text)
 .text          0x08000194       0x40 C:/ST/STM32CubeIDE_1.19.0/STM32CubeIDE/plugins/com.st.stm32cube.ide.mcu.externaltools.gnu-tools-for-stm32.13.3.rel1.win32_1.0.0.202411081344/tools/bin/../lib/gcc/arm-none-eabi/13.3.1/thumb/v7e-m+fp/hard/crtbegin.o
 *(.text*)
 .text.AppInit  0x080001d4        0xc ./App/app.o
                0x080001d4                AppInit
 .text.AppTask  0x080001e0        0xc ./App/app.o
                0x080001e0                AppTask
 .text.LL_GPIO_IsInputPinSet
                0x080001ec       0x2a ./App/hooks.o
 .text.CpuUserProgramStartHook
                0x08000216       0x22 ./App/hooks.o
                0x08000216                CpuUserProgramStartHook
 .text.CopInitHook
                0x08000238        0xe ./App/hooks.o
                0x08000238                CopInitHook
 .text.CopServiceHook
                0x08000246        0xc ./App/hooks.o
                0x08000246                CopServiceHook
 .text.InfoTableCheckHook
                0x08000252       0x40 ./App/hooks.o
                0x08000252                InfoTableCheckHook
 .text.LL_GPIO_SetOutputPin
                0x08000292       0x1c ./App/led.o
 .text.LL_GPIO_ResetOutputPin
                0x080002ae       0x1c ./App/led.o
 *fill*         0x080002ca        0x2 
 .text.LedBlinkInit
                0x080002cc       0x20 ./App/led.o
                0x080002cc                LedBlinkInit
 .text.LedBlinkTask
                0x080002ec       0x5c ./App/led.o
                0x080002ec                LedBlinkTask
 .text.LedBlinkExit
                0x08000348       0x12 ./App/led.o
                0x08000348                LedBlinkExit
 *fill*         0x0800035a        0x2 
 .text.LL_RCC_HSE_EnableBypass
                0x0800035c       0x20 ./Core/Src/main.o
 .text.LL_RCC_HSE_Enable
                0x0800037c       0x20 ./Core/Src/main.o
 .text.LL_RCC_HSE_IsReady
                0x0800039c       0x28 ./Core/Src/main.o
 .text.LL_RCC_SetSysClkSource
                0x080003c4       0x28 ./Core/Src/main.o
 .text.LL_RCC_GetSysClkSource
                0x080003ec       0x1c ./Core/Src/main.o
 .text.LL_RCC_SetAHBPrescaler
                0x08000408       0x28 ./Core/Src/main.o
 .text.LL_RCC_SetAPB1Prescaler
                0x08000430       0x28 ./Core/Src/main.o
 .text.LL_RCC_SetAPB2Prescaler
                0x08000458       0x28 ./Core/Src/main.o
 .text.LL_RCC_SetUSARTClockSource
                0x08000480       0x38 ./Core/Src/main.o
 .text.LL_RCC_PLL_Enable
                0x080004b8       0x20 ./Core/Src/main.o
 .text.LL_RCC_PLL_IsReady
                0x080004d8       0x28 ./Core/Src/main.o
 .text.LL_RCC_PLL_ConfigDomain_SYS
                0x08000500       0x40 ./Core/Src/main.o
 .text.LL_AHB1_GRP1_EnableClock
                0x08000540       0x30 ./Core/Src/main.o
 .text.LL_SYSCFG_SetEXTISource
                0x08000570       0x60 ./Core/Src/main.o
 .text.LL_FLASH_SetLatency
                0x080005d0       0x28 ./Core/Src/main.o
 .text.LL_FLASH_GetLatency
                0x080005f8       0x1c ./Core/Src/main.o
 .text.LL_GPIO_SetPinMode
                0x08000614       0x5e ./Core/Src/main.o
 .text.LL_GPIO_SetPinPull
                0x08000672       0x5e ./Core/Src/main.o
 .text.LL_GPIO_ResetOutputPin
                0x080006d0       0x1c ./Core/Src/main.o
 .text.main     0x080006ec       0x1a ./Core/Src/main.o
                0x080006ec                main
 *fill*         0x08000706        0x2 
 .text.SystemClock_Config
                0x08000708       0x94 ./Core/Src/main.o
                0x08000708                SystemClock_Config
 .text.MX_GPIO_Init
                0x0800079c       0xdc ./Core/Src/main.o
 .text.Error_Handler
                0x08000878        0xc ./Core/Src/main.o
                0x08000878                Error_Handler
 .text.HAL_MspInit
                0x08000884       0x48 ./Core/Src/stm32f3xx_hal_msp.o
                0x08000884                HAL_MspInit
 .text.HAL_CAN_MspInit
                0x080008cc       0xac ./Core/Src/stm32f3xx_hal_msp.o
                0x080008cc                HAL_CAN_MspInit
 .text.NMI_Handler
                0x08000978        0x8 ./Core/Src/stm32f3xx_it.o
                0x08000978                NMI_Handler
 .text.HardFault_Handler
                0x08000980        0x8 ./Core/Src/stm32f3xx_it.o
                0x08000980                HardFault_Handler
 .text.MemManage_Handler
                0x08000988        0x8 ./Core/Src/stm32f3xx_it.o
                0x08000988                MemManage_Handler
 .text.BusFault_Handler
                0x08000990        0x8 ./Core/Src/stm32f3xx_it.o
                0x08000990                BusFault_Handler
 .text.UsageFault_Handler
                0x08000998        0x8 ./Core/Src/stm32f3xx_it.o
                0x08000998                UsageFault_Handler
 .text.SVC_Handler
                0x080009a0        0xe ./Core/Src/stm32f3xx_it.o
                0x080009a0                SVC_Handler
 .text.DebugMon_Handler
                0x080009ae        0xe ./Core/Src/stm32f3xx_it.o
                0x080009ae                DebugMon_Handler
 .text.PendSV_Handler
                0x080009bc        0xe ./Core/Src/stm32f3xx_it.o
                0x080009bc                PendSV_Handler
 .text.SysTick_Handler
                0x080009ca        0xc ./Core/Src/stm32f3xx_it.o
                0x080009ca                SysTick_Handler
 *fill*         0x080009d6        0x2 
 .text.SystemInit
                0x080009d8       0x24 ./Core/Src/system_stm32f3xx.o
                0x080009d8                SystemInit
 .text.Reset_Handler
                0x080009fc       0x50 ./Core/Startup/startup_stm32f303retx.o
                0x080009fc                Reset_Handler
 .text.Default_Handler
                0x08000a4c        0x2 ./Core/Startup/startup_stm32f303retx.o
                0x08000a4c                RTC_Alarm_IRQHandler
                0x08000a4c                TIM8_TRG_COM_IRQHandler
                0x08000a4c                TIM8_CC_IRQHandler
                0x08000a4c                SPI4_IRQHandler
                0x08000a4c                TIM1_CC_IRQHandler
                0x08000a4c                USB_HP_IRQHandler
                0x08000a4c                PVD_IRQHandler
                0x08000a4c                TAMP_STAMP_IRQHandler
                0x08000a4c                EXTI3_IRQHandler
                0x08000a4c                I2C3_ER_IRQHandler
                0x08000a4c                USB_HP_CAN_TX_IRQHandler
                0x08000a4c                EXTI0_IRQHandler
                0x08000a4c                I2C2_EV_IRQHandler
                0x08000a4c                FPU_IRQHandler
                0x08000a4c                TIM1_UP_TIM16_IRQHandler
                0x08000a4c                ADC1_2_IRQHandler
                0x08000a4c                SPI1_IRQHandler
                0x08000a4c                CAN_SCE_IRQHandler
                0x08000a4c                TIM6_DAC_IRQHandler
                0x08000a4c                TIM8_UP_IRQHandler
                0x08000a4c                DMA2_Channel2_IRQHandler
                0x08000a4c                DMA1_Channel4_IRQHandler
                0x08000a4c                TIM20_TRG_COM_IRQHandler
                0x08000a4c                USART3_IRQHandler
                0x08000a4c                DMA1_Channel7_IRQHandler
                0x08000a4c                UART5_IRQHandler
                0x08000a4c                ADC3_IRQHandler
                0x08000a4c                TIM4_IRQHandler
                0x08000a4c                CAN_RX1_IRQHandler
                0x08000a4c                DMA2_Channel1_IRQHandler
                0x08000a4c                I2C1_EV_IRQHandler
                0x08000a4c                DMA1_Channel6_IRQHandler
                0x08000a4c                UART4_IRQHandler
                0x08000a4c                DMA2_Channel4_IRQHandler
                0x08000a4c                TIM3_IRQHandler
                0x08000a4c                RCC_IRQHandler
                0x08000a4c                TIM20_UP_IRQHandler
                0x08000a4c                DMA1_Channel1_IRQHandler
                0x08000a4c                Default_Handler
                0x08000a4c                USBWakeUp_RMP_IRQHandler
                0x08000a4c                EXTI15_10_IRQHandler
                0x08000a4c                TIM7_IRQHandler
                0x08000a4c                I2C3_EV_IRQHandler
                0x08000a4c                EXTI9_5_IRQHandler
                0x08000a4c                RTC_WKUP_IRQHandler
                0x08000a4c                SPI2_IRQHandler
                0x08000a4c                USB_LP_CAN_RX0_IRQHandler
                0x08000a4c                DMA2_Channel5_IRQHandler
                0x08000a4c                DMA1_Channel5_IRQHandler
                0x08000a4c                USB_LP_IRQHandler
                0x08000a4c                EXTI4_IRQHandler
                0x08000a4c                TIM1_TRG_COM_TIM17_IRQHandler
                0x08000a4c                DMA1_Channel3_IRQHandler
                0x08000a4c                ADC4_IRQHandler
                0x08000a4c                WWDG_IRQHandler
                0x08000a4c                TIM2_IRQHandler
                0x08000a4c                COMP7_IRQHandler
                0x08000a4c                COMP1_2_3_IRQHandler
                0x08000a4c                EXTI1_IRQHandler
                0x08000a4c                USART2_IRQHandler
                0x08000a4c                COMP4_5_6_IRQHandler
                0x08000a4c                TIM20_BRK_IRQHandler
                0x08000a4c                I2C2_ER_IRQHandler
                0x08000a4c                DMA1_Channel2_IRQHandler
                0x08000a4c                TIM8_BRK_IRQHandler
                0x08000a4c                FLASH_IRQHandler
                0x08000a4c                TIM20_CC_IRQHandler
                0x08000a4c                USART1_IRQHandler
                0x08000a4c                SPI3_IRQHandler
                0x08000a4c                I2C1_ER_IRQHandler
                0x08000a4c                FMC_IRQHandler
                0x08000a4c                USBWakeUp_IRQHandler
                0x08000a4c                DMA2_Channel3_IRQHandler
                0x08000a4c                EXTI2_TSC_IRQHandler
                0x08000a4c                TIM1_BRK_TIM15_IRQHandler
 *fill*         0x08000a4e        0x2 
 .text.HAL_Init
                0x08000a50       0x2c ./Drivers/STM32F3xx_HAL_Driver/Src/stm32f3xx_hal.o
                0x08000a50                HAL_Init
 .text.HAL_DeInit
                0x08000a7c       0x3c ./Drivers/STM32F3xx_HAL_Driver/Src/stm32f3xx_hal.o
                0x08000a7c                HAL_DeInit
 .text.HAL_MspDeInit
                0x08000ab8        0xe ./Drivers/STM32F3xx_HAL_Driver/Src/stm32f3xx_hal.o
                0x08000ab8                HAL_MspDeInit
 *fill*         0x08000ac6        0x2 
 .text.HAL_InitTick
                0x08000ac8       0x60 ./Drivers/STM32F3xx_HAL_Driver/Src/stm32f3xx_hal.o
                0x08000ac8                HAL_InitTick
 .text.HAL_IncTick
                0x08000b28       0x28 ./Drivers/STM32F3xx_HAL_Driver/Src/stm32f3xx_hal.o
                0x08000b28                HAL_IncTick
 .text.HAL_CAN_Init
                0x08000b50      0x1f6 ./Drivers/STM32F3xx_HAL_Driver/Src/stm32f3xx_hal_can.o
                0x08000b50                HAL_CAN_Init
 .text.HAL_CAN_ConfigFilter
                0x08000d46      0x194 ./Drivers/STM32F3xx_HAL_Driver/Src/stm32f3xx_hal_can.o
                0x08000d46                HAL_CAN_ConfigFilter
 .text.HAL_CAN_Start
                0x08000eda       0x88 ./Drivers/STM32F3xx_HAL_Driver/Src/stm32f3xx_hal_can.o
                0x08000eda                HAL_CAN_Start
 .text.HAL_CAN_AddTxMessage
                0x08000f62      0x1a0 ./Drivers/STM32F3xx_HAL_Driver/Src/stm32f3xx_hal_can.o
                0x08000f62                HAL_CAN_AddTxMessage
 .text.HAL_CAN_IsTxMessagePending
                0x08001102       0x48 ./Drivers/STM32F3xx_HAL_Driver/Src/stm32f3xx_hal_can.o
                0x08001102                HAL_CAN_IsTxMessagePending
 .text.HAL_CAN_GetRxMessage
                0x0800114a      0x244 ./Drivers/STM32F3xx_HAL_Driver/Src/stm32f3xx_hal_can.o
                0x0800114a                HAL_CAN_GetRxMessage
 *fill*         0x0800138e        0x2 
 .text.__NVIC_SetPriorityGrouping
                0x08001390       0x48 ./Drivers/STM32F3xx_HAL_Driver/Src/stm32f3xx_hal_cortex.o
 .text.__NVIC_GetPriorityGrouping
                0x080013d8       0x1c ./Drivers/STM32F3xx_HAL_Driver/Src/stm32f3xx_hal_cortex.o
 .text.__NVIC_SetPriority
                0x080013f4       0x54 ./Drivers/STM32F3xx_HAL_Driver/Src/stm32f3xx_hal_cortex.o
 .text.NVIC_EncodePriority
                0x08001448       0x66 ./Drivers/STM32F3xx_HAL_Driver/Src/stm32f3xx_hal_cortex.o
 *fill*         0x080014ae        0x2 
 .text.SysTick_Config
                0x080014b0       0x44 ./Drivers/STM32F3xx_HAL_Driver/Src/stm32f3xx_hal_cortex.o
 .text.HAL_NVIC_SetPriorityGrouping
                0x080014f4       0x16 ./Drivers/STM32F3xx_HAL_Driver/Src/stm32f3xx_hal_cortex.o
                0x080014f4                HAL_NVIC_SetPriorityGrouping
 .text.HAL_NVIC_SetPriority
                0x0800150a       0x38 ./Drivers/STM32F3xx_HAL_Driver/Src/stm32f3xx_hal_cortex.o
                0x0800150a                HAL_NVIC_SetPriority
 .text.HAL_SYSTICK_Config
                0x08001542       0x18 ./Drivers/STM32F3xx_HAL_Driver/Src/stm32f3xx_hal_cortex.o
                0x08001542                HAL_SYSTICK_Config
 *fill*         0x0800155a        0x2 
 .text.HAL_FLASH_Program
                0x0800155c       0xe0 ./Drivers/STM32F3xx_HAL_Driver/Src/stm32f3xx_hal_flash.o
                0x0800155c                HAL_FLASH_Program
 .text.HAL_FLASH_Unlock
                0x0800163c       0x4c ./Drivers/STM32F3xx_HAL_Driver/Src/stm32f3xx_hal_flash.o
                0x0800163c                HAL_FLASH_Unlock
 .text.HAL_FLASH_Lock
                0x08001688       0x20 ./Drivers/STM32F3xx_HAL_Driver/Src/stm32f3xx_hal_flash.o
                0x08001688                HAL_FLASH_Lock
 .text.FLASH_Program_HalfWord
                0x080016a8       0x38 ./Drivers/STM32F3xx_HAL_Driver/Src/stm32f3xx_hal_flash.o
 .text.FLASH_WaitForLastOperation
                0x080016e0       0x80 ./Drivers/STM32F3xx_HAL_Driver/Src/stm32f3xx_hal_flash.o
                0x080016e0                FLASH_WaitForLastOperation
 .text.FLASH_SetErrorCode
                0x08001760       0x64 ./Drivers/STM32F3xx_HAL_Driver/Src/stm32f3xx_hal_flash.o
 .text.HAL_FLASHEx_Erase
                0x080017c4       0xd4 ./Drivers/STM32F3xx_HAL_Driver/Src/stm32f3xx_hal_flash_ex.o
                0x080017c4                HAL_FLASHEx_Erase
 .text.FLASH_MassErase
                0x08001898       0x34 ./Drivers/STM32F3xx_HAL_Driver/Src/stm32f3xx_hal_flash_ex.o
 .text.FLASH_PageErase
                0x080018cc       0x40 ./Drivers/STM32F3xx_HAL_Driver/Src/stm32f3xx_hal_flash_ex.o
                0x080018cc                FLASH_PageErase
 .text.HAL_GPIO_Init
                0x0800190c      0x314 ./Drivers/STM32F3xx_HAL_Driver/Src/stm32f3xx_hal_gpio.o
                0x0800190c                HAL_GPIO_Init
 .text.LL_EXTI_EnableIT_0_31
                0x08001c20       0x24 ./Drivers/STM32F3xx_HAL_Driver/Src/stm32f3xx_ll_exti.o
 .text.LL_EXTI_EnableIT_32_63
                0x08001c44       0x24 ./Drivers/STM32F3xx_HAL_Driver/Src/stm32f3xx_ll_exti.o
 .text.LL_EXTI_DisableIT_0_31
                0x08001c68       0x28 ./Drivers/STM32F3xx_HAL_Driver/Src/stm32f3xx_ll_exti.o
 .text.LL_EXTI_DisableIT_32_63
                0x08001c90       0x28 ./Drivers/STM32F3xx_HAL_Driver/Src/stm32f3xx_ll_exti.o
 .text.LL_EXTI_EnableEvent_0_31
                0x08001cb8       0x24 ./Drivers/STM32F3xx_HAL_Driver/Src/stm32f3xx_ll_exti.o
 .text.LL_EXTI_EnableEvent_32_63
                0x08001cdc       0x24 ./Drivers/STM32F3xx_HAL_Driver/Src/stm32f3xx_ll_exti.o
 .text.LL_EXTI_DisableEvent_0_31
                0x08001d00       0x28 ./Drivers/STM32F3xx_HAL_Driver/Src/stm32f3xx_ll_exti.o
 .text.LL_EXTI_DisableEvent_32_63
                0x08001d28       0x28 ./Drivers/STM32F3xx_HAL_Driver/Src/stm32f3xx_ll_exti.o
 .text.LL_EXTI_EnableRisingTrig_0_31
                0x08001d50       0x24 ./Drivers/STM32F3xx_HAL_Driver/Src/stm32f3xx_ll_exti.o
 .text.LL_EXTI_EnableRisingTrig_32_63
                0x08001d74       0x24 ./Drivers/STM32F3xx_HAL_Driver/Src/stm32f3xx_ll_exti.o
 .text.LL_EXTI_DisableRisingTrig_0_31
                0x08001d98       0x28 ./Drivers/STM32F3xx_HAL_Driver/Src/stm32f3xx_ll_exti.o
 .text.LL_EXTI_DisableRisingTrig_32_63
                0x08001dc0       0x28 ./Drivers/STM32F3xx_HAL_Driver/Src/stm32f3xx_ll_exti.o
 .text.LL_EXTI_EnableFallingTrig_0_31
                0x08001de8       0x24 ./Drivers/STM32F3xx_HAL_Driver/Src/stm32f3xx_ll_exti.o
 .text.LL_EXTI_EnableFallingTrig_32_63
                0x08001e0c       0x24 ./Drivers/STM32F3xx_HAL_Driver/Src/stm32f3xx_ll_exti.o
 .text.LL_EXTI_DisableFallingTrig_0_31
                0x08001e30       0x28 ./Drivers/STM32F3xx_HAL_Driver/Src/stm32f3xx_ll_exti.o
 .text.LL_EXTI_DisableFallingTrig_32_63
                0x08001e58       0x28 ./Drivers/STM32F3xx_HAL_Driver/Src/stm32f3xx_ll_exti.o
 .text.LL_EXTI_Init
                0x08001e80      0x1e0 ./Drivers/STM32F3xx_HAL_Driver/Src/stm32f3xx_ll_exti.o
                0x08001e80                LL_EXTI_Init
 .text.LL_GPIO_SetPinMode
                0x08002060       0x5e ./Drivers/STM32F3xx_HAL_Driver/Src/stm32f3xx_ll_gpio.o
 .text.LL_GPIO_SetPinOutputType
                0x080020be       0x30 ./Drivers/STM32F3xx_HAL_Driver/Src/stm32f3xx_ll_gpio.o
 .text.LL_GPIO_SetPinSpeed
                0x080020ee       0x5e ./Drivers/STM32F3xx_HAL_Driver/Src/stm32f3xx_ll_gpio.o
 .text.LL_GPIO_SetPinPull
                0x0800214c       0x5e ./Drivers/STM32F3xx_HAL_Driver/Src/stm32f3xx_ll_gpio.o
 .text.LL_GPIO_SetAFPin_0_7
                0x080021aa       0x5e ./Drivers/STM32F3xx_HAL_Driver/Src/stm32f3xx_ll_gpio.o
 .text.LL_GPIO_SetAFPin_8_15
                0x08002208       0x62 ./Drivers/STM32F3xx_HAL_Driver/Src/stm32f3xx_ll_gpio.o
 .text.LL_GPIO_Init
                0x0800226a       0xe0 ./Drivers/STM32F3xx_HAL_Driver/Src/stm32f3xx_ll_gpio.o
                0x0800226a                LL_GPIO_Init
 *fill*         0x0800234a        0x2 
 .text.LL_RCC_GetSysClkSource
                0x0800234c       0x1c ./Drivers/STM32F3xx_HAL_Driver/Src/stm32f3xx_ll_rcc.o
 .text.LL_RCC_GetAHBPrescaler
                0x08002368       0x1c ./Drivers/STM32F3xx_HAL_Driver/Src/stm32f3xx_ll_rcc.o
 .text.LL_RCC_GetAPB1Prescaler
                0x08002384       0x1c ./Drivers/STM32F3xx_HAL_Driver/Src/stm32f3xx_ll_rcc.o
 .text.LL_RCC_GetAPB2Prescaler
                0x080023a0       0x1c ./Drivers/STM32F3xx_HAL_Driver/Src/stm32f3xx_ll_rcc.o
 .text.LL_RCC_PLL_GetMainSource
                0x080023bc       0x1c ./Drivers/STM32F3xx_HAL_Driver/Src/stm32f3xx_ll_rcc.o
 .text.LL_RCC_PLL_GetMultiplicator
                0x080023d8       0x1c ./Drivers/STM32F3xx_HAL_Driver/Src/stm32f3xx_ll_rcc.o
 .text.LL_RCC_PLL_GetPrediv
                0x080023f4       0x1c ./Drivers/STM32F3xx_HAL_Driver/Src/stm32f3xx_ll_rcc.o
 .text.LL_RCC_GetSystemClocksFreq
                0x08002410       0x4a ./Drivers/STM32F3xx_HAL_Driver/Src/stm32f3xx_ll_rcc.o
                0x08002410                LL_RCC_GetSystemClocksFreq
 *fill*         0x0800245a        0x2 
 .text.RCC_GetSystemClockFreq
                0x0800245c       0x4c ./Drivers/STM32F3xx_HAL_Driver/Src/stm32f3xx_ll_rcc.o
                0x0800245c                RCC_GetSystemClockFreq
 .text.RCC_GetHCLKClockFreq
                0x080024a8       0x2c ./Drivers/STM32F3xx_HAL_Driver/Src/stm32f3xx_ll_rcc.o
                0x080024a8                RCC_GetHCLKClockFreq
 .text.RCC_GetPCLK1ClockFreq
                0x080024d4       0x28 ./Drivers/STM32F3xx_HAL_Driver/Src/stm32f3xx_ll_rcc.o
                0x080024d4                RCC_GetPCLK1ClockFreq
 .text.RCC_GetPCLK2ClockFreq
                0x080024fc       0x28 ./Drivers/STM32F3xx_HAL_Driver/Src/stm32f3xx_ll_rcc.o
                0x080024fc                RCC_GetPCLK2ClockFreq
 .text.RCC_PLL_GetFreqDomain_SYS
                0x08002524       0x80 ./Drivers/STM32F3xx_HAL_Driver/Src/stm32f3xx_ll_rcc.o
                0x08002524                RCC_PLL_GetFreqDomain_SYS
 .text.LL_SetSystemCoreClock
                0x080025a4       0x20 ./Drivers/STM32F3xx_HAL_Driver/Src/stm32f3xx_ll_utils.o
                0x080025a4                LL_SetSystemCoreClock
 .text.CpuIrqDisable
                0x080025c4       0x10 ./Source/ARMCM4_STM32F3/GCC/cpu_comp.o
                0x080025c4                CpuIrqDisable
 .text.CpuIrqEnable
                0x080025d4       0x10 ./Source/ARMCM4_STM32F3/GCC/cpu_comp.o
                0x080025d4                CpuIrqEnable
 .text.CanGetSpeedConfig
                0x080025e4       0xec ./Source/ARMCM4_STM32F3/can.o
 .text.CanInit  0x080026d0      0x120 ./Source/ARMCM4_STM32F3/can.o
                0x080026d0                CanInit
 .text.CanTransmitPacket
                0x080027f0       0x94 ./Source/ARMCM4_STM32F3/can.o
                0x080027f0                CanTransmitPacket
 .text.CanReceivePacket
                0x08002884       0x84 ./Source/ARMCM4_STM32F3/can.o
                0x08002884                CanReceivePacket
 .text.CpuInit  0x08002908        0xc ./Source/ARMCM4_STM32F3/cpu.o
                0x08002908                CpuInit
 .text.CpuStartUserProgram
                0x08002914       0x60 ./Source/ARMCM4_STM32F3/cpu.o
                0x08002914                CpuStartUserProgram
 .text.CpuMemCopy
                0x08002974       0x40 ./Source/ARMCM4_STM32F3/cpu.o
                0x08002974                CpuMemCopy
 .text.FlashInit
                0x080029b4       0x28 ./Source/ARMCM4_STM32F3/flash.o
                0x080029b4                FlashInit
 .text.FlashWrite
                0x080029dc       0x94 ./Source/ARMCM4_STM32F3/flash.o
                0x080029dc                FlashWrite
 .text.FlashErase
                0x08002a70       0xe4 ./Source/ARMCM4_STM32F3/flash.o
                0x08002a70                FlashErase
 .text.FlashWriteChecksum
                0x08002b54       0xa8 ./Source/ARMCM4_STM32F3/flash.o
                0x08002b54                FlashWriteChecksum
 .text.FlashVerifyChecksum
                0x08002bfc       0x88 ./Source/ARMCM4_STM32F3/flash.o
                0x08002bfc                FlashVerifyChecksum
 .text.FlashDone
                0x08002c84       0x48 ./Source/ARMCM4_STM32F3/flash.o
                0x08002c84                FlashDone
 .text.FlashGetUserProgBaseAddress
                0x08002ccc       0x14 ./Source/ARMCM4_STM32F3/flash.o
                0x08002ccc                FlashGetUserProgBaseAddress
 .text.FlashInitBlock
                0x08002ce0       0x46 ./Source/ARMCM4_STM32F3/flash.o
 *fill*         0x08002d26        0x2 
 .text.FlashSwitchBlock
                0x08002d28       0x64 ./Source/ARMCM4_STM32F3/flash.o
 .text.FlashAddToBlock
                0x08002d8c       0xc4 ./Source/ARMCM4_STM32F3/flash.o
 .text.FlashWriteBlock
                0x08002e50       0x7e ./Source/ARMCM4_STM32F3/flash.o
 .text.NvmInit  0x08002ece        0xc ./Source/ARMCM4_STM32F3/nvm.o
                0x08002ece                NvmInit
 .text.NvmWrite
                0x08002eda       0x20 ./Source/ARMCM4_STM32F3/nvm.o
                0x08002eda                NvmWrite
 .text.NvmErase
                0x08002efa       0x1c ./Source/ARMCM4_STM32F3/nvm.o
                0x08002efa                NvmErase
 .text.NvmVerifyChecksum
                0x08002f16        0xe ./Source/ARMCM4_STM32F3/nvm.o
                0x08002f16                NvmVerifyChecksum
 .text.NvmGetUserProgBaseAddress
                0x08002f24        0xe ./Source/ARMCM4_STM32F3/nvm.o
                0x08002f24                NvmGetUserProgBaseAddress
 .text.NvmDone  0x08002f32       0x1c ./Source/ARMCM4_STM32F3/nvm.o
                0x08002f32                NvmDone
 *fill*         0x08002f4e        0x2 
 .text.LL_APB1_GRP1_EnableClock
                0x08002f50       0x30 ./Source/ARMCM4_STM32F3/timer.o
 .text.LL_APB1_GRP1_DisableClock
                0x08002f80       0x28 ./Source/ARMCM4_STM32F3/timer.o
 .text.LL_APB1_GRP1_ForceReset
                0x08002fa8       0x24 ./Source/ARMCM4_STM32F3/timer.o
 .text.LL_APB1_GRP1_ReleaseReset
                0x08002fcc       0x28 ./Source/ARMCM4_STM32F3/timer.o
 .text.LL_RCC_GetAPB1Prescaler
                0x08002ff4       0x1c ./Source/ARMCM4_STM32F3/timer.o
 .text.TimerInit
                0x08003010       0xa4 ./Source/ARMCM4_STM32F3/timer.o
                0x08003010                TimerInit
 .text.TimerReset
                0x080030b4       0x40 ./Source/ARMCM4_STM32F3/timer.o
                0x080030b4                TimerReset
 .text.TimerUpdate
                0x080030f4       0x70 ./Source/ARMCM4_STM32F3/timer.o
                0x080030f4                TimerUpdate
 .text.TimerGet
                0x08003164       0x14 ./Source/ARMCM4_STM32F3/timer.o
                0x08003164                TimerGet
 .text.HAL_GetTick
                0x08003178        0xe ./Source/ARMCM4_STM32F3/timer.o
                0x08003178                HAL_GetTick
 .text.AssertFailure
                0x08003186       0x10 ./Source/asserts.o
                0x08003186                AssertFailure
 *fill*         0x08003196        0x2 
 .text.BackDoorInit
                0x08003198       0x1c ./Source/backdoor.o
                0x08003198                BackDoorInit
 .text.BackDoorCheck
                0x080031b4       0x4c ./Source/backdoor.o
                0x080031b4                BackDoorCheck
 .text.BackDoorRestartTimer
                0x08003200       0x24 ./Source/backdoor.o
                0x08003200                BackDoorRestartTimer
 .text.BootInit
                0x08003224       0x24 ./Source/boot.o
                0x08003224                BootInit
 .text.BootTask
                0x08003248       0x18 ./Source/boot.o
                0x08003248                BootTask
 .text.ComInit  0x08003260       0x1c ./Source/com.o
                0x08003260                ComInit
 .text.ComTask  0x0800327c       0x38 ./Source/com.o
                0x0800327c                ComTask
 .text.ComFree  0x080032b4        0xe ./Source/com.o
                0x080032b4                ComFree
 *fill*         0x080032c2        0x2 
 .text.ComTransmitPacket
                0x080032c4       0x30 ./Source/com.o
                0x080032c4                ComTransmitPacket
 .text.ComGetActiveInterfaceMaxRxLen
                0x080032f4       0x60 ./Source/com.o
                0x080032f4                ComGetActiveInterfaceMaxRxLen
 .text.ComGetActiveInterfaceMaxTxLen
                0x08003354       0x60 ./Source/com.o
                0x08003354                ComGetActiveInterfaceMaxTxLen
 .text.ComIsConnected
                0x080033b4       0x22 ./Source/com.o
                0x080033b4                ComIsConnected
 .text.CopInit  0x080033d6        0xc ./Source/cop.o
                0x080033d6                CopInit
 .text.CopService
                0x080033e2        0xc ./Source/cop.o
                0x080033e2                CopService
 *fill*         0x080033ee        0x2 
 .text.InfoTableInit
                0x080033f0       0x1c ./Source/infotable.o
                0x080033f0                InfoTableInit
 .text.InfoTableCheck
                0x0800340c       0x3c ./Source/infotable.o
                0x0800340c                InfoTableCheck
 .text.InfoTableGetPtr
                0x08003448       0x30 ./Source/infotable.o
                0x08003448                InfoTableGetPtr
 .text.InfoTableClear
                0x08003478       0x54 ./Source/infotable.o
                0x08003478                InfoTableClear
 .text.InfoTableCurrentSize
                0x080034cc       0x48 ./Source/infotable.o
                0x080034cc                InfoTableCurrentSize
 .text.InfoTableAddData
                0x08003514       0x68 ./Source/infotable.o
                0x08003514                InfoTableAddData
 .text.XcpInit  0x0800357c       0x38 ./Source/xcp.o
                0x0800357c                XcpInit
 .text.XcpIsConnected
                0x080035b4       0x20 ./Source/xcp.o
                0x080035b4                XcpIsConnected
 .text.XcpPacketTransmitted
                0x080035d4       0x18 ./Source/xcp.o
                0x080035d4                XcpPacketTransmitted
 .text.XcpPacketReceived
                0x080035ec      0x1cc ./Source/xcp.o
                0x080035ec                XcpPacketReceived
 .text.XcpTransmitPacket
                0x080037b8       0x1e ./Source/xcp.o
 .text.XcpComputeChecksum
                0x080037d6       0x40 ./Source/xcp.o
 *fill*         0x08003816        0x2 
 .text.XcpProtectResources
                0x08003818       0x18 ./Source/xcp.o
 .text.XcpSetCtoError
                0x08003830       0x2c ./Source/xcp.o
 .text.XcpGetOrderedLong
                0x0800385c       0x50 ./Source/xcp.o
 .text.XcpSetOrderedLong
                0x080038ac       0x42 ./Source/xcp.o
 *fill*         0x080038ee        0x2 
 .text.XcpCmdConnect
                0x080038f0       0x84 ./Source/xcp.o
 .text.XcpCmdDisconnect
                0x08003974       0x2c ./Source/xcp.o
 .text.XcpCmdGetStatus
                0x080039a0       0x44 ./Source/xcp.o
 .text.XcpCmdSynch
                0x080039e4       0x16 ./Source/xcp.o
 *fill*         0x080039fa        0x2 
 .text.XcpCmdGetId
                0x080039fc       0x4c ./Source/xcp.o
 .text.XcpCmdSetMta
                0x08003a48       0x30 ./Source/xcp.o
 .text.XcpCmdUpload
                0x08003a78       0x70 ./Source/xcp.o
 .text.XcpCmdShortUpload
                0x08003ae8       0x80 ./Source/xcp.o
 .text.XcpCmdBuildCheckSum
                0x08003b68       0x64 ./Source/xcp.o
 .text.XcpCmdProgramStart
                0x08003bcc       0x4c ./Source/xcp.o
 .text.XcpCmdProgramMax
                0x08003c18       0x58 ./Source/xcp.o
 .text.XcpCmdProgram
                0x08003c70       0x8c ./Source/xcp.o
 .text.XcpCmdProgramClear
                0x08003cfc       0x48 ./Source/xcp.o
 .text.XcpCmdProgramReset
                0x08003d44       0x24 ./Source/xcp.o
 .text.XcpCmdProgramPrepare
                0x08003d68       0x16 ./Source/xcp.o
 .text.XcpCmdUser
                0x08003d7e       0x2c ./Source/xcp.o
 .text.XcpCmdUserSubCmdInfoTable
                0x08003daa       0x4a ./Source/xcp.o
 .text.XcpCmdUserSubCmdInfoTableCidGetInfo
                0x08003df4       0x64 ./Source/xcp.o
 .text.XcpCmdUserSubCmdInfoTableCidDownload
                0x08003e58       0x60 ./Source/xcp.o
 .text.XcpCmdUserSubCmdInfoTableCidCheck
                0x08003eb8       0x5c ./Source/xcp.o
 .text.__libc_init_array
                0x08003f14       0x48 C:/ST/STM32CubeIDE_1.19.0/STM32CubeIDE/plugins/com.st.stm32cube.ide.mcu.externaltools.gnu-tools-for-stm32.13.3.rel1.win32_1.0.0.202411081344/tools/bin/../lib/gcc/arm-none-eabi/13.3.1/../../../../arm-none-eabi/lib/thumb/v7e-m+fp/hard\libc_nano.a(libc_a-init.o)
                0x08003f14                __libc_init_array
 *(.glue_7)
 .glue_7        0x08003f5c        0x0 linker stubs
 *(.glue_7t)
 .glue_7t       0x08003f5c        0x0 linker stubs
 *(.eh_frame)
 .eh_frame      0x08003f5c        0x0 C:/ST/STM32CubeIDE_1.19.0/STM32CubeIDE/plugins/com.st.stm32cube.ide.mcu.externaltools.gnu-tools-for-stm32.13.3.rel1.win32_1.0.0.202411081344/tools/bin/../lib/gcc/arm-none-eabi/13.3.1/thumb/v7e-m+fp/hard/crtbegin.o
 *(.init)
 .init          0x08003f5c        0x4 C:/ST/STM32CubeIDE_1.19.0/STM32CubeIDE/plugins/com.st.stm32cube.ide.mcu.externaltools.gnu-tools-for-stm32.13.3.rel1.win32_1.0.0.202411081344/tools/bin/../lib/gcc/arm-none-eabi/13.3.1/thumb/v7e-m+fp/hard/crti.o
                0x08003f5c                _init
 .init          0x08003f60        0x8 C:/ST/STM32CubeIDE_1.19.0/STM32CubeIDE/plugins/com.st.stm32cube.ide.mcu.externaltools.gnu-tools-for-stm32.13.3.rel1.win32_1.0.0.202411081344/tools/bin/../lib/gcc/arm-none-eabi/13.3.1/thumb/v7e-m+fp/hard/crtn.o
 *(.fini)
 .fini          0x08003f68        0x4 C:/ST/STM32CubeIDE_1.19.0/STM32CubeIDE/plugins/com.st.stm32cube.ide.mcu.externaltools.gnu-tools-for-stm32.13.3.rel1.win32_1.0.0.202411081344/tools/bin/../lib/gcc/arm-none-eabi/13.3.1/thumb/v7e-m+fp/hard/crti.o
                0x08003f68                _fini
 .fini          0x08003f6c        0x8 C:/ST/STM32CubeIDE_1.19.0/STM32CubeIDE/plugins/com.st.stm32cube.ide.mcu.externaltools.gnu-tools-for-stm32.13.3.rel1.win32_1.0.0.202411081344/tools/bin/../lib/gcc/arm-none-eabi/13.3.1/thumb/v7e-m+fp/hard/crtn.o
                0x08003f74                        . = ALIGN (0x4)
                0x08003f74                        _etext = .

.vfp11_veneer   0x08003f74        0x0
 .vfp11_veneer  0x08003f74        0x0 linker stubs

.v4_bx          0x08003f74        0x0
 .v4_bx         0x08003f74        0x0 linker stubs

.iplt           0x08003f74        0x0
 .iplt          0x08003f74        0x0 C:/ST/STM32CubeIDE_1.19.0/STM32CubeIDE/plugins/com.st.stm32cube.ide.mcu.externaltools.gnu-tools-for-stm32.13.3.rel1.win32_1.0.0.202411081344/tools/bin/../lib/gcc/arm-none-eabi/13.3.1/thumb/v7e-m+fp/hard/crtbegin.o

.rodata         0x08003f74       0xd4
                0x08003f74                        . = ALIGN (0x4)
 *(.rodata)
 .rodata        0x08003f74       0x4b ./Source/ARMCM4_STM32F3/can.o
 *fill*         0x08003fbf        0x1 
 .rodata        0x08003fc0       0x42 ./Source/infotable.o
 *(.rodata*)
 *fill*         0x08004002        0x2 
 .rodata.AHBPrescTable
                0x08004004       0x10 ./Core/Src/system_stm32f3xx.o
                0x08004004                AHBPrescTable
 .rodata.APBPrescTable
                0x08004014        0x8 ./Core/Src/system_stm32f3xx.o
                0x08004014                APBPrescTable
 .rodata.canTiming
                0x0800401c       0x24 ./Source/ARMCM4_STM32F3/can.o
 .rodata.xcpStationId
                0x08004040        0x8 ./Source/xcp.o
                0x08004048                        . = ALIGN (0x4)

.ARM.extab      0x08004048        0x0
                0x08004048                        . = ALIGN (0x4)
 *(.ARM.extab* .gnu.linkonce.armextab.*)
                0x08004048                        . = ALIGN (0x4)

.ARM            0x08004048        0x0
                0x08004048                        . = ALIGN (0x4)
                0x08004048                        __exidx_start = .
 *(.ARM.exidx*)
                0x08004048                        __exidx_end = .
                0x08004048                        . = ALIGN (0x4)

.preinit_array  0x08004048        0x0
                0x08004048                        . = ALIGN (0x4)
                0x08004048                        PROVIDE (__preinit_array_start = .)
 *(.preinit_array*)
                0x08004048                        PROVIDE (__preinit_array_end = .)
                0x08004048                        . = ALIGN (0x4)

.init_array     0x08004048        0x4
                0x08004048                        . = ALIGN (0x4)
                0x08004048                        PROVIDE (__init_array_start = .)
 *(SORT_BY_NAME(.init_array.*))
 *(.init_array*)
 .init_array    0x08004048        0x4 C:/ST/STM32CubeIDE_1.19.0/STM32CubeIDE/plugins/com.st.stm32cube.ide.mcu.externaltools.gnu-tools-for-stm32.13.3.rel1.win32_1.0.0.202411081344/tools/bin/../lib/gcc/arm-none-eabi/13.3.1/thumb/v7e-m+fp/hard/crtbegin.o
                0x0800404c                        PROVIDE (__init_array_end = .)
                0x0800404c                        . = ALIGN (0x4)

.fini_array     0x0800404c        0x4
                0x0800404c                        . = ALIGN (0x4)
                [!provide]                        PROVIDE (__fini_array_start = .)
 *(SORT_BY_NAME(.fini_array.*))
 *(.fini_array*)
 .fini_array    0x0800404c        0x4 C:/ST/STM32CubeIDE_1.19.0/STM32CubeIDE/plugins/com.st.stm32cube.ide.mcu.externaltools.gnu-tools-for-stm32.13.3.rel1.win32_1.0.0.202411081344/tools/bin/../lib/gcc/arm-none-eabi/13.3.1/thumb/v7e-m+fp/hard/crtbegin.o
                [!provide]                        PROVIDE (__fini_array_end = .)
                0x08004050                        . = ALIGN (0x4)
                0x08004050                        _sidata = LOADADDR (.data)

.rel.dyn        0x08004050        0x0
 .rel.iplt      0x08004050        0x0 C:/ST/STM32CubeIDE_1.19.0/STM32CubeIDE/plugins/com.st.stm32cube.ide.mcu.externaltools.gnu-tools-for-stm32.13.3.rel1.win32_1.0.0.202411081344/tools/bin/../lib/gcc/arm-none-eabi/13.3.1/thumb/v7e-m+fp/hard/crtbegin.o

.data           0x20000000        0xc load address 0x08004050
                0x20000000                        . = ALIGN (0x4)
                0x20000000                        _sdata = .
 *(.data)
 *(.data*)
 .data.SystemCoreClock
                0x20000000        0x4 ./Core/Src/system_stm32f3xx.o
                0x20000000                SystemCoreClock
 .data.uwTickPrio
                0x20000004        0x4 ./Drivers/STM32F3xx_HAL_Driver/Src/stm32f3xx_hal.o
                0x20000004                uwTickPrio
 .data.uwTickFreq
                0x20000008        0x1 ./Drivers/STM32F3xx_HAL_Driver/Src/stm32f3xx_hal.o
                0x20000008                uwTickFreq
 .data.comActiveInterface
                0x20000009        0x1 ./Source/com.o
 *(.RamFunc)
 *(.RamFunc*)
                0x2000000c                        . = ALIGN (0x4)
 *fill*         0x2000000a        0x2 
                0x2000000c                        _edata = .
                0x0800405c                        _siccmram = LOADADDR (.ccmram)

.igot.plt       0x2000000c        0x0 load address 0x0800405c
 .igot.plt      0x2000000c        0x0 C:/ST/STM32CubeIDE_1.19.0/STM32CubeIDE/plugins/com.st.stm32cube.ide.mcu.externaltools.gnu-tools-for-stm32.13.3.rel1.win32_1.0.0.202411081344/tools/bin/../lib/gcc/arm-none-eabi/13.3.1/thumb/v7e-m+fp/hard/crtbegin.o

.ccmram         0x10000000        0x0 load address 0x0800405c
                0x10000000                        . = ALIGN (0x4)
                0x10000000                        _sccmram = .
 *(.ccmram)
 *(.ccmram*)
                0x10000000                        . = ALIGN (0x4)
                0x10000000                        _eccmram = .
                0x10000000                        . = ALIGN (0x4)

.bss            0x20000010      0x4bc
                0x20000010                        _sbss = .
                0x20000010                        __bss_start__ = _sbss
 *(.bss)
 .bss           0x20000010       0x1c C:/ST/STM32CubeIDE_1.19.0/STM32CubeIDE/plugins/com.st.stm32cube.ide.mcu.externaltools.gnu-tools-for-stm32.13.3.rel1.win32_1.0.0.202411081344/tools/bin/../lib/gcc/arm-none-eabi/13.3.1/thumb/v7e-m+fp/hard/crtbegin.o
 *(.bss*)
 .bss.ledBlinkIntervalMs
                0x2000002c        0x2 ./App/led.o
 *fill*         0x2000002e        0x2 
 .bss.nextBlinkEvent.1
                0x20000030        0x4 ./App/led.o
 .bss.ledOn.0   0x20000034        0x1 ./App/led.o
 *fill*         0x20000035        0x3 
 .bss.uwTick    0x20000038        0x4 ./Drivers/STM32F3xx_HAL_Driver/Src/stm32f3xx_hal.o
                0x20000038                uwTick
 *fill*         0x2000003c        0x4 
 .bss.pFlash    0x20000040       0x20 ./Drivers/STM32F3xx_HAL_Driver/Src/stm32f3xx_hal_flash.o
                0x20000040                pFlash
 .bss.canHandle
                0x20000060       0x28 ./Source/ARMCM4_STM32F3/can.o
 .bss.blockInfo
                0x20000088      0x204 ./Source/ARMCM4_STM32F3/flash.o
 .bss.bootBlockInfo
                0x2000028c      0x204 ./Source/ARMCM4_STM32F3/flash.o
 .bss.millisecond_counter
                0x20000490        0x4 ./Source/ARMCM4_STM32F3/timer.o
 .bss.free_running_counter_last
                0x20000494        0x2 ./Source/ARMCM4_STM32F3/timer.o
 .bss.backdoorOpen
                0x20000496        0x1 ./Source/backdoor.o
 *fill*         0x20000497        0x1 
 .bss.backdoorOpenTime
                0x20000498        0x4 ./Source/backdoor.o
 .bss.backdoorExtensionTime
                0x2000049c        0x4 ./Source/backdoor.o
 .bss.xcpCtoReqPacket.0
                0x200004a0        0x8 ./Source/com.o
 .bss.infoTableBuffer
                0x200004a8        0xc ./Source/infotable.o
 .bss.infoTableWritePtr
                0x200004b4        0x4 ./Source/infotable.o
 .bss.xcpInfo   0x200004b8       0x14 ./Source/xcp.o
 *(COMMON)
                0x200004cc                        . = ALIGN (0x4)
                0x200004cc                        _ebss = .
                0x200004cc                        __bss_end__ = _ebss

._user_heap_stack
                0x200004cc      0x604
                0x200004d0                        . = ALIGN (0x8)
 *fill*         0x200004cc        0x4 
                [!provide]                        PROVIDE (end = .)
                0x200004d0                        PROVIDE (_end = .)
                0x200006d0                        . = (. + _Min_Heap_Size)
 *fill*         0x200004d0      0x200 
                0x20000ad0                        . = (. + _Min_Stack_Size)
 *fill*         0x200006d0      0x400 
                0x20000ad0                        . = ALIGN (0x8)

/DISCARD/
 libc.a(*)
 libm.a(*)
 libgcc.a(*)

.ARM.attributes
                0x00000000       0x30
 *(.ARM.attributes)
 .ARM.attributes
                0x00000000       0x22 C:/ST/STM32CubeIDE_1.19.0/STM32CubeIDE/plugins/com.st.stm32cube.ide.mcu.externaltools.gnu-tools-for-stm32.13.3.rel1.win32_1.0.0.202411081344/tools/bin/../lib/gcc/arm-none-eabi/13.3.1/thumb/v7e-m+fp/hard/crti.o
 .ARM.attributes
                0x00000022       0x34 C:/ST/STM32CubeIDE_1.19.0/STM32CubeIDE/plugins/com.st.stm32cube.ide.mcu.externaltools.gnu-tools-for-stm32.13.3.rel1.win32_1.0.0.202411081344/tools/bin/../lib/gcc/arm-none-eabi/13.3.1/thumb/v7e-m+fp/hard/crtbegin.o
 .ARM.attributes
                0x00000056       0x34 ./App/app.o
 .ARM.attributes
                0x0000008a       0x34 ./App/hooks.o
 .ARM.attributes
                0x000000be       0x34 ./App/led.o
 .ARM.attributes
                0x000000f2       0x34 ./Core/Src/main.o
 .ARM.attributes
                0x00000126       0x34 ./Core/Src/stm32f3xx_hal_msp.o
 .ARM.attributes
                0x0000015a       0x34 ./Core/Src/stm32f3xx_it.o
 .ARM.attributes
                0x0000018e       0x34 ./Core/Src/system_stm32f3xx.o
 .ARM.attributes
                0x000001c2       0x21 ./Core/Startup/startup_stm32f303retx.o
 .ARM.attributes
                0x000001e3       0x34 ./Drivers/STM32F3xx_HAL_Driver/Src/stm32f3xx_hal.o
 .ARM.attributes
                0x00000217       0x34 ./Drivers/STM32F3xx_HAL_Driver/Src/stm32f3xx_hal_can.o
 .ARM.attributes
                0x0000024b       0x34 ./Drivers/STM32F3xx_HAL_Driver/Src/stm32f3xx_hal_cortex.o
 .ARM.attributes
                0x0000027f       0x34 ./Drivers/STM32F3xx_HAL_Driver/Src/stm32f3xx_hal_flash.o
 .ARM.attributes
                0x000002b3       0x34 ./Drivers/STM32F3xx_HAL_Driver/Src/stm32f3xx_hal_flash_ex.o
 .ARM.attributes
                0x000002e7       0x34 ./Drivers/STM32F3xx_HAL_Driver/Src/stm32f3xx_hal_gpio.o
 .ARM.attributes
                0x0000031b       0x34 ./Drivers/STM32F3xx_HAL_Driver/Src/stm32f3xx_ll_exti.o
 .ARM.attributes
                0x0000034f       0x34 ./Drivers/STM32F3xx_HAL_Driver/Src/stm32f3xx_ll_gpio.o
 .ARM.attributes
                0x00000383       0x34 ./Drivers/STM32F3xx_HAL_Driver/Src/stm32f3xx_ll_rcc.o
 .ARM.attributes
                0x000003b7       0x34 ./Drivers/STM32F3xx_HAL_Driver/Src/stm32f3xx_ll_utils.o
 .ARM.attributes
                0x000003eb       0x34 ./Source/ARMCM4_STM32F3/GCC/cpu_comp.o
 .ARM.attributes
                0x0000041f       0x34 ./Source/ARMCM4_STM32F3/can.o
 .ARM.attributes
                0x00000453       0x34 ./Source/ARMCM4_STM32F3/cpu.o
 .ARM.attributes
                0x00000487       0x34 ./Source/ARMCM4_STM32F3/flash.o
 .ARM.attributes
                0x000004bb       0x34 ./Source/ARMCM4_STM32F3/nvm.o
 .ARM.attributes
                0x000004ef       0x34 ./Source/ARMCM4_STM32F3/timer.o
 .ARM.attributes
                0x00000523       0x34 ./Source/asserts.o
 .ARM.attributes
                0x00000557       0x34 ./Source/backdoor.o
 .ARM.attributes
                0x0000058b       0x34 ./Source/boot.o
 .ARM.attributes
                0x000005bf       0x34 ./Source/com.o
 .ARM.attributes
                0x000005f3       0x34 ./Source/cop.o
 .ARM.attributes
                0x00000627       0x34 ./Source/infotable.o
 .ARM.attributes
                0x0000065b       0x34 ./Source/xcp.o
 .ARM.attributes
                0x0000068f       0x34 C:/ST/STM32CubeIDE_1.19.0/STM32CubeIDE/plugins/com.st.stm32cube.ide.mcu.externaltools.gnu-tools-for-stm32.13.3.rel1.win32_1.0.0.202411081344/tools/bin/../lib/gcc/arm-none-eabi/13.3.1/../../../../arm-none-eabi/lib/thumb/v7e-m+fp/hard\libc_nano.a(libc_a-init.o)
 .ARM.attributes
                0x000006c3       0x22 C:/ST/STM32CubeIDE_1.19.0/STM32CubeIDE/plugins/com.st.stm32cube.ide.mcu.externaltools.gnu-tools-for-stm32.13.3.rel1.win32_1.0.0.202411081344/tools/bin/../lib/gcc/arm-none-eabi/13.3.1/thumb/v7e-m+fp/hard/crtn.o
OUTPUT(Fabrica_STM32F3RE_Boot.elf elf32-littlearm)
LOAD linker stubs
LOAD C:/ST/STM32CubeIDE_1.19.0/STM32CubeIDE/plugins/com.st.stm32cube.ide.mcu.externaltools.gnu-tools-for-stm32.13.3.rel1.win32_1.0.0.202411081344/tools/bin/../lib/gcc/arm-none-eabi/13.3.1/../../../../arm-none-eabi/lib/thumb/v7e-m+fp/hard\libc.a
LOAD C:/ST/STM32CubeIDE_1.19.0/STM32CubeIDE/plugins/com.st.stm32cube.ide.mcu.externaltools.gnu-tools-for-stm32.13.3.rel1.win32_1.0.0.202411081344/tools/bin/../lib/gcc/arm-none-eabi/13.3.1/../../../../arm-none-eabi/lib/thumb/v7e-m+fp/hard\libm.a
LOAD C:/ST/STM32CubeIDE_1.19.0/STM32CubeIDE/plugins/com.st.stm32cube.ide.mcu.externaltools.gnu-tools-for-stm32.13.3.rel1.win32_1.0.0.202411081344/tools/bin/../lib/gcc/arm-none-eabi/13.3.1/thumb/v7e-m+fp/hard\libgcc.a

.debug_info     0x00000000     0xa3d8
 .debug_info    0x00000000       0x8f ./App/app.o
 .debug_info    0x0000008f      0x2be ./App/hooks.o
 .debug_info    0x0000034d      0x261 ./App/led.o
 .debug_info    0x000005ae     0x10c6 ./Core/Src/main.o
 .debug_info    0x00001674      0x785 ./Core/Src/stm32f3xx_hal_msp.o
 .debug_info    0x00001df9      0x157 ./Core/Src/stm32f3xx_it.o
 .debug_info    0x00001f50      0x407 ./Core/Src/system_stm32f3xx.o
 .debug_info    0x00002357       0x30 ./Core/Startup/startup_stm32f303retx.o
 .debug_info    0x00002387      0x804 ./Drivers/STM32F3xx_HAL_Driver/Src/stm32f3xx_hal.o
 .debug_info    0x00002b8b      0xf07 ./Drivers/STM32F3xx_HAL_Driver/Src/stm32f3xx_hal_can.o
 .debug_info    0x00003a92      0xd14 ./Drivers/STM32F3xx_HAL_Driver/Src/stm32f3xx_hal_cortex.o
 .debug_info    0x000047a6      0x4f5 ./Drivers/STM32F3xx_HAL_Driver/Src/stm32f3xx_hal_flash.o
 .debug_info    0x00004c9b      0x7cb ./Drivers/STM32F3xx_HAL_Driver/Src/stm32f3xx_hal_flash_ex.o
 .debug_info    0x00005466      0x6a6 ./Drivers/STM32F3xx_HAL_Driver/Src/stm32f3xx_hal_gpio.o
 .debug_info    0x00005b0c      0x4df ./Drivers/STM32F3xx_HAL_Driver/Src/stm32f3xx_ll_exti.o
 .debug_info    0x00005feb      0x6ee ./Drivers/STM32F3xx_HAL_Driver/Src/stm32f3xx_ll_gpio.o
 .debug_info    0x000066d9      0x7e1 ./Drivers/STM32F3xx_HAL_Driver/Src/stm32f3xx_ll_rcc.o
 .debug_info    0x00006eba      0x81a ./Drivers/STM32F3xx_HAL_Driver/Src/stm32f3xx_ll_utils.o
 .debug_info    0x000076d4       0x83 ./Source/ARMCM4_STM32F3/GCC/cpu_comp.o
 .debug_info    0x00007757      0x9fa ./Source/ARMCM4_STM32F3/can.o
 .debug_info    0x00008151      0x3f3 ./Source/ARMCM4_STM32F3/cpu.o
 .debug_info    0x00008544      0x58a ./Source/ARMCM4_STM32F3/flash.o
 .debug_info    0x00008ace      0x1bc ./Source/ARMCM4_STM32F3/nvm.o
 .debug_info    0x00008c8a      0x6d7 ./Source/ARMCM4_STM32F3/timer.o
 .debug_info    0x00009361       0xb6 ./Source/asserts.o
 .debug_info    0x00009417      0x134 ./Source/backdoor.o
 .debug_info    0x0000954b       0xdb ./Source/boot.o
 .debug_info    0x00009626      0x264 ./Source/com.o
 .debug_info    0x0000988a       0x8f ./Source/cop.o
 .debug_info    0x00009919      0x2b7 ./Source/infotable.o
 .debug_info    0x00009bd0      0x808 ./Source/xcp.o

.debug_abbrev   0x00000000     0x321e
 .debug_abbrev  0x00000000       0x5c ./App/app.o
 .debug_abbrev  0x0000005c      0x17a ./App/hooks.o
 .debug_abbrev  0x000001d6      0x16a ./App/led.o
 .debug_abbrev  0x00000340      0x363 ./Core/Src/main.o
 .debug_abbrev  0x000006a3      0x1b7 ./Core/Src/stm32f3xx_hal_msp.o
 .debug_abbrev  0x0000085a       0xac ./Core/Src/stm32f3xx_it.o
 .debug_abbrev  0x00000906      0x11a ./Core/Src/system_stm32f3xx.o
 .debug_abbrev  0x00000a20       0x24 ./Core/Startup/startup_stm32f303retx.o
 .debug_abbrev  0x00000a44      0x215 ./Drivers/STM32F3xx_HAL_Driver/Src/stm32f3xx_hal.o
 .debug_abbrev  0x00000c59      0x231 ./Drivers/STM32F3xx_HAL_Driver/Src/stm32f3xx_hal_can.o
 .debug_abbrev  0x00000e8a      0x31e ./Drivers/STM32F3xx_HAL_Driver/Src/stm32f3xx_hal_cortex.o
 .debug_abbrev  0x000011a8      0x258 ./Drivers/STM32F3xx_HAL_Driver/Src/stm32f3xx_hal_flash.o
 .debug_abbrev  0x00001400      0x2af ./Drivers/STM32F3xx_HAL_Driver/Src/stm32f3xx_hal_flash_ex.o
 .debug_abbrev  0x000016af      0x1ca ./Drivers/STM32F3xx_HAL_Driver/Src/stm32f3xx_hal_gpio.o
 .debug_abbrev  0x00001879      0x188 ./Drivers/STM32F3xx_HAL_Driver/Src/stm32f3xx_ll_exti.o
 .debug_abbrev  0x00001a01      0x21e ./Drivers/STM32F3xx_HAL_Driver/Src/stm32f3xx_ll_gpio.o
 .debug_abbrev  0x00001c1f      0x246 ./Drivers/STM32F3xx_HAL_Driver/Src/stm32f3xx_ll_rcc.o
 .debug_abbrev  0x00001e65      0x2b9 ./Drivers/STM32F3xx_HAL_Driver/Src/stm32f3xx_ll_utils.o
 .debug_abbrev  0x0000211e       0x47 ./Source/ARMCM4_STM32F3/GCC/cpu_comp.o
 .debug_abbrev  0x00002165      0x26f ./Source/ARMCM4_STM32F3/can.o
 .debug_abbrev  0x000023d4      0x187 ./Source/ARMCM4_STM32F3/cpu.o
 .debug_abbrev  0x0000255b      0x251 ./Source/ARMCM4_STM32F3/flash.o
 .debug_abbrev  0x000027ac      0x10a ./Source/ARMCM4_STM32F3/nvm.o
 .debug_abbrev  0x000028b6      0x19c ./Source/ARMCM4_STM32F3/timer.o
 .debug_abbrev  0x00002a52       0x87 ./Source/asserts.o
 .debug_abbrev  0x00002ad9       0xda ./Source/backdoor.o
 .debug_abbrev  0x00002bb3       0x5a ./Source/boot.o
 .debug_abbrev  0x00002c0d      0x1e3 ./Source/com.o
 .debug_abbrev  0x00002df0       0x5c ./Source/cop.o
 .debug_abbrev  0x00002e4c      0x17a ./Source/infotable.o
 .debug_abbrev  0x00002fc6      0x258 ./Source/xcp.o

.debug_aranges  0x00000000      0xe88
 .debug_aranges
                0x00000000       0x28 ./App/app.o
 .debug_aranges
                0x00000028       0x40 ./App/hooks.o
 .debug_aranges
                0x00000068       0x40 ./App/led.o
 .debug_aranges
                0x000000a8      0x100 ./Core/Src/main.o
 .debug_aranges
                0x000001a8       0x30 ./Core/Src/stm32f3xx_hal_msp.o
 .debug_aranges
                0x000001d8       0x60 ./Core/Src/stm32f3xx_it.o
 .debug_aranges
                0x00000238       0x28 ./Core/Src/system_stm32f3xx.o
 .debug_aranges
                0x00000260       0x28 ./Core/Startup/startup_stm32f303retx.o
 .debug_aranges
                0x00000288       0xe0 ./Drivers/STM32F3xx_HAL_Driver/Src/stm32f3xx_hal.o
 .debug_aranges
                0x00000368      0x138 ./Drivers/STM32F3xx_HAL_Driver/Src/stm32f3xx_hal_can.o
 .debug_aranges
                0x000004a0      0x128 ./Drivers/STM32F3xx_HAL_Driver/Src/stm32f3xx_hal_cortex.o
 .debug_aranges
                0x000005c8       0x88 ./Drivers/STM32F3xx_HAL_Driver/Src/stm32f3xx_hal_flash.o
 .debug_aranges
                0x00000650       0x98 ./Drivers/STM32F3xx_HAL_Driver/Src/stm32f3xx_hal_flash_ex.o
 .debug_aranges
                0x000006e8       0x58 ./Drivers/STM32F3xx_HAL_Driver/Src/stm32f3xx_hal_gpio.o
 .debug_aranges
                0x00000740       0xb0 ./Drivers/STM32F3xx_HAL_Driver/Src/stm32f3xx_ll_exti.o
 .debug_aranges
                0x000007f0       0x70 ./Drivers/STM32F3xx_HAL_Driver/Src/stm32f3xx_ll_gpio.o
 .debug_aranges
                0x00000860      0x130 ./Drivers/STM32F3xx_HAL_Driver/Src/stm32f3xx_ll_rcc.o
 .debug_aranges
                0x00000990       0xf0 ./Drivers/STM32F3xx_HAL_Driver/Src/stm32f3xx_ll_utils.o
 .debug_aranges
                0x00000a80       0x28 ./Source/ARMCM4_STM32F3/GCC/cpu_comp.o
 .debug_aranges
                0x00000aa8       0x38 ./Source/ARMCM4_STM32F3/can.o
 .debug_aranges
                0x00000ae0       0x38 ./Source/ARMCM4_STM32F3/cpu.o
 .debug_aranges
                0x00000b18       0x70 ./Source/ARMCM4_STM32F3/flash.o
 .debug_aranges
                0x00000b88       0x48 ./Source/ARMCM4_STM32F3/nvm.o
 .debug_aranges
                0x00000bd0       0x68 ./Source/ARMCM4_STM32F3/timer.o
 .debug_aranges
                0x00000c38       0x20 ./Source/asserts.o
 .debug_aranges
                0x00000c58       0x40 ./Source/backdoor.o
 .debug_aranges
                0x00000c98       0x28 ./Source/boot.o
 .debug_aranges
                0x00000cc0       0x50 ./Source/com.o
 .debug_aranges
                0x00000d10       0x28 ./Source/cop.o
 .debug_aranges
                0x00000d38       0x48 ./Source/infotable.o
 .debug_aranges
                0x00000d80      0x108 ./Source/xcp.o

.debug_rnglists
                0x00000000      0xa81
 .debug_rnglists
                0x00000000       0x19 ./App/app.o
 .debug_rnglists
                0x00000019       0x2b ./App/hooks.o
 .debug_rnglists
                0x00000044       0x2b ./App/led.o
 .debug_rnglists
                0x0000006f       0xbe ./Core/Src/main.o
 .debug_rnglists
                0x0000012d       0x20 ./Core/Src/stm32f3xx_hal_msp.o
 .debug_rnglists
                0x0000014d       0x43 ./Core/Src/stm32f3xx_it.o
 .debug_rnglists
                0x00000190       0x1a ./Core/Src/system_stm32f3xx.o
 .debug_rnglists
                0x000001aa       0x19 ./Core/Startup/startup_stm32f303retx.o
 .debug_rnglists
                0x000001c3       0xa3 ./Drivers/STM32F3xx_HAL_Driver/Src/stm32f3xx_hal.o
 .debug_rnglists
                0x00000266       0xee ./Drivers/STM32F3xx_HAL_Driver/Src/stm32f3xx_hal_can.o
 .debug_rnglists
                0x00000354       0xda ./Drivers/STM32F3xx_HAL_Driver/Src/stm32f3xx_hal_cortex.o
 .debug_rnglists
                0x0000042e       0x65 ./Drivers/STM32F3xx_HAL_Driver/Src/stm32f3xx_hal_flash.o
 .debug_rnglists
                0x00000493       0x74 ./Drivers/STM32F3xx_HAL_Driver/Src/stm32f3xx_hal_flash_ex.o
 .debug_rnglists
                0x00000507       0x3f ./Drivers/STM32F3xx_HAL_Driver/Src/stm32f3xx_hal_gpio.o
 .debug_rnglists
                0x00000546       0x80 ./Drivers/STM32F3xx_HAL_Driver/Src/stm32f3xx_ll_exti.o
 .debug_rnglists
                0x000005c6       0x51 ./Drivers/STM32F3xx_HAL_Driver/Src/stm32f3xx_ll_gpio.o
 .debug_rnglists
                0x00000617       0xe6 ./Drivers/STM32F3xx_HAL_Driver/Src/stm32f3xx_ll_rcc.o
 .debug_rnglists
                0x000006fd       0xb1 ./Drivers/STM32F3xx_HAL_Driver/Src/stm32f3xx_ll_utils.o
 .debug_rnglists
                0x000007ae       0x19 ./Source/ARMCM4_STM32F3/GCC/cpu_comp.o
 .debug_rnglists
                0x000007c7       0x29 ./Source/ARMCM4_STM32F3/can.o
 .debug_rnglists
                0x000007f0       0x25 ./Source/ARMCM4_STM32F3/cpu.o
 .debug_rnglists
                0x00000815       0x54 ./Source/ARMCM4_STM32F3/flash.o
 .debug_rnglists
                0x00000869       0x31 ./Source/ARMCM4_STM32F3/nvm.o
 .debug_rnglists
                0x0000089a       0x4a ./Source/ARMCM4_STM32F3/timer.o
 .debug_rnglists
                0x000008e4       0x13 ./Source/asserts.o
 .debug_rnglists
                0x000008f7       0x2b ./Source/backdoor.o
 .debug_rnglists
                0x00000922       0x19 ./Source/boot.o
 .debug_rnglists
                0x0000093b       0x37 ./Source/com.o
 .debug_rnglists
                0x00000972       0x19 ./Source/cop.o
 .debug_rnglists
                0x0000098b       0x31 ./Source/infotable.o
 .debug_rnglists
                0x000009bc       0xc5 ./Source/xcp.o

.debug_macro    0x00000000    0x22a6b
 .debug_macro   0x00000000       0x9b ./App/app.o
 .debug_macro   0x0000009b      0xade ./App/app.o
 .debug_macro   0x00000b79       0x1c ./App/app.o
 .debug_macro   0x00000b95       0x1c ./App/app.o
 .debug_macro   0x00000bb1       0x22 ./App/app.o
 .debug_macro   0x00000bd3       0xc1 ./App/app.o
 .debug_macro   0x00000c94       0x92 ./App/app.o
 .debug_macro   0x00000d26       0x1c ./App/app.o
 .debug_macro   0x00000d42      0x1cd ./App/app.o
 .debug_macro   0x00000f0f       0x28 ./App/app.o
 .debug_macro   0x00000f37      0x256 ./App/hooks.o
 .debug_macro   0x0000118d       0x2e ./App/hooks.o
 .debug_macro   0x000011bb       0x28 ./App/hooks.o
 .debug_macro   0x000011e3       0x22 ./App/hooks.o
 .debug_macro   0x00001205       0x8e ./App/hooks.o
 .debug_macro   0x00001293       0x51 ./App/hooks.o
 .debug_macro   0x000012e4      0x103 ./App/hooks.o
 .debug_macro   0x000013e7       0x6a ./App/hooks.o
 .debug_macro   0x00001451      0x1df ./App/hooks.o
 .debug_macro   0x00001630       0x1c ./App/hooks.o
 .debug_macro   0x0000164c       0x22 ./App/hooks.o
 .debug_macro   0x0000166e       0xd9 ./App/hooks.o
 .debug_macro   0x00001747     0x102d ./App/hooks.o
 .debug_macro   0x00002774      0x11f ./App/hooks.o
 .debug_macro   0x00002893    0x1535a ./App/hooks.o
 .debug_macro   0x00017bed       0x6d ./App/hooks.o
 .debug_macro   0x00017c5a      0x158 ./App/hooks.o
 .debug_macro   0x00017db2     0x3574 ./App/hooks.o
 .debug_macro   0x0001b326      0x190 ./App/hooks.o
 .debug_macro   0x0001b4b6       0x55 ./App/hooks.o
 .debug_macro   0x0001b50b      0x953 ./App/hooks.o
 .debug_macro   0x0001be5e      0x84a ./App/hooks.o
 .debug_macro   0x0001c6a8      0x1b5 ./App/hooks.o
 .debug_macro   0x0001c85d      0x23a ./App/hooks.o
 .debug_macro   0x0001ca97      0x1ea ./App/hooks.o
 .debug_macro   0x0001cc81      0x1bc ./App/hooks.o
 .debug_macro   0x0001ce3d       0x30 ./App/hooks.o
 .debug_macro   0x0001ce6d       0x3c ./App/hooks.o
 .debug_macro   0x0001cea9      0x235 ./App/hooks.o
 .debug_macro   0x0001d0de      0x408 ./App/hooks.o
 .debug_macro   0x0001d4e6       0xc5 ./App/hooks.o
 .debug_macro   0x0001d5ab      0x21d ./App/hooks.o
 .debug_macro   0x0001d7c8      0x22c ./App/hooks.o
 .debug_macro   0x0001d9f4       0x5b ./App/hooks.o
 .debug_macro   0x0001da4f       0xa5 ./App/hooks.o
 .debug_macro   0x0001daf4       0x81 ./App/hooks.o
 .debug_macro   0x0001db75       0xd3 ./App/hooks.o
 .debug_macro   0x0001dc48      0x347 ./App/hooks.o
 .debug_macro   0x0001df8f      0x142 ./App/hooks.o
 .debug_macro   0x0001e0d1      0x256 ./App/led.o
 .debug_macro   0x0001e327      0x22c ./Core/Src/main.o
 .debug_macro   0x0001e553      0x627 ./Core/Src/main.o
 .debug_macro   0x0001eb7a      0x149 ./Core/Src/main.o
 .debug_macro   0x0001ecc3      0x39f ./Core/Src/main.o
 .debug_macro   0x0001f062      0x148 ./Core/Src/main.o
 .debug_macro   0x0001f1aa      0x1a7 ./Core/Src/main.o
 .debug_macro   0x0001f351       0x30 ./Core/Src/main.o
 .debug_macro   0x0001f381       0xae ./Core/Src/main.o
 .debug_macro   0x0001f42f      0x287 ./Core/Src/main.o
 .debug_macro   0x0001f6b6      0x2f7 ./Core/Src/main.o
 .debug_macro   0x0001f9ad       0x58 ./Core/Src/main.o
 .debug_macro   0x0001fa05      0x222 ./Core/Src/stm32f3xx_hal_msp.o
 .debug_macro   0x0001fc27      0x22c ./Core/Src/stm32f3xx_it.o
 .debug_macro   0x0001fe53      0x1b9 ./Core/Src/system_stm32f3xx.o
 .debug_macro   0x0002000c      0x1dd ./Drivers/STM32F3xx_HAL_Driver/Src/stm32f3xx_hal.o
 .debug_macro   0x000201e9      0x1c8 ./Drivers/STM32F3xx_HAL_Driver/Src/stm32f3xx_hal_can.o
 .debug_macro   0x000203b1      0x1b9 ./Drivers/STM32F3xx_HAL_Driver/Src/stm32f3xx_hal_cortex.o
 .debug_macro   0x0002056a      0x1b9 ./Drivers/STM32F3xx_HAL_Driver/Src/stm32f3xx_hal_flash.o
 .debug_macro   0x00020723      0x1cb ./Drivers/STM32F3xx_HAL_Driver/Src/stm32f3xx_hal_flash_ex.o
 .debug_macro   0x000208ee      0x1c0 ./Drivers/STM32F3xx_HAL_Driver/Src/stm32f3xx_hal_gpio.o
 .debug_macro   0x00020aae      0x1e6 ./Drivers/STM32F3xx_HAL_Driver/Src/stm32f3xx_ll_exti.o
 .debug_macro   0x00020c94      0x142 ./Drivers/STM32F3xx_HAL_Driver/Src/stm32f3xx_ll_exti.o
 .debug_macro   0x00020dd6      0x1fb ./Drivers/STM32F3xx_HAL_Driver/Src/stm32f3xx_ll_gpio.o
 .debug_macro   0x00020fd1      0x13c ./Drivers/STM32F3xx_HAL_Driver/Src/stm32f3xx_ll_gpio.o
 .debug_macro   0x0002110d      0x1f9 ./Drivers/STM32F3xx_HAL_Driver/Src/stm32f3xx_ll_rcc.o
 .debug_macro   0x00021306      0x621 ./Drivers/STM32F3xx_HAL_Driver/Src/stm32f3xx_ll_rcc.o
 .debug_macro   0x00021927      0x237 ./Drivers/STM32F3xx_HAL_Driver/Src/stm32f3xx_ll_utils.o
 .debug_macro   0x00021b5e       0x9b ./Source/ARMCM4_STM32F3/GCC/cpu_comp.o
 .debug_macro   0x00021bf9      0x258 ./Source/ARMCM4_STM32F3/can.o
 .debug_macro   0x00021e51      0x24f ./Source/ARMCM4_STM32F3/cpu.o
 .debug_macro   0x000220a0      0x278 ./Source/ARMCM4_STM32F3/flash.o
 .debug_macro   0x00022318       0xa5 ./Source/ARMCM4_STM32F3/nvm.o
 .debug_macro   0x000223bd      0x261 ./Source/ARMCM4_STM32F3/timer.o
 .debug_macro   0x0002261e       0x9b ./Source/asserts.o
 .debug_macro   0x000226b9       0xa1 ./Source/backdoor.o
 .debug_macro   0x0002275a       0x9b ./Source/boot.o
 .debug_macro   0x000227f5       0xa5 ./Source/com.o
 .debug_macro   0x0002289a       0x9b ./Source/cop.o
 .debug_macro   0x00022935       0x9b ./Source/infotable.o
 .debug_macro   0x000229d0       0x9b ./Source/xcp.o

.debug_line     0x00000000     0xf6e2
 .debug_line    0x00000000      0x1c6 ./App/app.o
 .debug_line    0x000001c6      0x926 ./App/hooks.o
 .debug_line    0x00000aec      0x925 ./App/led.o
 .debug_line    0x00001411      0xd30 ./Core/Src/main.o
 .debug_line    0x00002141      0x86a ./Core/Src/stm32f3xx_hal_msp.o
 .debug_line    0x000029ab      0x8bb ./Core/Src/stm32f3xx_it.o
 .debug_line    0x00003266      0x7a3 ./Core/Src/system_stm32f3xx.o
 .debug_line    0x00003a09       0x7a ./Core/Startup/startup_stm32f303retx.o
 .debug_line    0x00003a83      0x9da ./Drivers/STM32F3xx_HAL_Driver/Src/stm32f3xx_hal.o
 .debug_line    0x0000445d     0x11cb ./Drivers/STM32F3xx_HAL_Driver/Src/stm32f3xx_hal_can.o
 .debug_line    0x00005628      0xca5 ./Drivers/STM32F3xx_HAL_Driver/Src/stm32f3xx_hal_cortex.o
 .debug_line    0x000062cd      0xa55 ./Drivers/STM32F3xx_HAL_Driver/Src/stm32f3xx_hal_flash.o
 .debug_line    0x00006d22      0xc0f ./Drivers/STM32F3xx_HAL_Driver/Src/stm32f3xx_hal_flash_ex.o
 .debug_line    0x00007931      0xb4d ./Drivers/STM32F3xx_HAL_Driver/Src/stm32f3xx_hal_gpio.o
 .debug_line    0x0000847e      0x9b2 ./Drivers/STM32F3xx_HAL_Driver/Src/stm32f3xx_ll_exti.o
 .debug_line    0x00008e30      0xa7c ./Drivers/STM32F3xx_HAL_Driver/Src/stm32f3xx_ll_gpio.o
 .debug_line    0x000098ac      0xf75 ./Drivers/STM32F3xx_HAL_Driver/Src/stm32f3xx_ll_rcc.o
 .debug_line    0x0000a821      0xbe4 ./Drivers/STM32F3xx_HAL_Driver/Src/stm32f3xx_ll_utils.o
 .debug_line    0x0000b405      0x20d ./Source/ARMCM4_STM32F3/GCC/cpu_comp.o
 .debug_line    0x0000b612      0xa61 ./Source/ARMCM4_STM32F3/can.o
 .debug_line    0x0000c073      0x937 ./Source/ARMCM4_STM32F3/cpu.o
 .debug_line    0x0000c9aa      0xc14 ./Source/ARMCM4_STM32F3/flash.o
 .debug_line    0x0000d5be      0x240 ./Source/ARMCM4_STM32F3/nvm.o
 .debug_line    0x0000d7fe      0xa15 ./Source/ARMCM4_STM32F3/timer.o
 .debug_line    0x0000e213      0x1ad ./Source/asserts.o
 .debug_line    0x0000e3c0      0x250 ./Source/backdoor.o
 .debug_line    0x0000e610      0x1ca ./Source/boot.o
 .debug_line    0x0000e7da      0x2bf ./Source/com.o
 .debug_line    0x0000ea99      0x1bf ./Source/cop.o
 .debug_line    0x0000ec58      0x2bb ./Source/infotable.o
 .debug_line    0x0000ef13      0x7cf ./Source/xcp.o

.debug_str      0x00000000    0xc8892
 .debug_str     0x00000000    0xc8892 ./App/app.o
                               0x3e9e (size before relaxing)
 .debug_str     0x000c8892    0xb9c91 ./App/hooks.o
 .debug_str     0x000c8892    0xb9c16 ./App/led.o
 .debug_str     0x000c8892    0xc3783 ./Core/Src/main.o
 .debug_str     0x000c8892    0xc32c7 ./Core/Src/stm32f3xx_hal_msp.o
 .debug_str     0x000c8892    0xc2f92 ./Core/Src/stm32f3xx_it.o
 .debug_str     0x000c8892    0xb859c ./Core/Src/system_stm32f3xx.o
 .debug_str     0x000c8892       0x95 ./Core/Startup/startup_stm32f303retx.o
 .debug_str     0x000c8892    0xb8e45 ./Drivers/STM32F3xx_HAL_Driver/Src/stm32f3xx_hal.o
 .debug_str     0x000c8892    0xb8d2b ./Drivers/STM32F3xx_HAL_Driver/Src/stm32f3xx_hal_can.o
 .debug_str     0x000c8892    0xb8ec9 ./Drivers/STM32F3xx_HAL_Driver/Src/stm32f3xx_hal_cortex.o
 .debug_str     0x000c8892    0xb87e9 ./Drivers/STM32F3xx_HAL_Driver/Src/stm32f3xx_hal_flash.o
 .debug_str     0x000c8892    0xb89e5 ./Drivers/STM32F3xx_HAL_Driver/Src/stm32f3xx_hal_flash_ex.o
 .debug_str     0x000c8892    0xb8781 ./Drivers/STM32F3xx_HAL_Driver/Src/stm32f3xx_hal_gpio.o
 .debug_str     0x000c8892    0xb8fd3 ./Drivers/STM32F3xx_HAL_Driver/Src/stm32f3xx_ll_exti.o
 .debug_str     0x000c8892    0xb9b79 ./Drivers/STM32F3xx_HAL_Driver/Src/stm32f3xx_ll_gpio.o
 .debug_str     0x000c8892    0xbc4ed ./Drivers/STM32F3xx_HAL_Driver/Src/stm32f3xx_ll_rcc.o
 .debug_str     0x000c8892    0xbf349 ./Drivers/STM32F3xx_HAL_Driver/Src/stm32f3xx_ll_utils.o
 .debug_str     0x000c8892     0x3ede ./Source/ARMCM4_STM32F3/GCC/cpu_comp.o
 .debug_str     0x000c8892    0xbd127 ./Source/ARMCM4_STM32F3/can.o
 .debug_str     0x000c8892    0xb9677 ./Source/ARMCM4_STM32F3/cpu.o
 .debug_str     0x000c8892    0xb98a3 ./Source/ARMCM4_STM32F3/flash.o
 .debug_str     0x000c8892     0x3faf ./Source/ARMCM4_STM32F3/nvm.o
 .debug_str     0x000c8892    0xbd684 ./Source/ARMCM4_STM32F3/timer.o
 .debug_str     0x000c8892     0x3ee6 ./Source/asserts.o
 .debug_str     0x000c8892     0x3fb0 ./Source/backdoor.o
 .debug_str     0x000c8892     0x3f30 ./Source/boot.o
 .debug_str     0x000c8892     0x4042 ./Source/com.o
 .debug_str     0x000c8892     0x3ed9 ./Source/cop.o
 .debug_str     0x000c8892     0x402f ./Source/infotable.o
 .debug_str     0x000c8892     0x4352 ./Source/xcp.o

.comment        0x00000000       0x43
 .comment       0x00000000       0x43 ./App/app.o
                                 0x44 (size before relaxing)
 .comment       0x00000043       0x44 ./App/hooks.o
 .comment       0x00000043       0x44 ./App/led.o
 .comment       0x00000043       0x44 ./Core/Src/main.o
 .comment       0x00000043       0x44 ./Core/Src/stm32f3xx_hal_msp.o
 .comment       0x00000043       0x44 ./Core/Src/stm32f3xx_it.o
 .comment       0x00000043       0x44 ./Core/Src/system_stm32f3xx.o
 .comment       0x00000043       0x44 ./Drivers/STM32F3xx_HAL_Driver/Src/stm32f3xx_hal.o
 .comment       0x00000043       0x44 ./Drivers/STM32F3xx_HAL_Driver/Src/stm32f3xx_hal_can.o
 .comment       0x00000043       0x44 ./Drivers/STM32F3xx_HAL_Driver/Src/stm32f3xx_hal_cortex.o
 .comment       0x00000043       0x44 ./Drivers/STM32F3xx_HAL_Driver/Src/stm32f3xx_hal_flash.o
 .comment       0x00000043       0x44 ./Drivers/STM32F3xx_HAL_Driver/Src/stm32f3xx_hal_flash_ex.o
 .comment       0x00000043       0x44 ./Drivers/STM32F3xx_HAL_Driver/Src/stm32f3xx_hal_gpio.o
 .comment       0x00000043       0x44 ./Drivers/STM32F3xx_HAL_Driver/Src/stm32f3xx_ll_exti.o
 .comment       0x00000043       0x44 ./Drivers/STM32F3xx_HAL_Driver/Src/stm32f3xx_ll_gpio.o
 .comment       0x00000043       0x44 ./Drivers/STM32F3xx_HAL_Driver/Src/stm32f3xx_ll_rcc.o
 .comment       0x00000043       0x44 ./Drivers/STM32F3xx_HAL_Driver/Src/stm32f3xx_ll_utils.o
 .comment       0x00000043       0x44 ./Source/ARMCM4_STM32F3/GCC/cpu_comp.o
 .comment       0x00000043       0x44 ./Source/ARMCM4_STM32F3/can.o
 .comment       0x00000043       0x44 ./Source/ARMCM4_STM32F3/cpu.o
 .comment       0x00000043       0x44 ./Source/ARMCM4_STM32F3/flash.o
 .comment       0x00000043       0x44 ./Source/ARMCM4_STM32F3/nvm.o
 .comment       0x00000043       0x44 ./Source/ARMCM4_STM32F3/timer.o
 .comment       0x00000043       0x44 ./Source/asserts.o
 .comment       0x00000043       0x44 ./Source/backdoor.o
 .comment       0x00000043       0x44 ./Source/boot.o
 .comment       0x00000043       0x44 ./Source/com.o
 .comment       0x00000043       0x44 ./Source/cop.o
 .comment       0x00000043       0x44 ./Source/infotable.o
 .comment       0x00000043       0x44 ./Source/xcp.o

.debug_frame    0x00000000     0x35d8
 .debug_frame   0x00000000       0x48 ./App/app.o
 .debug_frame   0x00000048       0xb4 ./App/hooks.o
 .debug_frame   0x000000fc       0xc0 ./App/led.o
 .debug_frame   0x000001bc      0x424 ./Core/Src/main.o
 .debug_frame   0x000005e0       0x7c ./Core/Src/stm32f3xx_hal_msp.o
 .debug_frame   0x0000065c      0x104 ./Core/Src/stm32f3xx_it.o
 .debug_frame   0x00000760       0x58 ./Core/Src/system_stm32f3xx.o
 .debug_frame   0x000007b8      0x334 ./Drivers/STM32F3xx_HAL_Driver/Src/stm32f3xx_hal.o
 .debug_frame   0x00000aec      0x5a0 ./Drivers/STM32F3xx_HAL_Driver/Src/stm32f3xx_hal_can.o
 .debug_frame   0x0000108c      0x4e8 ./Drivers/STM32F3xx_HAL_Driver/Src/stm32f3xx_hal_cortex.o
 .debug_frame   0x00001574      0x20c ./Drivers/STM32F3xx_HAL_Driver/Src/stm32f3xx_hal_flash.o
 .debug_frame   0x00001780      0x258 ./Drivers/STM32F3xx_HAL_Driver/Src/stm32f3xx_hal_flash_ex.o
 .debug_frame   0x000019d8      0x14c ./Drivers/STM32F3xx_HAL_Driver/Src/stm32f3xx_hal_gpio.o
 .debug_frame   0x00001b24      0x2fc ./Drivers/STM32F3xx_HAL_Driver/Src/stm32f3xx_ll_exti.o
 .debug_frame   0x00001e20      0x1c0 ./Drivers/STM32F3xx_HAL_Driver/Src/stm32f3xx_ll_gpio.o
 .debug_frame   0x00001fe0      0x4ec ./Drivers/STM32F3xx_HAL_Driver/Src/stm32f3xx_ll_rcc.o
 .debug_frame   0x000024cc      0x3dc ./Drivers/STM32F3xx_HAL_Driver/Src/stm32f3xx_ll_utils.o
 .debug_frame   0x000028a8       0x50 ./Source/ARMCM4_STM32F3/GCC/cpu_comp.o
 .debug_frame   0x000028f8       0xa0 ./Source/ARMCM4_STM32F3/can.o
 .debug_frame   0x00002998       0x98 ./Source/ARMCM4_STM32F3/cpu.o
 .debug_frame   0x00002a30      0x194 ./Source/ARMCM4_STM32F3/flash.o
 .debug_frame   0x00002bc4       0xc8 ./Source/ARMCM4_STM32F3/nvm.o
 .debug_frame   0x00002c8c      0x174 ./Source/ARMCM4_STM32F3/timer.o
 .debug_frame   0x00002e00       0x30 ./Source/asserts.o
 .debug_frame   0x00002e30       0xac ./Source/backdoor.o
 .debug_frame   0x00002edc       0x48 ./Source/boot.o
 .debug_frame   0x00002f24      0x108 ./Source/com.o
 .debug_frame   0x0000302c       0x48 ./Source/cop.o
 .debug_frame   0x00003074       0xe8 ./Source/infotable.o
 .debug_frame   0x0000315c      0x450 ./Source/xcp.o
 .debug_frame   0x000035ac       0x2c C:/ST/STM32CubeIDE_1.19.0/STM32CubeIDE/plugins/com.st.stm32cube.ide.mcu.externaltools.gnu-tools-for-stm32.13.3.rel1.win32_1.0.0.202411081344/tools/bin/../lib/gcc/arm-none-eabi/13.3.1/../../../../arm-none-eabi/lib/thumb/v7e-m+fp/hard\libc_nano.a(libc_a-init.o)

.debug_line_str
                0x00000000       0x79
 .debug_line_str
                0x00000000       0x79 ./Core/Startup/startup_stm32f303retx.o
