C:/Users/jorda/Documents/GitHub/openblt/Target/Source/com.c:119:6:ComInit	8	static
C:/Users/jorda/Documents/GitHub/openblt/Target/Source/com.c:172:6:ComTask	16	static
C:/Users/jorda/Documents/GitHub/openblt/Target/Source/com.c:265:6:ComFree	8	static
C:/Users/jorda/Documents/GitHub/openblt/Target/Source/com.c:287:6:ComTransmitPacket	16	static
C:/Users/jorda/Documents/GitHub/openblt/Target/Source/com.c:351:12:ComGetActiveInterfaceMaxRxLen	16	static
C:/Users/jorda/Documents/GitHub/openblt/Target/Source/com.c:397:12:ComGetActiveInterfaceMaxTxLen	16	static
C:/Users/jorda/Documents/GitHub/openblt/Target/Source/com.c:442:10:ComIsConnected	16	static
C:/Users/jorda/Documents/GitHub/openblt/Target/Source/com.c:471:13:ComTimeoutEnable	16	static
C:/Users/jorda/Documents/GitHub/openblt/Target/Source/com.c:484:17:ComTimeoutDetected	24	static
C:/Users/jorda/Documents/GitHub/openblt/Target/Source/com.c:524:13:ComTimeoutReset	8	static
