C:/Users/jorda/Documents/GitHub/openblt/Target/Source/xcp.c:152:6:XcpInit	4	static
C:/Users/jorda/Documents/GitHub/openblt/Target/Source/xcp.c:169:10:XcpIsConnected	4	static
C:/Users/jorda/Documents/GitHub/openblt/Target/Source/xcp.c:185:6:XcpPacketTransmitted	4	static
C:/Users/jorda/Documents/GitHub/openblt/Target/Source/xcp.c:199:6:XcpPacketReceived	16	static
C:/Users/jorda/Documents/GitHub/openblt/Target/Source/xcp.c:335:13:XcpTransmitPacket	16	static
C:/Users/jorda/Documents/GitHub/openblt/Target/Source/xcp.c:351:18:XcpComputeChecksum	32	static
C:/Users/jorda/Documents/GitHub/openblt/Target/Source/xcp.c:413:13:XcpProtectResources	4	static
C:/Users/jorda/Documents/GitHub/openblt/Target/Source/xcp.c:448:13:XcpSetCtoError	16	static
C:/Users/jorda/Documents/GitHub/openblt/Target/Source/xcp.c:503:19:XcpGetOrderedLong	24	static
C:/Users/jorda/Documents/GitHub/openblt/Target/Source/xcp.c:530:13:XcpSetOrderedLong	16	static
C:/Users/jorda/Documents/GitHub/openblt/Target/Source/xcp.c:553:13:XcpCmdConnect	16	static
C:/Users/jorda/Documents/GitHub/openblt/Target/Source/xcp.c:639:13:XcpCmdDisconnect	16	static
C:/Users/jorda/Documents/GitHub/openblt/Target/Source/xcp.c:665:13:XcpCmdGetStatus	16	static
C:/Users/jorda/Documents/GitHub/openblt/Target/Source/xcp.c:696:13:XcpCmdSynch	16	static
C:/Users/jorda/Documents/GitHub/openblt/Target/Source/xcp.c:710:13:XcpCmdGetId	24	static
C:/Users/jorda/Documents/GitHub/openblt/Target/Source/xcp.c:746:13:XcpCmdSetMta	16	static
C:/Users/jorda/Documents/GitHub/openblt/Target/Source/xcp.c:766:13:XcpCmdUpload	24	static
C:/Users/jorda/Documents/GitHub/openblt/Target/Source/xcp.c:832:13:XcpCmdShortUpload	24	static
C:/Users/jorda/Documents/GitHub/openblt/Target/Source/xcp.c:976:13:XcpCmdBuildCheckSum	32	static
C:/Users/jorda/Documents/GitHub/openblt/Target/Source/xcp.c:1298:13:XcpCmdProgramStart	16	static
C:/Users/jorda/Documents/GitHub/openblt/Target/Source/xcp.c:1356:13:XcpCmdProgramMax	24	static
C:/Users/jorda/Documents/GitHub/openblt/Target/Source/xcp.c:1411:13:XcpCmdProgram	24	static
C:/Users/jorda/Documents/GitHub/openblt/Target/Source/xcp.c:1494:13:XcpCmdProgramClear	24	static
C:/Users/jorda/Documents/GitHub/openblt/Target/Source/xcp.c:1544:13:XcpCmdProgramReset	16	static
C:/Users/jorda/Documents/GitHub/openblt/Target/Source/xcp.c:1587:13:XcpCmdProgramPrepare	16	static
C:/Users/jorda/Documents/GitHub/openblt/Target/Source/xcp.c:1614:13:XcpCmdUser	24	static
