Archive member included to satisfy reference by file (symbol)

C:/ST/STM32CubeIDE_1.18.0/STM32CubeIDE/plugins/com.st.stm32cube.ide.mcu.externaltools.gnu-tools-for-stm32.13.3.rel1.win32_1.0.0.202411081344/tools/bin/../lib/gcc/arm-none-eabi/13.3.1/../../../../arm-none-eabi/lib/thumb/v7e-m+fp/hard\libc_nano.a(libc_a-exit.o)
                              C:/ST/STM32CubeIDE_1.18.0/STM32CubeIDE/plugins/com.st.stm32cube.ide.mcu.externaltools.gnu-tools-for-stm32.13.3.rel1.win32_1.0.0.202411081344/tools/bin/../lib/gcc/arm-none-eabi/13.3.1/../../../../arm-none-eabi/lib/thumb/v7e-m+fp/hard/crt0.o (exit)
C:/ST/STM32CubeIDE_1.18.0/STM32CubeIDE/plugins/com.st.stm32cube.ide.mcu.externaltools.gnu-tools-for-stm32.13.3.rel1.win32_1.0.0.202411081344/tools/bin/../lib/gcc/arm-none-eabi/13.3.1/../../../../arm-none-eabi/lib/thumb/v7e-m+fp/hard\libc_nano.a(libc_a-findfp.o)
                              C:/ST/STM32CubeIDE_1.18.0/STM32CubeIDE/plugins/com.st.stm32cube.ide.mcu.externaltools.gnu-tools-for-stm32.13.3.rel1.win32_1.0.0.202411081344/tools/bin/../lib/gcc/arm-none-eabi/13.3.1/../../../../arm-none-eabi/lib/thumb/v7e-m+fp/hard\libc_nano.a(libc_a-exit.o) (__stdio_exit_handler)
C:/ST/STM32CubeIDE_1.18.0/STM32CubeIDE/plugins/com.st.stm32cube.ide.mcu.externaltools.gnu-tools-for-stm32.13.3.rel1.win32_1.0.0.202411081344/tools/bin/../lib/gcc/arm-none-eabi/13.3.1/../../../../arm-none-eabi/lib/thumb/v7e-m+fp/hard\libc_nano.a(libc_a-fwalk.o)
                              C:/ST/STM32CubeIDE_1.18.0/STM32CubeIDE/plugins/com.st.stm32cube.ide.mcu.externaltools.gnu-tools-for-stm32.13.3.rel1.win32_1.0.0.202411081344/tools/bin/../lib/gcc/arm-none-eabi/13.3.1/../../../../arm-none-eabi/lib/thumb/v7e-m+fp/hard\libc_nano.a(libc_a-findfp.o) (_fwalk_sglue)
C:/ST/STM32CubeIDE_1.18.0/STM32CubeIDE/plugins/com.st.stm32cube.ide.mcu.externaltools.gnu-tools-for-stm32.13.3.rel1.win32_1.0.0.202411081344/tools/bin/../lib/gcc/arm-none-eabi/13.3.1/../../../../arm-none-eabi/lib/thumb/v7e-m+fp/hard\libc_nano.a(libc_a-stdio.o)
                              C:/ST/STM32CubeIDE_1.18.0/STM32CubeIDE/plugins/com.st.stm32cube.ide.mcu.externaltools.gnu-tools-for-stm32.13.3.rel1.win32_1.0.0.202411081344/tools/bin/../lib/gcc/arm-none-eabi/13.3.1/../../../../arm-none-eabi/lib/thumb/v7e-m+fp/hard\libc_nano.a(libc_a-findfp.o) (__sread)
C:/ST/STM32CubeIDE_1.18.0/STM32CubeIDE/plugins/com.st.stm32cube.ide.mcu.externaltools.gnu-tools-for-stm32.13.3.rel1.win32_1.0.0.202411081344/tools/bin/../lib/gcc/arm-none-eabi/13.3.1/../../../../arm-none-eabi/lib/thumb/v7e-m+fp/hard\libc_nano.a(libc_a-memset.o)
                              C:/ST/STM32CubeIDE_1.18.0/STM32CubeIDE/plugins/com.st.stm32cube.ide.mcu.externaltools.gnu-tools-for-stm32.13.3.rel1.win32_1.0.0.202411081344/tools/bin/../lib/gcc/arm-none-eabi/13.3.1/../../../../arm-none-eabi/lib/thumb/v7e-m+fp/hard/crt0.o (memset)
C:/ST/STM32CubeIDE_1.18.0/STM32CubeIDE/plugins/com.st.stm32cube.ide.mcu.externaltools.gnu-tools-for-stm32.13.3.rel1.win32_1.0.0.202411081344/tools/bin/../lib/gcc/arm-none-eabi/13.3.1/../../../../arm-none-eabi/lib/thumb/v7e-m+fp/hard\libc_nano.a(libc_a-closer.o)
                              C:/ST/STM32CubeIDE_1.18.0/STM32CubeIDE/plugins/com.st.stm32cube.ide.mcu.externaltools.gnu-tools-for-stm32.13.3.rel1.win32_1.0.0.202411081344/tools/bin/../lib/gcc/arm-none-eabi/13.3.1/../../../../arm-none-eabi/lib/thumb/v7e-m+fp/hard\libc_nano.a(libc_a-stdio.o) (_close_r)
C:/ST/STM32CubeIDE_1.18.0/STM32CubeIDE/plugins/com.st.stm32cube.ide.mcu.externaltools.gnu-tools-for-stm32.13.3.rel1.win32_1.0.0.202411081344/tools/bin/../lib/gcc/arm-none-eabi/13.3.1/../../../../arm-none-eabi/lib/thumb/v7e-m+fp/hard\libc_nano.a(libc_a-reent.o)
                              C:/ST/STM32CubeIDE_1.18.0/STM32CubeIDE/plugins/com.st.stm32cube.ide.mcu.externaltools.gnu-tools-for-stm32.13.3.rel1.win32_1.0.0.202411081344/tools/bin/../lib/gcc/arm-none-eabi/13.3.1/../../../../arm-none-eabi/lib/thumb/v7e-m+fp/hard\libc_nano.a(libc_a-closer.o) (errno)
C:/ST/STM32CubeIDE_1.18.0/STM32CubeIDE/plugins/com.st.stm32cube.ide.mcu.externaltools.gnu-tools-for-stm32.13.3.rel1.win32_1.0.0.202411081344/tools/bin/../lib/gcc/arm-none-eabi/13.3.1/../../../../arm-none-eabi/lib/thumb/v7e-m+fp/hard\libc_nano.a(libc_a-impure.o)
                              C:/ST/STM32CubeIDE_1.18.0/STM32CubeIDE/plugins/com.st.stm32cube.ide.mcu.externaltools.gnu-tools-for-stm32.13.3.rel1.win32_1.0.0.202411081344/tools/bin/../lib/gcc/arm-none-eabi/13.3.1/../../../../arm-none-eabi/lib/thumb/v7e-m+fp/hard\libc_nano.a(libc_a-reent.o) (_impure_ptr)
C:/ST/STM32CubeIDE_1.18.0/STM32CubeIDE/plugins/com.st.stm32cube.ide.mcu.externaltools.gnu-tools-for-stm32.13.3.rel1.win32_1.0.0.202411081344/tools/bin/../lib/gcc/arm-none-eabi/13.3.1/../../../../arm-none-eabi/lib/thumb/v7e-m+fp/hard\libc_nano.a(libc_a-lseekr.o)
[...]
Memory Configuration

Name             Origin             Length             Attributes
CCMRAM           0x10000000         0x00004000         xrw
RAM              0x20000000         0x00010000         xrw
FLASH            0x08000000         0x00080000         xr
*default*        0x00000000         0xffffffff

Linker script and memory map

LOAD C:/ST/STM32CubeIDE_1.18.0/STM32CubeIDE/plugins/com.st.stm32cube.ide.mcu.externaltools.gnu-tools-for-stm32.13.3.rel1.win32_1.0.0.202411081344/tools/bin/../lib/gcc/arm-none-eabi/13.3.1/thumb/v7e-m+fp/hard/crti.o
LOAD C:/ST/STM32CubeIDE_1.18.0/STM32CubeIDE/plugins/com.st.stm32cube.ide.mcu.externaltools.gnu-tools-for-stm32.13.3.rel1.win32_1.0.0.202411081344/tools/bin/../lib/gcc/arm-none-eabi/13.3.1/thumb/v7e-m+fp/hard/crtbegin.o
LOAD C:/ST/STM32CubeIDE_1.18.0/STM32CubeIDE/plugins/com.st.stm32cube.ide.mcu.externaltools.gnu-tools-for-stm32.13.3.rel1.win32_1.0.0.202411081344/tools/bin/../lib/gcc/arm-none-eabi/13.3.1/../../../../arm-none-eabi/lib/thumb/v7e-m+fp/hard/crt0.o
LOAD ./App/app.o
LOAD ./App/hooks.o
LOAD ./App/led.o
LOAD ./Core/Src/main.o
LOAD ./Core/Src/stm32f3xx_hal_msp.o
LOAD ./Core/Src/stm32f3xx_it.o
LOAD ./Core/Src/syscalls.o
LOAD ./Core/Src/sysmem.o
LOAD ./Core/Src/system_stm32f3xx.o
LOAD ./Core/Startup/startup_stm32f303retx.o
LOAD ./Drivers/STM32F3xx_HAL_Driver/Src/stm32f3xx_hal.o
LOAD ./Drivers/STM32F3xx_HAL_Driver/Src/stm32f3xx_hal_can.o
LOAD ./Drivers/STM32F3xx_HAL_Driver/Src/stm32f3xx_hal_cortex.o
LOAD ./Drivers/STM32F3xx_HAL_Driver/Src/stm32f3xx_hal_dma.o
LOAD ./Drivers/STM32F3xx_HAL_Driver/Src/stm32f3xx_hal_exti.o
LOAD ./Drivers/STM32F3xx_HAL_Driver/Src/stm32f3xx_hal_flash.o
LOAD ./Drivers/STM32F3xx_HAL_Driver/Src/stm32f3xx_hal_flash_ex.o
LOAD ./Drivers/STM32F3xx_HAL_Driver/Src/stm32f3xx_hal_gpio.o
LOAD ./Drivers/STM32F3xx_HAL_Driver/Src/stm32f3xx_hal_i2c.o
LOAD ./Drivers/STM32F3xx_HAL_Driver/Src/stm32f3xx_hal_i2c_ex.o
LOAD ./Drivers/STM32F3xx_HAL_Driver/Src/stm32f3xx_hal_pwr.o
LOAD ./Drivers/STM32F3xx_HAL_Driver/Src/stm32f3xx_hal_pwr_ex.o
LOAD ./Drivers/STM32F3xx_HAL_Driver/Src/stm32f3xx_hal_rcc.o
LOAD ./Drivers/STM32F3xx_HAL_Driver/Src/stm32f3xx_hal_rcc_ex.o
LOAD ./Drivers/STM32F3xx_HAL_Driver/Src/stm32f3xx_hal_tim.o
LOAD ./Drivers/STM32F3xx_HAL_Driver/Src/stm32f3xx_hal_tim_ex.o
LOAD ./Drivers/STM32F3xx_HAL_Driver/Src/stm32f3xx_ll_dma.o
LOAD ./Drivers/STM32F3xx_HAL_Driver/Src/stm32f3xx_ll_exti.o
LOAD ./Drivers/STM32F3xx_HAL_Driver/Src/stm32f3xx_ll_gpio.o
LOAD ./Drivers/STM32F3xx_HAL_Driver/Src/stm32f3xx_ll_rcc.o
LOAD ./Drivers/STM32F3xx_HAL_Driver/Src/stm32f3xx_ll_usart.o
LOAD ./Drivers/STM32F3xx_HAL_Driver/Src/stm32f3xx_ll_utils.o
LOAD ./Loader/ARMCM4_STM32F3/GCC/cpu_comp.o
LOAD ./Loader/ARMCM4_STM32F3/can.o
LOAD ./Loader/ARMCM4_STM32F3/cpu.o
LOAD ./Loader/ARMCM4_STM32F3/flash.o
LOAD ./Loader/ARMCM4_STM32F3/mbrtu.o
LOAD ./Loader/ARMCM4_STM32F3/nvm.o
LOAD ./Loader/ARMCM4_STM32F3/rs232.o
LOAD ./Loader/ARMCM4_STM32F3/timer.o
LOAD ./Loader/ARMCM4_STM32F3/usb.o
LOAD ./Loader/asserts.o
LOAD ./Loader/backdoor.o
LOAD ./Loader/boot.o
LOAD ./Loader/com.o
LOAD ./Loader/cop.o
LOAD ./Loader/file.o
LOAD ./Loader/infotable.o
LOAD ./Loader/mb.o
LOAD ./Loader/net.o
LOAD ./Loader/xcp.o
START GROUP
LOAD C:/ST/STM32CubeIDE_1.18.0/STM32CubeIDE/plugins/com.st.stm32cube.ide.mcu.externaltools.gnu-tools-for-stm32.13.3.rel1.win32_1.0.0.202411081344/tools/bin/../lib/gcc/arm-none-eabi/13.3.1/../../../../arm-none-eabi/lib/thumb/v7e-m+fp/hard\libc_nano.a
LOAD C:/ST/STM32CubeIDE_1.18.0/STM32CubeIDE/plugins/com.st.stm32cube.ide.mcu.externaltools.gnu-tools-for-stm32.13.3.rel1.win32_1.0.0.202411081344/tools/bin/../lib/gcc/arm-none-eabi/13.3.1/../../../../arm-none-eabi/lib/thumb/v7e-m+fp/hard\libm.a
END GROUP
START GROUP
LOAD C:/ST/STM32CubeIDE_1.18.0/STM32CubeIDE/plugins/com.st.stm32cube.ide.mcu.externaltools.gnu-tools-for-stm32.13.3.rel1.win32_1.0.0.202411081344/tools/bin/../lib/gcc/arm-none-eabi/13.3.1/thumb/v7e-m+fp/hard\libgcc.a
LOAD C:/ST/STM32CubeIDE_1.18.0/STM32CubeIDE/plugins/com.st.stm32cube.ide.mcu.externaltools.gnu-tools-for-stm32.13.3.rel1.win32_1.0.0.202411081344/tools/bin/../lib/gcc/arm-none-eabi/13.3.1/../../../../arm-none-eabi/lib/thumb/v7e-m+fp/hard\libc_nano.a
END GROUP
START GROUP
LOAD C:/ST/STM32CubeIDE_1.18.0/STM32CubeIDE/plugins/com.st.stm32cube.ide.mcu.externaltools.gnu-tools-for-stm32.13.3.rel1.win32_1.0.0.202411081344/tools/bin/../lib/gcc/arm-none-eabi/13.3.1/thumb/v7e-m+fp/hard\libgcc.a
LOAD C:/ST/STM32CubeIDE_1.18.0/STM32CubeIDE/plugins/com.st.stm32cube.ide.mcu.externaltools.gnu-tools-for-stm32.13.3.rel1.win32_1.0.0.202411081344/tools/bin/../lib/gcc/arm-none-eabi/13.3.1/../../../../arm-none-eabi/lib/thumb/v7e-m+fp/hard\libc_nano.a
LOAD C:/ST/STM32CubeIDE_1.18.0/STM32CubeIDE/plugins/com.st.stm32cube.ide.mcu.externaltools.gnu-tools-for-stm32.13.3.rel1.win32_1.0.0.202411081344/tools/bin/../lib/gcc/arm-none-eabi/13.3.1/../../../../arm-none-eabi/lib/thumb/v7e-m+fp/hard\libnosys.a
END GROUP
START GROUP
LOAD C:/ST/STM32CubeIDE_1.18.0/STM32CubeIDE/plugins/com.st.stm32cube.ide.mcu.externaltools.gnu-tools-for-stm32.13.3.rel1.win32_1.0.0.202411081344/tools/bin/../lib/gcc/arm-none-eabi/13.3.1/thumb/v7e-m+fp/hard\libgcc.a
LOAD C:/ST/STM32CubeIDE_1.18.0/STM32CubeIDE/plugins/com.st.stm32cube.ide.mcu.externaltools.gnu-tools-for-stm32.13.3.rel1.win32_1.0.0.202411081344/tools/bin/../lib/gcc/arm-none-eabi/13.3.1/../../../../arm-none-eabi/lib/thumb/v7e-m+fp/hard\libc_nano.a
LOAD C:/ST/STM32CubeIDE_1.18.0/STM32CubeIDE/plugins/com.st.stm32cube.ide.mcu.externaltools.gnu-tools-for-stm32.13.3.rel1.win32_1.0.0.202411081344/tools/bin/../lib/gcc/arm-none-eabi/13.3.1/../../../../arm-none-eabi/lib/thumb/v7e-m+fp/hard\libnosys.a
END GROUP
LOAD C:/ST/STM32CubeIDE_1.18.0/STM32CubeIDE/plugins/com.st.stm32cube.ide.mcu.externaltools.gnu-tools-for-stm32.13.3.rel1.win32_1.0.0.202411081344/tools/bin/../lib/gcc/arm-none-eabi/13.3.1/thumb/v7e-m+fp/hard/crtend.o
LOAD C:/ST/STM32CubeIDE_1.18.0/STM32CubeIDE/plugins/com.st.stm32cube.ide.mcu.externaltools.gnu-tools-for-stm32.13.3.rel1.win32_1.0.0.202411081344/tools/bin/../lib/gcc/arm-none-eabi/13.3.1/thumb/v7e-m+fp/hard/crtn.o
                0x20010000                        _estack = (ORIGIN (RAM) + LENGTH (RAM))
                0x00000200                        _Min_Heap_Size = 0x200
                0x00000400                        _Min_Stack_Size = 0x400

.isr_vector     0x08000000      0x194
                0x08000000                        . = ALIGN (0x4)
 *(.isr_vector)
 .isr_vector    0x08000000      0x194 ./Core/Startup/startup_stm32f303retx.o
                0x08000000                g_pfnVectors
                0x08000194                        . = ALIGN (0x4)

.text           0x08000194     0x3e1c
                0x08000194                        . = ALIGN (0x4)
 *(.text)
 .text          0x08000194       0x40 C:/ST/STM32CubeIDE_1.18.0/STM32CubeIDE/plugins/com.st.stm32cube.ide.mcu.externaltools.gnu-tools-for-stm32.13.3.rel1.win32_1.0.0.202411081344/tools/bin/../lib/gcc/arm-none-eabi/13.3.1/thumb/v7e-m+fp/hard/crtbegin.o
 *(.text*)
 .text.AppInit  0x080001d4        0xc ./App/app.o
                0x080001d4                AppInit
 .text.AppTask  0x080001e0        0xc ./App/app.o
                0x080001e0                AppTask
 .text.LL_GPIO_IsInputPinSet
                0x080001ec       0x2a ./App/hooks.o
 .text.CpuUserProgramStartHook
                0x08000216       0x22 ./App/hooks.o
                0x08000216                CpuUserProgramStartHook
 .text.CopInitHook
                0x08000238        0xe ./App/hooks.o
                0x08000238                CopInitHook
 .text.CopServiceHook
                0x08000246        0xc ./App/hooks.o
                0x08000246                CopServiceHook
 .text.InfoTableCheckHook
                0x08000252       0x40 ./App/hooks.o
                0x08000252                InfoTableCheckHook
 .text.LL_GPIO_SetOutputPin
                0x08000292       0x1c ./App/led.o
 .text.LL_GPIO_ResetOutputPin
                0x080002ae       0x1c ./App/led.o
 *fill*         0x080002ca        0x2 
 .text.LedBlinkInit
                0x080002cc       0x20 ./App/led.o
                0x080002cc                LedBlinkInit
 .text.LedBlinkTask
                0x080002ec       0x5c ./App/led.o
                0x080002ec                LedBlinkTask
 .text.LedBlinkExit
                0x08000348       0x12 ./App/led.o
                0x08000348                LedBlinkExit
 *fill*         0x0800035a        0x2 
 .text.LL_RCC_HSI_Enable
                0x0800035c       0x20 ./Core/Src/main.o
 .text.LL_RCC_HSI_IsReady
                0x0800037c       0x24 ./Core/Src/main.o
 .text.LL_RCC_HSI_SetCalibTrimming
                0x080003a0       0x2c ./Core/Src/main.o
 .text.LL_RCC_SetSysClkSource
                0x080003cc       0x28 ./Core/Src/main.o
 .text.LL_RCC_GetSysClkSource
                0x080003f4       0x1c ./Core/Src/main.o
 .text.LL_RCC_SetAHBPrescaler
                0x08000410       0x28 ./Core/Src/main.o
 .text.LL_RCC_SetAPB1Prescaler
                0x08000438       0x28 ./Core/Src/main.o
 .text.LL_RCC_SetAPB2Prescaler
                0x08000460       0x28 ./Core/Src/main.o
 .text.LL_RCC_SetUSARTClockSource
                0x08000488       0x38 ./Core/Src/main.o
 .text.LL_RCC_PLL_Enable
                0x080004c0       0x20 ./Core/Src/main.o
 .text.LL_RCC_PLL_IsReady
                0x080004e0       0x28 ./Core/Src/main.o
 .text.LL_RCC_PLL_ConfigDomain_SYS
                0x08000508       0x40 ./Core/Src/main.o
 .text.LL_AHB1_GRP1_EnableClock
                0x08000548       0x30 ./Core/Src/main.o
 .text.LL_SYSCFG_SetEXTISource
                0x08000578       0x60 ./Core/Src/main.o
 .text.LL_FLASH_SetLatency
                0x080005d8       0x28 ./Core/Src/main.o
 .text.LL_FLASH_GetLatency
                0x08000600       0x1c ./Core/Src/main.o
 .text.LL_GPIO_SetPinMode
                0x0800061c       0x5e ./Core/Src/main.o
 .text.LL_GPIO_SetPinPull
                0x0800067a       0x5e ./Core/Src/main.o
 .text.LL_GPIO_ResetOutputPin
                0x080006d8       0x1c ./Core/Src/main.o
 .text.main     0x080006f4       0x1a ./Core/Src/main.o
                0x080006f4                main
 *fill*         0x0800070e        0x2 
 .text.SystemClock_Config
                0x08000710       0x98 ./Core/Src/main.o
                0x08000710                SystemClock_Config
 .text.MX_GPIO_Init
                0x080007a8       0xc4 ./Core/Src/main.o
 .text.Error_Handler
                0x0800086c        0xc ./Core/Src/main.o
                0x0800086c                Error_Handler
 .text.HAL_MspInit
                0x08000878       0x48 ./Core/Src/stm32f3xx_hal_msp.o
                0x08000878                HAL_MspInit
 .text.HAL_CAN_MspInit
                0x080008c0       0x88 ./Core/Src/stm32f3xx_hal_msp.o
                0x080008c0                HAL_CAN_MspInit
 .text.NMI_Handler
                0x08000948        0x8 ./Core/Src/stm32f3xx_it.o
                0x08000948                NMI_Handler
 .text.HardFault_Handler
                0x08000950        0x8 ./Core/Src/stm32f3xx_it.o
                0x08000950                HardFault_Handler
 .text.MemManage_Handler
                0x08000958        0x8 ./Core/Src/stm32f3xx_it.o
                0x08000958                MemManage_Handler
 .text.BusFault_Handler
                0x08000960        0x8 ./Core/Src/stm32f3xx_it.o
                0x08000960                BusFault_Handler
 .text.UsageFault_Handler
                0x08000968        0x8 ./Core/Src/stm32f3xx_it.o
                0x08000968                UsageFault_Handler
 .text.SVC_Handler
                0x08000970        0xe ./Core/Src/stm32f3xx_it.o
                0x08000970                SVC_Handler
 .text.DebugMon_Handler
                0x0800097e        0xe ./Core/Src/stm32f3xx_it.o
                0x0800097e                DebugMon_Handler
 .text.PendSV_Handler
                0x0800098c        0xe ./Core/Src/stm32f3xx_it.o
                0x0800098c                PendSV_Handler
 .text.SysTick_Handler
                0x0800099a        0xc ./Core/Src/stm32f3xx_it.o
                0x0800099a                SysTick_Handler
 *fill*         0x080009a6        0x2 
 .text.SystemInit
                0x080009a8       0x24 ./Core/Src/system_stm32f3xx.o
                0x080009a8                SystemInit
 .text.Reset_Handler
                0x080009cc       0x50 ./Core/Startup/startup_stm32f303retx.o
                0x080009cc                Reset_Handler
 .text.Default_Handler
                0x08000a1c        0x2 ./Core/Startup/startup_stm32f303retx.o
                0x08000a1c                RTC_Alarm_IRQHandler
                0x08000a1c                TIM8_TRG_COM_IRQHandler
                0x08000a1c                TIM8_CC_IRQHandler
                0x08000a1c                SPI4_IRQHandler
                0x08000a1c                TIM1_CC_IRQHandler
                0x08000a1c                USB_HP_IRQHandler
                0x08000a1c                PVD_IRQHandler
                0x08000a1c                TAMP_STAMP_IRQHandler
                0x08000a1c                EXTI3_IRQHandler
                0x08000a1c                I2C3_ER_IRQHandler
                0x08000a1c                USB_HP_CAN_TX_IRQHandler
                0x08000a1c                EXTI0_IRQHandler
                0x08000a1c                I2C2_EV_IRQHandler
                0x08000a1c                FPU_IRQHandler
                0x08000a1c                TIM1_UP_TIM16_IRQHandler
                0x08000a1c                ADC1_2_IRQHandler
                0x08000a1c                SPI1_IRQHandler
                0x08000a1c                CAN_SCE_IRQHandler
                0x08000a1c                TIM6_DAC_IRQHandler
                0x08000a1c                TIM8_UP_IRQHandler
                0x08000a1c                DMA2_Channel2_IRQHandler
                0x08000a1c                DMA1_Channel4_IRQHandler
                0x08000a1c                TIM20_TRG_COM_IRQHandler
                0x08000a1c                USART3_IRQHandler
                0x08000a1c                DMA1_Channel7_IRQHandler
                0x08000a1c                UART5_IRQHandler
                0x08000a1c                ADC3_IRQHandler
                0x08000a1c                TIM4_IRQHandler
                0x08000a1c                CAN_RX1_IRQHandler
                0x08000a1c                DMA2_Channel1_IRQHandler
                0x08000a1c                I2C1_EV_IRQHandler
                0x08000a1c                DMA1_Channel6_IRQHandler
                0x08000a1c                UART4_IRQHandler
                0x08000a1c                DMA2_Channel4_IRQHandler
                0x08000a1c                TIM3_IRQHandler
                0x08000a1c                RCC_IRQHandler
                0x08000a1c                TIM20_UP_IRQHandler
                0x08000a1c                DMA1_Channel1_IRQHandler
                0x08000a1c                Default_Handler
                0x08000a1c                USBWakeUp_RMP_IRQHandler
                0x08000a1c                EXTI15_10_IRQHandler
                0x08000a1c                TIM7_IRQHandler
                0x08000a1c                I2C3_EV_IRQHandler
                0x08000a1c                EXTI9_5_IRQHandler
                0x08000a1c                RTC_WKUP_IRQHandler
                0x08000a1c                SPI2_IRQHandler
                0x08000a1c                USB_LP_CAN_RX0_IRQHandler
                0x08000a1c                DMA2_Channel5_IRQHandler
                0x08000a1c                DMA1_Channel5_IRQHandler
                0x08000a1c                USB_LP_IRQHandler
                0x08000a1c                EXTI4_IRQHandler
                0x08000a1c                TIM1_TRG_COM_TIM17_IRQHandler
                0x08000a1c                DMA1_Channel3_IRQHandler
                0x08000a1c                ADC4_IRQHandler
                0x08000a1c                WWDG_IRQHandler
                0x08000a1c                TIM2_IRQHandler
                0x08000a1c                COMP7_IRQHandler
                0x08000a1c                COMP1_2_3_IRQHandler
                0x08000a1c                EXTI1_IRQHandler
                0x08000a1c                USART2_IRQHandler
                0x08000a1c                COMP4_5_6_IRQHandler
                0x08000a1c                TIM20_BRK_IRQHandler
                0x08000a1c                I2C2_ER_IRQHandler
                0x08000a1c                DMA1_Channel2_IRQHandler
                0x08000a1c                TIM8_BRK_IRQHandler
                0x08000a1c                FLASH_IRQHandler
                0x08000a1c                TIM20_CC_IRQHandler
                0x08000a1c                USART1_IRQHandler
                0x08000a1c                SPI3_IRQHandler
                0x08000a1c                I2C1_ER_IRQHandler
                0x08000a1c                FMC_IRQHandler
                0x08000a1c                USBWakeUp_IRQHandler
                0x08000a1c                DMA2_Channel3_IRQHandler
                0x08000a1c                EXTI2_TSC_IRQHandler
                0x08000a1c                TIM1_BRK_TIM15_IRQHandler
 *fill*         0x08000a1e        0x2 
 .text.HAL_Init
                0x08000a20       0x2c ./Drivers/STM32F3xx_HAL_Driver/Src/stm32f3xx_hal.o
                0x08000a20                HAL_Init
 .text.HAL_DeInit
                0x08000a4c       0x3c ./Drivers/STM32F3xx_HAL_Driver/Src/stm32f3xx_hal.o
                0x08000a4c                HAL_DeInit
 .text.HAL_MspDeInit
                0x08000a88        0xe ./Drivers/STM32F3xx_HAL_Driver/Src/stm32f3xx_hal.o
                0x08000a88                HAL_MspDeInit
 *fill*         0x08000a96        0x2 
 .text.HAL_InitTick
                0x08000a98       0x60 ./Drivers/STM32F3xx_HAL_Driver/Src/stm32f3xx_hal.o
                0x08000a98                HAL_InitTick
 .text.HAL_IncTick
                0x08000af8       0x28 ./Drivers/STM32F3xx_HAL_Driver/Src/stm32f3xx_hal.o
                0x08000af8                HAL_IncTick
 .text.HAL_CAN_Init
                0x08000b20      0x1f6 ./Drivers/STM32F3xx_HAL_Driver/Src/stm32f3xx_hal_can.o
                0x08000b20                HAL_CAN_Init
 .text.HAL_CAN_ConfigFilter
                0x08000d16      0x194 ./Drivers/STM32F3xx_HAL_Driver/Src/stm32f3xx_hal_can.o
                0x08000d16                HAL_CAN_ConfigFilter
 .text.HAL_CAN_Start
                0x08000eaa       0x88 ./Drivers/STM32F3xx_HAL_Driver/Src/stm32f3xx_hal_can.o
                0x08000eaa                HAL_CAN_Start
 .text.HAL_CAN_AddTxMessage
                0x08000f32      0x1a0 ./Drivers/STM32F3xx_HAL_Driver/Src/stm32f3xx_hal_can.o
                0x08000f32                HAL_CAN_AddTxMessage
 .text.HAL_CAN_IsTxMessagePending
                0x080010d2       0x48 ./Drivers/STM32F3xx_HAL_Driver/Src/stm32f3xx_hal_can.o
                0x080010d2                HAL_CAN_IsTxMessagePending
 .text.HAL_CAN_GetRxMessage
                0x0800111a      0x244 ./Drivers/STM32F3xx_HAL_Driver/Src/stm32f3xx_hal_can.o
                0x0800111a                HAL_CAN_GetRxMessage
 *fill*         0x0800135e        0x2 
 .text.__NVIC_SetPriorityGrouping
                0x08001360       0x48 ./Drivers/STM32F3xx_HAL_Driver/Src/stm32f3xx_hal_cortex.o
 .text.__NVIC_GetPriorityGrouping
                0x080013a8       0x1c ./Drivers/STM32F3xx_HAL_Driver/Src/stm32f3xx_hal_cortex.o
 .text.__NVIC_SetPriority
                0x080013c4       0x54 ./Drivers/STM32F3xx_HAL_Driver/Src/stm32f3xx_hal_cortex.o
 .text.NVIC_EncodePriority
                0x08001418       0x66 ./Drivers/STM32F3xx_HAL_Driver/Src/stm32f3xx_hal_cortex.o
 *fill*         0x0800147e        0x2 
 .text.SysTick_Config
                0x08001480       0x44 ./Drivers/STM32F3xx_HAL_Driver/Src/stm32f3xx_hal_cortex.o
 .text.HAL_NVIC_SetPriorityGrouping
                0x080014c4       0x16 ./Drivers/STM32F3xx_HAL_Driver/Src/stm32f3xx_hal_cortex.o
                0x080014c4                HAL_NVIC_SetPriorityGrouping
 .text.HAL_NVIC_SetPriority
                0x080014da       0x38 ./Drivers/STM32F3xx_HAL_Driver/Src/stm32f3xx_hal_cortex.o
                0x080014da                HAL_NVIC_SetPriority
 .text.HAL_SYSTICK_Config
                0x08001512       0x18 ./Drivers/STM32F3xx_HAL_Driver/Src/stm32f3xx_hal_cortex.o
                0x08001512                HAL_SYSTICK_Config
 *fill*         0x0800152a        0x2 
 .text.HAL_FLASH_Program
                0x0800152c       0xe0 ./Drivers/STM32F3xx_HAL_Driver/Src/stm32f3xx_hal_flash.o
                0x0800152c                HAL_FLASH_Program
 .text.HAL_FLASH_Unlock
                0x0800160c       0x4c ./Drivers/STM32F3xx_HAL_Driver/Src/stm32f3xx_hal_flash.o
                0x0800160c                HAL_FLASH_Unlock
 .text.HAL_FLASH_Lock
                0x08001658       0x20 ./Drivers/STM32F3xx_HAL_Driver/Src/stm32f3xx_hal_flash.o
                0x08001658                HAL_FLASH_Lock
 .text.FLASH_Program_HalfWord
                0x08001678       0x38 ./Drivers/STM32F3xx_HAL_Driver/Src/stm32f3xx_hal_flash.o
 .text.FLASH_WaitForLastOperation
                0x080016b0       0x80 ./Drivers/STM32F3xx_HAL_Driver/Src/stm32f3xx_hal_flash.o
                0x080016b0                FLASH_WaitForLastOperation
 .text.FLASH_SetErrorCode
                0x08001730       0x64 ./Drivers/STM32F3xx_HAL_Driver/Src/stm32f3xx_hal_flash.o
 .text.HAL_FLASHEx_Erase
                0x08001794       0xd4 ./Drivers/STM32F3xx_HAL_Driver/Src/stm32f3xx_hal_flash_ex.o
                0x08001794                HAL_FLASHEx_Erase
 .text.FLASH_MassErase
                0x08001868       0x34 ./Drivers/STM32F3xx_HAL_Driver/Src/stm32f3xx_hal_flash_ex.o
 .text.FLASH_PageErase
                0x0800189c       0x40 ./Drivers/STM32F3xx_HAL_Driver/Src/stm32f3xx_hal_flash_ex.o
                0x0800189c                FLASH_PageErase
 .text.HAL_GPIO_Init
                0x080018dc      0x314 ./Drivers/STM32F3xx_HAL_Driver/Src/stm32f3xx_hal_gpio.o
                0x080018dc                HAL_GPIO_Init
 .text.LL_EXTI_EnableIT_0_31
                0x08001bf0       0x24 ./Drivers/STM32F3xx_HAL_Driver/Src/stm32f3xx_ll_exti.o
 .text.LL_EXTI_EnableIT_32_63
                0x08001c14       0x24 ./Drivers/STM32F3xx_HAL_Driver/Src/stm32f3xx_ll_exti.o
 .text.LL_EXTI_DisableIT_0_31
                0x08001c38       0x28 ./Drivers/STM32F3xx_HAL_Driver/Src/stm32f3xx_ll_exti.o
 .text.LL_EXTI_DisableIT_32_63
                0x08001c60       0x28 ./Drivers/STM32F3xx_HAL_Driver/Src/stm32f3xx_ll_exti.o
 .text.LL_EXTI_EnableEvent_0_31
                0x08001c88       0x24 ./Drivers/STM32F3xx_HAL_Driver/Src/stm32f3xx_ll_exti.o
 .text.LL_EXTI_EnableEvent_32_63
                0x08001cac       0x24 ./Drivers/STM32F3xx_HAL_Driver/Src/stm32f3xx_ll_exti.o
 .text.LL_EXTI_DisableEvent_0_31
                0x08001cd0       0x28 ./Drivers/STM32F3xx_HAL_Driver/Src/stm32f3xx_ll_exti.o
 .text.LL_EXTI_DisableEvent_32_63
                0x08001cf8       0x28 ./Drivers/STM32F3xx_HAL_Driver/Src/stm32f3xx_ll_exti.o
 .text.LL_EXTI_EnableRisingTrig_0_31
                0x08001d20       0x24 ./Drivers/STM32F3xx_HAL_Driver/Src/stm32f3xx_ll_exti.o
 .text.LL_EXTI_EnableRisingTrig_32_63
                0x08001d44       0x24 ./Drivers/STM32F3xx_HAL_Driver/Src/stm32f3xx_ll_exti.o
 .text.LL_EXTI_DisableRisingTrig_0_31
                0x08001d68       0x28 ./Drivers/STM32F3xx_HAL_Driver/Src/stm32f3xx_ll_exti.o
 .text.LL_EXTI_DisableRisingTrig_32_63
                0x08001d90       0x28 ./Drivers/STM32F3xx_HAL_Driver/Src/stm32f3xx_ll_exti.o
 .text.LL_EXTI_EnableFallingTrig_0_31
                0x08001db8       0x24 ./Drivers/STM32F3xx_HAL_Driver/Src/stm32f3xx_ll_exti.o
 .text.LL_EXTI_EnableFallingTrig_32_63
                0x08001ddc       0x24 ./Drivers/STM32F3xx_HAL_Driver/Src/stm32f3xx_ll_exti.o
 .text.LL_EXTI_DisableFallingTrig_0_31
                0x08001e00       0x28 ./Drivers/STM32F3xx_HAL_Driver/Src/stm32f3xx_ll_exti.o
 .text.LL_EXTI_DisableFallingTrig_32_63
                0x08001e28       0x28 ./Drivers/STM32F3xx_HAL_Driver/Src/stm32f3xx_ll_exti.o
 .text.LL_EXTI_Init
                0x08001e50      0x1e0 ./Drivers/STM32F3xx_HAL_Driver/Src/stm32f3xx_ll_exti.o
                0x08001e50                LL_EXTI_Init
 .text.LL_GPIO_SetPinMode
                0x08002030       0x5e ./Drivers/STM32F3xx_HAL_Driver/Src/stm32f3xx_ll_gpio.o
 .text.LL_GPIO_SetPinOutputType
                0x0800208e       0x30 ./Drivers/STM32F3xx_HAL_Driver/Src/stm32f3xx_ll_gpio.o
 .text.LL_GPIO_SetPinSpeed
                0x080020be       0x5e ./Drivers/STM32F3xx_HAL_Driver/Src/stm32f3xx_ll_gpio.o
 .text.LL_GPIO_SetPinPull
                0x0800211c       0x5e ./Drivers/STM32F3xx_HAL_Driver/Src/stm32f3xx_ll_gpio.o
 .text.LL_GPIO_SetAFPin_0_7
                0x0800217a       0x5e ./Drivers/STM32F3xx_HAL_Driver/Src/stm32f3xx_ll_gpio.o
 .text.LL_GPIO_SetAFPin_8_15
                0x080021d8       0x62 ./Drivers/STM32F3xx_HAL_Driver/Src/stm32f3xx_ll_gpio.o
 .text.LL_GPIO_Init
                0x0800223a       0xe0 ./Drivers/STM32F3xx_HAL_Driver/Src/stm32f3xx_ll_gpio.o
                0x0800223a                LL_GPIO_Init
 *fill*         0x0800231a        0x2 
 .text.LL_RCC_GetSysClkSource
                0x0800231c       0x1c ./Drivers/STM32F3xx_HAL_Driver/Src/stm32f3xx_ll_rcc.o
 .text.LL_RCC_GetAHBPrescaler
                0x08002338       0x1c ./Drivers/STM32F3xx_HAL_Driver/Src/stm32f3xx_ll_rcc.o
 .text.LL_RCC_GetAPB1Prescaler
                0x08002354       0x1c ./Drivers/STM32F3xx_HAL_Driver/Src/stm32f3xx_ll_rcc.o
 .text.LL_RCC_GetAPB2Prescaler
                0x08002370       0x1c ./Drivers/STM32F3xx_HAL_Driver/Src/stm32f3xx_ll_rcc.o
 .text.LL_RCC_PLL_GetMainSource
                0x0800238c       0x1c ./Drivers/STM32F3xx_HAL_Driver/Src/stm32f3xx_ll_rcc.o
 .text.LL_RCC_PLL_GetMultiplicator
                0x080023a8       0x1c ./Drivers/STM32F3xx_HAL_Driver/Src/stm32f3xx_ll_rcc.o
 .text.LL_RCC_PLL_GetPrediv
                0x080023c4       0x1c ./Drivers/STM32F3xx_HAL_Driver/Src/stm32f3xx_ll_rcc.o
 .text.LL_RCC_GetSystemClocksFreq
                0x080023e0       0x4a ./Drivers/STM32F3xx_HAL_Driver/Src/stm32f3xx_ll_rcc.o
                0x080023e0                LL_RCC_GetSystemClocksFreq
 *fill*         0x0800242a        0x2 
 .text.RCC_GetSystemClockFreq
                0x0800242c       0x4c ./Drivers/STM32F3xx_HAL_Driver/Src/stm32f3xx_ll_rcc.o
                0x0800242c                RCC_GetSystemClockFreq
 .text.RCC_GetHCLKClockFreq
                0x08002478       0x2c ./Drivers/STM32F3xx_HAL_Driver/Src/stm32f3xx_ll_rcc.o
                0x08002478                RCC_GetHCLKClockFreq
 .text.RCC_GetPCLK1ClockFreq
                0x080024a4       0x28 ./Drivers/STM32F3xx_HAL_Driver/Src/stm32f3xx_ll_rcc.o
                0x080024a4                RCC_GetPCLK1ClockFreq
 .text.RCC_GetPCLK2ClockFreq
                0x080024cc       0x28 ./Drivers/STM32F3xx_HAL_Driver/Src/stm32f3xx_ll_rcc.o
                0x080024cc                RCC_GetPCLK2ClockFreq
 .text.RCC_PLL_GetFreqDomain_SYS
                0x080024f4       0x80 ./Drivers/STM32F3xx_HAL_Driver/Src/stm32f3xx_ll_rcc.o
                0x080024f4                RCC_PLL_GetFreqDomain_SYS
 .text.LL_SetSystemCoreClock
                0x08002574       0x20 ./Drivers/STM32F3xx_HAL_Driver/Src/stm32f3xx_ll_utils.o
                0x08002574                LL_SetSystemCoreClock
 .text.CpuIrqDisable
                0x08002594       0x10 ./Loader/ARMCM4_STM32F3/GCC/cpu_comp.o
                0x08002594                CpuIrqDisable
 .text.CpuIrqEnable
                0x080025a4       0x10 ./Loader/ARMCM4_STM32F3/GCC/cpu_comp.o
                0x080025a4                CpuIrqEnable
 .text.CanGetSpeedConfig
                0x080025b4       0xec ./Loader/ARMCM4_STM32F3/can.o
 .text.CanInit  0x080026a0      0x120 ./Loader/ARMCM4_STM32F3/can.o
                0x080026a0                CanInit
 .text.CanTransmitPacket
                0x080027c0       0x94 ./Loader/ARMCM4_STM32F3/can.o
                0x080027c0                CanTransmitPacket
 .text.CanReceivePacket
                0x08002854       0x84 ./Loader/ARMCM4_STM32F3/can.o
                0x08002854                CanReceivePacket
 .text.CpuInit  0x080028d8        0xc ./Loader/ARMCM4_STM32F3/cpu.o
                0x080028d8                CpuInit
 .text.CpuStartUserProgram
                0x080028e4       0x60 ./Loader/ARMCM4_STM32F3/cpu.o
                0x080028e4                CpuStartUserProgram
 .text.CpuMemCopy
                0x08002944       0x40 ./Loader/ARMCM4_STM32F3/cpu.o
                0x08002944                CpuMemCopy
 .text.FlashInit
                0x08002984       0x28 ./Loader/ARMCM4_STM32F3/flash.o
                0x08002984                FlashInit
 .text.FlashWrite
                0x080029ac       0x94 ./Loader/ARMCM4_STM32F3/flash.o
                0x080029ac                FlashWrite
 .text.FlashErase
                0x08002a40       0xe4 ./Loader/ARMCM4_STM32F3/flash.o
                0x08002a40                FlashErase
 .text.FlashWriteChecksum
                0x08002b24       0xa8 ./Loader/ARMCM4_STM32F3/flash.o
                0x08002b24                FlashWriteChecksum
 .text.FlashVerifyChecksum
                0x08002bcc       0x88 ./Loader/ARMCM4_STM32F3/flash.o
                0x08002bcc                FlashVerifyChecksum
 .text.FlashDone
                0x08002c54       0x48 ./Loader/ARMCM4_STM32F3/flash.o
                0x08002c54                FlashDone
 .text.FlashGetUserProgBaseAddress
                0x08002c9c       0x14 ./Loader/ARMCM4_STM32F3/flash.o
                0x08002c9c                FlashGetUserProgBaseAddress
 .text.FlashInitBlock
                0x08002cb0       0x46 ./Loader/ARMCM4_STM32F3/flash.o
 *fill*         0x08002cf6        0x2 
 .text.FlashSwitchBlock
                0x08002cf8       0x64 ./Loader/ARMCM4_STM32F3/flash.o
 .text.FlashAddToBlock
                0x08002d5c       0xc4 ./Loader/ARMCM4_STM32F3/flash.o
 .text.FlashWriteBlock
                0x08002e20       0x7e ./Loader/ARMCM4_STM32F3/flash.o
 .text.NvmInit  0x08002e9e        0xc ./Loader/ARMCM4_STM32F3/nvm.o
                0x08002e9e                NvmInit
 .text.NvmWrite
                0x08002eaa       0x20 ./Loader/ARMCM4_STM32F3/nvm.o
                0x08002eaa                NvmWrite
 .text.NvmErase
                0x08002eca       0x1c ./Loader/ARMCM4_STM32F3/nvm.o
                0x08002eca                NvmErase
 .text.NvmVerifyChecksum
                0x08002ee6        0xe ./Loader/ARMCM4_STM32F3/nvm.o
                0x08002ee6                NvmVerifyChecksum
 .text.NvmGetUserProgBaseAddress
                0x08002ef4        0xe ./Loader/ARMCM4_STM32F3/nvm.o
                0x08002ef4                NvmGetUserProgBaseAddress
 .text.NvmDone  0x08002f02       0x1c ./Loader/ARMCM4_STM32F3/nvm.o
                0x08002f02                NvmDone
 *fill*         0x08002f1e        0x2 
 .text.LL_APB1_GRP1_EnableClock
                0x08002f20       0x30 ./Loader/ARMCM4_STM32F3/timer.o
 .text.LL_APB1_GRP1_DisableClock
                0x08002f50       0x28 ./Loader/ARMCM4_STM32F3/timer.o
 .text.LL_APB1_GRP1_ForceReset
                0x08002f78       0x24 ./Loader/ARMCM4_STM32F3/timer.o
 .text.LL_APB1_GRP1_ReleaseReset
                0x08002f9c       0x28 ./Loader/ARMCM4_STM32F3/timer.o
 .text.LL_RCC_GetAPB1Prescaler
                0x08002fc4       0x1c ./Loader/ARMCM4_STM32F3/timer.o
 .text.TimerInit
                0x08002fe0       0xa4 ./Loader/ARMCM4_STM32F3/timer.o
                0x08002fe0                TimerInit
 .text.TimerReset
                0x08003084       0x40 ./Loader/ARMCM4_STM32F3/timer.o
                0x08003084                TimerReset
 .text.TimerUpdate
                0x080030c4       0x70 ./Loader/ARMCM4_STM32F3/timer.o
                0x080030c4                TimerUpdate
 .text.TimerGet
                0x08003134       0x14 ./Loader/ARMCM4_STM32F3/timer.o
                0x08003134                TimerGet
 .text.HAL_GetTick
                0x08003148        0xe ./Loader/ARMCM4_STM32F3/timer.o
                0x08003148                HAL_GetTick
 .text.AssertFailure
                0x08003156       0x10 ./Loader/asserts.o
                0x08003156                AssertFailure
 *fill*         0x08003166        0x2 
 .text.BackDoorInit
                0x08003168       0x1c ./Loader/backdoor.o
                0x08003168                BackDoorInit
 .text.BackDoorCheck
                0x08003184       0x4c ./Loader/backdoor.o
                0x08003184                BackDoorCheck
 .text.BackDoorRestartTimer
                0x080031d0       0x24 ./Loader/backdoor.o
                0x080031d0                BackDoorRestartTimer
 .text.BootInit
                0x080031f4       0x24 ./Loader/boot.o
                0x080031f4                BootInit
 .text.BootTask
                0x08003218       0x18 ./Loader/boot.o
                0x08003218                BootTask
 .text.ComInit  0x08003230       0x1c ./Loader/com.o
                0x08003230                ComInit
 .text.ComTask  0x0800324c       0x38 ./Loader/com.o
                0x0800324c                ComTask
 .text.ComFree  0x08003284        0xe ./Loader/com.o
                0x08003284                ComFree
 *fill*         0x08003292        0x2 
 .text.ComTransmitPacket
                0x08003294       0x30 ./Loader/com.o
                0x08003294                ComTransmitPacket
 .text.ComGetActiveInterfaceMaxRxLen
                0x080032c4       0x60 ./Loader/com.o
                0x080032c4                ComGetActiveInterfaceMaxRxLen
 .text.ComGetActiveInterfaceMaxTxLen
                0x08003324       0x60 ./Loader/com.o
                0x08003324                ComGetActiveInterfaceMaxTxLen
 .text.ComIsConnected
                0x08003384       0x22 ./Loader/com.o
                0x08003384                ComIsConnected
 .text.CopInit  0x080033a6        0xc ./Loader/cop.o
                0x080033a6                CopInit
 .text.CopService
                0x080033b2        0xc ./Loader/cop.o
                0x080033b2                CopService
 *fill*         0x080033be        0x2 
 .text.InfoTableInit
                0x080033c0       0x1c ./Loader/infotable.o
                0x080033c0                InfoTableInit
 .text.InfoTableCheck
                0x080033dc       0x3c ./Loader/infotable.o
                0x080033dc                InfoTableCheck
 .text.InfoTableGetPtr
                0x08003418       0x30 ./Loader/infotable.o
                0x08003418                InfoTableGetPtr
 .text.InfoTableClear
                0x08003448       0x54 ./Loader/infotable.o
                0x08003448                InfoTableClear
 .text.InfoTableCurrentSize
                0x0800349c       0x48 ./Loader/infotable.o
                0x0800349c                InfoTableCurrentSize
 .text.InfoTableAddData
                0x080034e4       0x68 ./Loader/infotable.o
                0x080034e4                InfoTableAddData
 .text.XcpInit  0x0800354c       0x44 ./Loader/xcp.o
                0x0800354c                XcpInit
 .text.XcpIsConnected
                0x08003590       0x24 ./Loader/xcp.o
                0x08003590                XcpIsConnected
 .text.XcpPacketTransmitted
                0x080035b4       0x1c ./Loader/xcp.o
                0x080035b4                XcpPacketTransmitted
 .text.XcpPacketReceived
                0x080035d0      0x1d4 ./Loader/xcp.o
                0x080035d0                XcpPacketReceived
 .text.XcpTransmitPacket
                0x080037a4       0x1e ./Loader/xcp.o
 .text.XcpComputeChecksum
                0x080037c2       0x40 ./Loader/xcp.o
 *fill*         0x08003802        0x2 
 .text.XcpProtectResources
                0x08003804       0x1c ./Loader/xcp.o
 .text.XcpSetCtoError
                0x08003820       0x30 ./Loader/xcp.o
 .text.XcpGetOrderedLong
                0x08003850       0x50 ./Loader/xcp.o
 .text.XcpSetOrderedLong
                0x080038a0       0x42 ./Loader/xcp.o
 *fill*         0x080038e2        0x2 
 .text.XcpCmdConnect
                0x080038e4       0x88 ./Loader/xcp.o
 .text.XcpCmdDisconnect
                0x0800396c       0x30 ./Loader/xcp.o
 .text.XcpCmdGetStatus
                0x0800399c       0x48 ./Loader/xcp.o
 .text.XcpCmdSynch
                0x080039e4       0x16 ./Loader/xcp.o
 *fill*         0x080039fa        0x2 
 .text.XcpCmdGetId
                0x080039fc       0x50 ./Loader/xcp.o
 .text.XcpCmdSetMta
                0x08003a4c       0x34 ./Loader/xcp.o
 .text.XcpCmdUpload
                0x08003a80       0x78 ./Loader/xcp.o
 .text.XcpCmdShortUpload
                0x08003af8       0x8c ./Loader/xcp.o
 .text.XcpCmdBuildCheckSum
                0x08003b84       0x68 ./Loader/xcp.o
 .text.XcpCmdProgramStart
                0x08003bec       0x4c ./Loader/xcp.o
 .text.XcpCmdProgramMax
                0x08003c38       0x60 ./Loader/xcp.o
 .text.XcpCmdProgram
                0x08003c98       0x94 ./Loader/xcp.o
 .text.XcpCmdProgramClear
                0x08003d2c       0x4c ./Loader/xcp.o
 .text.XcpCmdProgramReset
                0x08003d78       0x28 ./Loader/xcp.o
 .text.XcpCmdProgramPrepare
                0x08003da0       0x16 ./Loader/xcp.o
 .text.XcpCmdUser
                0x08003db6       0x2c ./Loader/xcp.o
 .text.XcpCmdUserSubCmdInfoTable
                0x08003de2       0x4a ./Loader/xcp.o
 .text.XcpCmdUserSubCmdInfoTableCidGetInfo
                0x08003e2c       0x68 ./Loader/xcp.o
 .text.XcpCmdUserSubCmdInfoTableCidDownload
                0x08003e94       0x60 ./Loader/xcp.o
 .text.XcpCmdUserSubCmdInfoTableCidCheck
                0x08003ef4       0x5c ./Loader/xcp.o
 .text.__libc_init_array
                0x08003f50       0x48 C:/ST/STM32CubeIDE_1.18.0/STM32CubeIDE/plugins/com.st.stm32cube.ide.mcu.externaltools.gnu-tools-for-stm32.13.3.rel1.win32_1.0.0.202411081344/tools/bin/../lib/gcc/arm-none-eabi/13.3.1/../../../../arm-none-eabi/lib/thumb/v7e-m+fp/hard\libc_nano.a(libc_a-init.o)
                0x08003f50                __libc_init_array
 *(.glue_7)
 .glue_7        0x08003f98        0x0 linker stubs
 *(.glue_7t)
 .glue_7t       0x08003f98        0x0 linker stubs
 *(.eh_frame)
 .eh_frame      0x08003f98        0x0 C:/ST/STM32CubeIDE_1.18.0/STM32CubeIDE/plugins/com.st.stm32cube.ide.mcu.externaltools.gnu-tools-for-stm32.13.3.rel1.win32_1.0.0.202411081344/tools/bin/../lib/gcc/arm-none-eabi/13.3.1/thumb/v7e-m+fp/hard/crtbegin.o
 *(.init)
 .init          0x08003f98        0x4 C:/ST/STM32CubeIDE_1.18.0/STM32CubeIDE/plugins/com.st.stm32cube.ide.mcu.externaltools.gnu-tools-for-stm32.13.3.rel1.win32_1.0.0.202411081344/tools/bin/../lib/gcc/arm-none-eabi/13.3.1/thumb/v7e-m+fp/hard/crti.o
                0x08003f98                _init
 .init          0x08003f9c        0x8 C:/ST/STM32CubeIDE_1.18.0/STM32CubeIDE/plugins/com.st.stm32cube.ide.mcu.externaltools.gnu-tools-for-stm32.13.3.rel1.win32_1.0.0.202411081344/tools/bin/../lib/gcc/arm-none-eabi/13.3.1/thumb/v7e-m+fp/hard/crtn.o
 *(.fini)
 .fini          0x08003fa4        0x4 C:/ST/STM32CubeIDE_1.18.0/STM32CubeIDE/plugins/com.st.stm32cube.ide.mcu.externaltools.gnu-tools-for-stm32.13.3.rel1.win32_1.0.0.202411081344/tools/bin/../lib/gcc/arm-none-eabi/13.3.1/thumb/v7e-m+fp/hard/crti.o
                0x08003fa4                _fini
 .fini          0x08003fa8        0x8 C:/ST/STM32CubeIDE_1.18.0/STM32CubeIDE/plugins/com.st.stm32cube.ide.mcu.externaltools.gnu-tools-for-stm32.13.3.rel1.win32_1.0.0.202411081344/tools/bin/../lib/gcc/arm-none-eabi/13.3.1/thumb/v7e-m+fp/hard/crtn.o
                0x08003fb0                        . = ALIGN (0x4)
                0x08003fb0                        _etext = .

.vfp11_veneer   0x08003fb0        0x0
 .vfp11_veneer  0x08003fb0        0x0 linker stubs

.v4_bx          0x08003fb0        0x0
 .v4_bx         0x08003fb0        0x0 linker stubs

.iplt           0x08003fb0        0x0
 .iplt          0x08003fb0        0x0 C:/ST/STM32CubeIDE_1.18.0/STM32CubeIDE/plugins/com.st.stm32cube.ide.mcu.externaltools.gnu-tools-for-stm32.13.3.rel1.win32_1.0.0.202411081344/tools/bin/../lib/gcc/arm-none-eabi/13.3.1/thumb/v7e-m+fp/hard/crtbegin.o

.rodata         0x08003fb0       0xd4
                0x08003fb0                        . = ALIGN (0x4)
 *(.rodata)
 .rodata        0x08003fb0       0x4a ./Loader/ARMCM4_STM32F3/can.o
 *fill*         0x08003ffa        0x2 
 .rodata        0x08003ffc       0x41 ./Loader/infotable.o
 *(.rodata*)
 *fill*         0x0800403d        0x3 
 .rodata.AHBPrescTable
                0x08004040       0x10 ./Core/Src/system_stm32f3xx.o
                0x08004040                AHBPrescTable
 .rodata.APBPrescTable
                0x08004050        0x8 ./Core/Src/system_stm32f3xx.o
                0x08004050                APBPrescTable
 .rodata.canTiming
                0x08004058       0x24 ./Loader/ARMCM4_STM32F3/can.o
 .rodata.xcpStationId
                0x0800407c        0x8 ./Loader/xcp.o
                0x08004084                        . = ALIGN (0x4)

.ARM.extab      0x08004084        0x0
                0x08004084                        . = ALIGN (0x4)
 *(.ARM.extab* .gnu.linkonce.armextab.*)
                0x08004084                        . = ALIGN (0x4)

.ARM            0x08004084        0x0
                0x08004084                        . = ALIGN (0x4)
                0x08004084                        __exidx_start = .
 *(.ARM.exidx*)
                0x08004084                        __exidx_end = .
                0x08004084                        . = ALIGN (0x4)

.preinit_array  0x08004084        0x0
                0x08004084                        . = ALIGN (0x4)
                0x08004084                        PROVIDE (__preinit_array_start = .)
 *(.preinit_array*)
                0x08004084                        PROVIDE (__preinit_array_end = .)
                0x08004084                        . = ALIGN (0x4)

.init_array     0x08004084        0x4
                0x08004084                        . = ALIGN (0x4)
                0x08004084                        PROVIDE (__init_array_start = .)
 *(SORT_BY_NAME(.init_array.*))
 *(.init_array*)
 .init_array    0x08004084        0x4 C:/ST/STM32CubeIDE_1.18.0/STM32CubeIDE/plugins/com.st.stm32cube.ide.mcu.externaltools.gnu-tools-for-stm32.13.3.rel1.win32_1.0.0.202411081344/tools/bin/../lib/gcc/arm-none-eabi/13.3.1/thumb/v7e-m+fp/hard/crtbegin.o
                0x08004088                        PROVIDE (__init_array_end = .)
                0x08004088                        . = ALIGN (0x4)

.fini_array     0x08004088        0x4
                0x08004088                        . = ALIGN (0x4)
                [!provide]                        PROVIDE (__fini_array_start = .)
 *(SORT_BY_NAME(.fini_array.*))
 *(.fini_array*)
 .fini_array    0x08004088        0x4 C:/ST/STM32CubeIDE_1.18.0/STM32CubeIDE/plugins/com.st.stm32cube.ide.mcu.externaltools.gnu-tools-for-stm32.13.3.rel1.win32_1.0.0.202411081344/tools/bin/../lib/gcc/arm-none-eabi/13.3.1/thumb/v7e-m+fp/hard/crtbegin.o
                [!provide]                        PROVIDE (__fini_array_end = .)
                0x0800408c                        . = ALIGN (0x4)
                0x0800408c                        _sidata = LOADADDR (.data)

.rel.dyn        0x0800408c        0x0
 .rel.iplt      0x0800408c        0x0 C:/ST/STM32CubeIDE_1.18.0/STM32CubeIDE/plugins/com.st.stm32cube.ide.mcu.externaltools.gnu-tools-for-stm32.13.3.rel1.win32_1.0.0.202411081344/tools/bin/../lib/gcc/arm-none-eabi/13.3.1/thumb/v7e-m+fp/hard/crtbegin.o

.data           0x20000000        0xc load address 0x0800408c
                0x20000000                        . = ALIGN (0x4)
                0x20000000                        _sdata = .
 *(.data)
 *(.data*)
 .data.SystemCoreClock
                0x20000000        0x4 ./Core/Src/system_stm32f3xx.o
                0x20000000                SystemCoreClock
 .data.uwTickPrio
                0x20000004        0x4 ./Drivers/STM32F3xx_HAL_Driver/Src/stm32f3xx_hal.o
                0x20000004                uwTickPrio
 .data.uwTickFreq
                0x20000008        0x1 ./Drivers/STM32F3xx_HAL_Driver/Src/stm32f3xx_hal.o
                0x20000008                uwTickFreq
 .data.comActiveInterface
                0x20000009        0x1 ./Loader/com.o
 *(.RamFunc)
 *(.RamFunc*)
                0x2000000c                        . = ALIGN (0x4)
 *fill*         0x2000000a        0x2 
                0x2000000c                        _edata = .
                0x08004098                        _siccmram = LOADADDR (.ccmram)

.igot.plt       0x2000000c        0x0 load address 0x08004098
 .igot.plt      0x2000000c        0x0 C:/ST/STM32CubeIDE_1.18.0/STM32CubeIDE/plugins/com.st.stm32cube.ide.mcu.externaltools.gnu-tools-for-stm32.13.3.rel1.win32_1.0.0.202411081344/tools/bin/../lib/gcc/arm-none-eabi/13.3.1/thumb/v7e-m+fp/hard/crtbegin.o

.ccmram         0x10000000        0x0 load address 0x08004098
                0x10000000                        . = ALIGN (0x4)
                0x10000000                        _sccmram = .
 *(.ccmram)
 *(.ccmram*)
                0x10000000                        . = ALIGN (0x4)
                0x10000000                        _eccmram = .
                0x10000000                        . = ALIGN (0x4)

.bss            0x20000010      0x5b0
                0x20000010                        _sbss = .
                0x20000010                        __bss_start__ = _sbss
 *(.bss)
 .bss           0x20000010       0x1c C:/ST/STM32CubeIDE_1.18.0/STM32CubeIDE/plugins/com.st.stm32cube.ide.mcu.externaltools.gnu-tools-for-stm32.13.3.rel1.win32_1.0.0.202411081344/tools/bin/../lib/gcc/arm-none-eabi/13.3.1/thumb/v7e-m+fp/hard/crtbegin.o
 *(.bss*)
 .bss.ledBlinkIntervalMs
                0x2000002c        0x2 ./App/led.o
 *fill*         0x2000002e        0x2 
 .bss.nextBlinkEvent.1
                0x20000030        0x4 ./App/led.o
 .bss.ledOn.0   0x20000034        0x1 ./App/led.o
 *fill*         0x20000035        0x3 
 .bss.uwTick    0x20000038        0x4 ./Drivers/STM32F3xx_HAL_Driver/Src/stm32f3xx_hal.o
                0x20000038                uwTick
 *fill*         0x2000003c        0x4 
 .bss.pFlash    0x20000040       0x20 ./Drivers/STM32F3xx_HAL_Driver/Src/stm32f3xx_hal_flash.o
                0x20000040                pFlash
 .bss.canHandle
                0x20000060       0x28 ./Loader/ARMCM4_STM32F3/can.o
 .bss.blockInfo
                0x20000088      0x204 ./Loader/ARMCM4_STM32F3/flash.o
 .bss.bootBlockInfo
                0x2000028c      0x204 ./Loader/ARMCM4_STM32F3/flash.o
 .bss.millisecond_counter
                0x20000490        0x4 ./Loader/ARMCM4_STM32F3/timer.o
 .bss.free_running_counter_last
                0x20000494        0x2 ./Loader/ARMCM4_STM32F3/timer.o
 .bss.backdoorOpen
                0x20000496        0x1 ./Loader/backdoor.o
 *fill*         0x20000497        0x1 
 .bss.backdoorOpenTime
                0x20000498        0x4 ./Loader/backdoor.o
 .bss.backdoorExtensionTime
                0x2000049c        0x4 ./Loader/backdoor.o
 .bss.xcpCtoReqPacket.0
                0x200004a0       0x81 ./Loader/com.o
 *fill*         0x20000521        0x3 
 .bss.infoTableBuffer
                0x20000524        0xc ./Loader/infotable.o
 .bss.infoTableWritePtr
                0x20000530        0x4 ./Loader/infotable.o
 .bss.xcpInfo   0x20000534       0x8c ./Loader/xcp.o
 *(COMMON)
                0x200005c0                        . = ALIGN (0x4)
                0x200005c0                        _ebss = .
                0x200005c0                        __bss_end__ = _ebss

._user_heap_stack
                0x200005c0      0x600
                0x200005c0                        . = ALIGN (0x8)
                [!provide]                        PROVIDE (end = .)
                0x200005c0                        PROVIDE (_end = .)
                0x200007c0                        . = (. + _Min_Heap_Size)
 *fill*         0x200005c0      0x200 
                0x20000bc0                        . = (. + _Min_Stack_Size)
 *fill*         0x200007c0      0x400 
                0x20000bc0                        . = ALIGN (0x8)

/DISCARD/
 libc.a(*)
 libm.a(*)
 libgcc.a(*)

.ARM.attributes
                0x00000000       0x30
 *(.ARM.attributes)
 .ARM.attributes
                0x00000000       0x22 C:/ST/STM32CubeIDE_1.18.0/STM32CubeIDE/plugins/com.st.stm32cube.ide.mcu.externaltools.gnu-tools-for-stm32.13.3.rel1.win32_1.0.0.202411081344/tools/bin/../lib/gcc/arm-none-eabi/13.3.1/thumb/v7e-m+fp/hard/crti.o
 .ARM.attributes
                0x00000022       0x34 C:/ST/STM32CubeIDE_1.18.0/STM32CubeIDE/plugins/com.st.stm32cube.ide.mcu.externaltools.gnu-tools-for-stm32.13.3.rel1.win32_1.0.0.202411081344/tools/bin/../lib/gcc/arm-none-eabi/13.3.1/thumb/v7e-m+fp/hard/crtbegin.o
 .ARM.attributes
                0x00000056       0x34 ./App/app.o
 .ARM.attributes
                0x0000008a       0x34 ./App/hooks.o
 .ARM.attributes
                0x000000be       0x34 ./App/led.o
 .ARM.attributes
                0x000000f2       0x34 ./Core/Src/main.o
 .ARM.attributes
                0x00000126       0x34 ./Core/Src/stm32f3xx_hal_msp.o
 .ARM.attributes
                0x0000015a       0x34 ./Core/Src/stm32f3xx_it.o
 .ARM.attributes
                0x0000018e       0x34 ./Core/Src/system_stm32f3xx.o
 .ARM.attributes
                0x000001c2       0x21 ./Core/Startup/startup_stm32f303retx.o
 .ARM.attributes
                0x000001e3       0x34 ./Drivers/STM32F3xx_HAL_Driver/Src/stm32f3xx_hal.o
 .ARM.attributes
                0x00000217       0x34 ./Drivers/STM32F3xx_HAL_Driver/Src/stm32f3xx_hal_can.o
 .ARM.attributes
                0x0000024b       0x34 ./Drivers/STM32F3xx_HAL_Driver/Src/stm32f3xx_hal_cortex.o
 .ARM.attributes
                0x0000027f       0x34 ./Drivers/STM32F3xx_HAL_Driver/Src/stm32f3xx_hal_flash.o
 .ARM.attributes
                0x000002b3       0x34 ./Drivers/STM32F3xx_HAL_Driver/Src/stm32f3xx_hal_flash_ex.o
 .ARM.attributes
                0x000002e7       0x34 ./Drivers/STM32F3xx_HAL_Driver/Src/stm32f3xx_hal_gpio.o
 .ARM.attributes
                0x0000031b       0x34 ./Drivers/STM32F3xx_HAL_Driver/Src/stm32f3xx_ll_exti.o
 .ARM.attributes
                0x0000034f       0x34 ./Drivers/STM32F3xx_HAL_Driver/Src/stm32f3xx_ll_gpio.o
 .ARM.attributes
                0x00000383       0x34 ./Drivers/STM32F3xx_HAL_Driver/Src/stm32f3xx_ll_rcc.o
 .ARM.attributes
                0x000003b7       0x34 ./Drivers/STM32F3xx_HAL_Driver/Src/stm32f3xx_ll_utils.o
 .ARM.attributes
                0x000003eb       0x34 ./Loader/ARMCM4_STM32F3/GCC/cpu_comp.o
 .ARM.attributes
                0x0000041f       0x34 ./Loader/ARMCM4_STM32F3/can.o
 .ARM.attributes
                0x00000453       0x34 ./Loader/ARMCM4_STM32F3/cpu.o
 .ARM.attributes
                0x00000487       0x34 ./Loader/ARMCM4_STM32F3/flash.o
 .ARM.attributes
                0x000004bb       0x34 ./Loader/ARMCM4_STM32F3/nvm.o
 .ARM.attributes
                0x000004ef       0x34 ./Loader/ARMCM4_STM32F3/timer.o
 .ARM.attributes
                0x00000523       0x34 ./Loader/asserts.o
 .ARM.attributes
                0x00000557       0x34 ./Loader/backdoor.o
 .ARM.attributes
                0x0000058b       0x34 ./Loader/boot.o
 .ARM.attributes
                0x000005bf       0x34 ./Loader/com.o
 .ARM.attributes
                0x000005f3       0x34 ./Loader/cop.o
 .ARM.attributes
                0x00000627       0x34 ./Loader/infotable.o
 .ARM.attributes
                0x0000065b       0x34 ./Loader/xcp.o
 .ARM.attributes
                0x0000068f       0x34 C:/ST/STM32CubeIDE_1.18.0/STM32CubeIDE/plugins/com.st.stm32cube.ide.mcu.externaltools.gnu-tools-for-stm32.13.3.rel1.win32_1.0.0.202411081344/tools/bin/../lib/gcc/arm-none-eabi/13.3.1/../../../../arm-none-eabi/lib/thumb/v7e-m+fp/hard\libc_nano.a(libc_a-init.o)
 .ARM.attributes
                0x000006c3       0x22 C:/ST/STM32CubeIDE_1.18.0/STM32CubeIDE/plugins/com.st.stm32cube.ide.mcu.externaltools.gnu-tools-for-stm32.13.3.rel1.win32_1.0.0.202411081344/tools/bin/../lib/gcc/arm-none-eabi/13.3.1/thumb/v7e-m+fp/hard/crtn.o
OUTPUT(Boot_OpenBLT.elf elf32-littlearm)
LOAD linker stubs
LOAD C:/ST/STM32CubeIDE_1.18.0/STM32CubeIDE/plugins/com.st.stm32cube.ide.mcu.externaltools.gnu-tools-for-stm32.13.3.rel1.win32_1.0.0.202411081344/tools/bin/../lib/gcc/arm-none-eabi/13.3.1/../../../../arm-none-eabi/lib/thumb/v7e-m+fp/hard\libc.a
LOAD C:/ST/STM32CubeIDE_1.18.0/STM32CubeIDE/plugins/com.st.stm32cube.ide.mcu.externaltools.gnu-tools-for-stm32.13.3.rel1.win32_1.0.0.202411081344/tools/bin/../lib/gcc/arm-none-eabi/13.3.1/../../../../arm-none-eabi/lib/thumb/v7e-m+fp/hard\libm.a
LOAD C:/ST/STM32CubeIDE_1.18.0/STM32CubeIDE/plugins/com.st.stm32cube.ide.mcu.externaltools.gnu-tools-for-stm32.13.3.rel1.win32_1.0.0.202411081344/tools/bin/../lib/gcc/arm-none-eabi/13.3.1/thumb/v7e-m+fp/hard\libgcc.a

.debug_info     0x00000000     0xa3f0
 .debug_info    0x00000000       0x8f ./App/app.o
 .debug_info    0x0000008f      0x2be ./App/hooks.o
 .debug_info    0x0000034d      0x261 ./App/led.o
 .debug_info    0x000005ae     0x10dc ./Core/Src/main.o
 .debug_info    0x0000168a      0x785 ./Core/Src/stm32f3xx_hal_msp.o
 .debug_info    0x00001e0f      0x157 ./Core/Src/stm32f3xx_it.o
 .debug_info    0x00001f66      0x407 ./Core/Src/system_stm32f3xx.o
 .debug_info    0x0000236d       0x30 ./Core/Startup/startup_stm32f303retx.o
 .debug_info    0x0000239d      0x804 ./Drivers/STM32F3xx_HAL_Driver/Src/stm32f3xx_hal.o
 .debug_info    0x00002ba1      0xf07 ./Drivers/STM32F3xx_HAL_Driver/Src/stm32f3xx_hal_can.o
 .debug_info    0x00003aa8      0xd14 ./Drivers/STM32F3xx_HAL_Driver/Src/stm32f3xx_hal_cortex.o
 .debug_info    0x000047bc      0x4f5 ./Drivers/STM32F3xx_HAL_Driver/Src/stm32f3xx_hal_flash.o
 .debug_info    0x00004cb1      0x7cb ./Drivers/STM32F3xx_HAL_Driver/Src/stm32f3xx_hal_flash_ex.o
 .debug_info    0x0000547c      0x6a6 ./Drivers/STM32F3xx_HAL_Driver/Src/stm32f3xx_hal_gpio.o
 .debug_info    0x00005b22      0x4df ./Drivers/STM32F3xx_HAL_Driver/Src/stm32f3xx_ll_exti.o
 .debug_info    0x00006001      0x6ee ./Drivers/STM32F3xx_HAL_Driver/Src/stm32f3xx_ll_gpio.o
 .debug_info    0x000066ef      0x7e1 ./Drivers/STM32F3xx_HAL_Driver/Src/stm32f3xx_ll_rcc.o
 .debug_info    0x00006ed0      0x81a ./Drivers/STM32F3xx_HAL_Driver/Src/stm32f3xx_ll_utils.o
 .debug_info    0x000076ea       0x83 ./Loader/ARMCM4_STM32F3/GCC/cpu_comp.o
 .debug_info    0x0000776d      0x9fa ./Loader/ARMCM4_STM32F3/can.o
 .debug_info    0x00008167      0x3f3 ./Loader/ARMCM4_STM32F3/cpu.o
 .debug_info    0x0000855a      0x58a ./Loader/ARMCM4_STM32F3/flash.o
 .debug_info    0x00008ae4      0x1bc ./Loader/ARMCM4_STM32F3/nvm.o
 .debug_info    0x00008ca0      0x6d7 ./Loader/ARMCM4_STM32F3/timer.o
 .debug_info    0x00009377       0xb6 ./Loader/asserts.o
 .debug_info    0x0000942d      0x134 ./Loader/backdoor.o
 .debug_info    0x00009561       0xdb ./Loader/boot.o
 .debug_info    0x0000963c      0x264 ./Loader/com.o
 .debug_info    0x000098a0       0x8f ./Loader/cop.o
 .debug_info    0x0000992f      0x2b7 ./Loader/infotable.o
 .debug_info    0x00009be6      0x80a ./Loader/xcp.o

.debug_abbrev   0x00000000     0x321d
 .debug_abbrev  0x00000000       0x5c ./App/app.o
 .debug_abbrev  0x0000005c      0x17a ./App/hooks.o
 .debug_abbrev  0x000001d6      0x16a ./App/led.o
 .debug_abbrev  0x00000340      0x363 ./Core/Src/main.o
 .debug_abbrev  0x000006a3      0x1b7 ./Core/Src/stm32f3xx_hal_msp.o
 .debug_abbrev  0x0000085a       0xac ./Core/Src/stm32f3xx_it.o
 .debug_abbrev  0x00000906      0x11a ./Core/Src/system_stm32f3xx.o
 .debug_abbrev  0x00000a20       0x24 ./Core/Startup/startup_stm32f303retx.o
 .debug_abbrev  0x00000a44      0x215 ./Drivers/STM32F3xx_HAL_Driver/Src/stm32f3xx_hal.o
 .debug_abbrev  0x00000c59      0x231 ./Drivers/STM32F3xx_HAL_Driver/Src/stm32f3xx_hal_can.o
 .debug_abbrev  0x00000e8a      0x31e ./Drivers/STM32F3xx_HAL_Driver/Src/stm32f3xx_hal_cortex.o
 .debug_abbrev  0x000011a8      0x258 ./Drivers/STM32F3xx_HAL_Driver/Src/stm32f3xx_hal_flash.o
 .debug_abbrev  0x00001400      0x2af ./Drivers/STM32F3xx_HAL_Driver/Src/stm32f3xx_hal_flash_ex.o
 .debug_abbrev  0x000016af      0x1ca ./Drivers/STM32F3xx_HAL_Driver/Src/stm32f3xx_hal_gpio.o
 .debug_abbrev  0x00001879      0x188 ./Drivers/STM32F3xx_HAL_Driver/Src/stm32f3xx_ll_exti.o
 .debug_abbrev  0x00001a01      0x21e ./Drivers/STM32F3xx_HAL_Driver/Src/stm32f3xx_ll_gpio.o
 .debug_abbrev  0x00001c1f      0x246 ./Drivers/STM32F3xx_HAL_Driver/Src/stm32f3xx_ll_rcc.o
 .debug_abbrev  0x00001e65      0x2b9 ./Drivers/STM32F3xx_HAL_Driver/Src/stm32f3xx_ll_utils.o
 .debug_abbrev  0x0000211e       0x47 ./Loader/ARMCM4_STM32F3/GCC/cpu_comp.o
 .debug_abbrev  0x00002165      0x26f ./Loader/ARMCM4_STM32F3/can.o
 .debug_abbrev  0x000023d4      0x187 ./Loader/ARMCM4_STM32F3/cpu.o
 .debug_abbrev  0x0000255b      0x251 ./Loader/ARMCM4_STM32F3/flash.o
 .debug_abbrev  0x000027ac      0x10a ./Loader/ARMCM4_STM32F3/nvm.o
 .debug_abbrev  0x000028b6      0x19c ./Loader/ARMCM4_STM32F3/timer.o
 .debug_abbrev  0x00002a52       0x87 ./Loader/asserts.o
 .debug_abbrev  0x00002ad9       0xda ./Loader/backdoor.o
 .debug_abbrev  0x00002bb3       0x5a ./Loader/boot.o
 .debug_abbrev  0x00002c0d      0x1e3 ./Loader/com.o
 .debug_abbrev  0x00002df0       0x5c ./Loader/cop.o
 .debug_abbrev  0x00002e4c      0x17a ./Loader/infotable.o
 .debug_abbrev  0x00002fc6      0x257 ./Loader/xcp.o

.debug_aranges  0x00000000      0xe88
 .debug_aranges
                0x00000000       0x28 ./App/app.o
 .debug_aranges
                0x00000028       0x40 ./App/hooks.o
 .debug_aranges
                0x00000068       0x40 ./App/led.o
 .debug_aranges
                0x000000a8      0x100 ./Core/Src/main.o
 .debug_aranges
                0x000001a8       0x30 ./Core/Src/stm32f3xx_hal_msp.o
 .debug_aranges
                0x000001d8       0x60 ./Core/Src/stm32f3xx_it.o
 .debug_aranges
                0x00000238       0x28 ./Core/Src/system_stm32f3xx.o
 .debug_aranges
                0x00000260       0x28 ./Core/Startup/startup_stm32f303retx.o
 .debug_aranges
                0x00000288       0xe0 ./Drivers/STM32F3xx_HAL_Driver/Src/stm32f3xx_hal.o
 .debug_aranges
                0x00000368      0x138 ./Drivers/STM32F3xx_HAL_Driver/Src/stm32f3xx_hal_can.o
 .debug_aranges
                0x000004a0      0x128 ./Drivers/STM32F3xx_HAL_Driver/Src/stm32f3xx_hal_cortex.o
 .debug_aranges
                0x000005c8       0x88 ./Drivers/STM32F3xx_HAL_Driver/Src/stm32f3xx_hal_flash.o
 .debug_aranges
                0x00000650       0x98 ./Drivers/STM32F3xx_HAL_Driver/Src/stm32f3xx_hal_flash_ex.o
 .debug_aranges
                0x000006e8       0x58 ./Drivers/STM32F3xx_HAL_Driver/Src/stm32f3xx_hal_gpio.o
 .debug_aranges
                0x00000740       0xb0 ./Drivers/STM32F3xx_HAL_Driver/Src/stm32f3xx_ll_exti.o
 .debug_aranges
                0x000007f0       0x70 ./Drivers/STM32F3xx_HAL_Driver/Src/stm32f3xx_ll_gpio.o
 .debug_aranges
                0x00000860      0x130 ./Drivers/STM32F3xx_HAL_Driver/Src/stm32f3xx_ll_rcc.o
 .debug_aranges
                0x00000990       0xf0 ./Drivers/STM32F3xx_HAL_Driver/Src/stm32f3xx_ll_utils.o
 .debug_aranges
                0x00000a80       0x28 ./Loader/ARMCM4_STM32F3/GCC/cpu_comp.o
 .debug_aranges
                0x00000aa8       0x38 ./Loader/ARMCM4_STM32F3/can.o
 .debug_aranges
                0x00000ae0       0x38 ./Loader/ARMCM4_STM32F3/cpu.o
 .debug_aranges
                0x00000b18       0x70 ./Loader/ARMCM4_STM32F3/flash.o
 .debug_aranges
                0x00000b88       0x48 ./Loader/ARMCM4_STM32F3/nvm.o
 .debug_aranges
                0x00000bd0       0x68 ./Loader/ARMCM4_STM32F3/timer.o
 .debug_aranges
                0x00000c38       0x20 ./Loader/asserts.o
 .debug_aranges
                0x00000c58       0x40 ./Loader/backdoor.o
 .debug_aranges
                0x00000c98       0x28 ./Loader/boot.o
 .debug_aranges
                0x00000cc0       0x50 ./Loader/com.o
 .debug_aranges
                0x00000d10       0x28 ./Loader/cop.o
 .debug_aranges
                0x00000d38       0x48 ./Loader/infotable.o
 .debug_aranges
                0x00000d80      0x108 ./Loader/xcp.o

.debug_rnglists
                0x00000000      0xa81
 .debug_rnglists
                0x00000000       0x19 ./App/app.o
 .debug_rnglists
                0x00000019       0x2b ./App/hooks.o
 .debug_rnglists
                0x00000044       0x2b ./App/led.o
 .debug_rnglists
                0x0000006f       0xbe ./Core/Src/main.o
 .debug_rnglists
                0x0000012d       0x20 ./Core/Src/stm32f3xx_hal_msp.o
 .debug_rnglists
                0x0000014d       0x43 ./Core/Src/stm32f3xx_it.o
 .debug_rnglists
                0x00000190       0x1a ./Core/Src/system_stm32f3xx.o
 .debug_rnglists
                0x000001aa       0x19 ./Core/Startup/startup_stm32f303retx.o
 .debug_rnglists
                0x000001c3       0xa3 ./Drivers/STM32F3xx_HAL_Driver/Src/stm32f3xx_hal.o
 .debug_rnglists
                0x00000266       0xee ./Drivers/STM32F3xx_HAL_Driver/Src/stm32f3xx_hal_can.o
 .debug_rnglists
                0x00000354       0xda ./Drivers/STM32F3xx_HAL_Driver/Src/stm32f3xx_hal_cortex.o
 .debug_rnglists
                0x0000042e       0x65 ./Drivers/STM32F3xx_HAL_Driver/Src/stm32f3xx_hal_flash.o
 .debug_rnglists
                0x00000493       0x74 ./Drivers/STM32F3xx_HAL_Driver/Src/stm32f3xx_hal_flash_ex.o
 .debug_rnglists
                0x00000507       0x3f ./Drivers/STM32F3xx_HAL_Driver/Src/stm32f3xx_hal_gpio.o
 .debug_rnglists
                0x00000546       0x80 ./Drivers/STM32F3xx_HAL_Driver/Src/stm32f3xx_ll_exti.o
 .debug_rnglists
                0x000005c6       0x51 ./Drivers/STM32F3xx_HAL_Driver/Src/stm32f3xx_ll_gpio.o
 .debug_rnglists
                0x00000617       0xe6 ./Drivers/STM32F3xx_HAL_Driver/Src/stm32f3xx_ll_rcc.o
 .debug_rnglists
                0x000006fd       0xb1 ./Drivers/STM32F3xx_HAL_Driver/Src/stm32f3xx_ll_utils.o
 .debug_rnglists
                0x000007ae       0x19 ./Loader/ARMCM4_STM32F3/GCC/cpu_comp.o
 .debug_rnglists
                0x000007c7       0x29 ./Loader/ARMCM4_STM32F3/can.o
 .debug_rnglists
                0x000007f0       0x25 ./Loader/ARMCM4_STM32F3/cpu.o
 .debug_rnglists
                0x00000815       0x54 ./Loader/ARMCM4_STM32F3/flash.o
 .debug_rnglists
                0x00000869       0x31 ./Loader/ARMCM4_STM32F3/nvm.o
 .debug_rnglists
                0x0000089a       0x4a ./Loader/ARMCM4_STM32F3/timer.o
 .debug_rnglists
                0x000008e4       0x13 ./Loader/asserts.o
 .debug_rnglists
                0x000008f7       0x2b ./Loader/backdoor.o
 .debug_rnglists
                0x00000922       0x19 ./Loader/boot.o
 .debug_rnglists
                0x0000093b       0x37 ./Loader/com.o
 .debug_rnglists
                0x00000972       0x19 ./Loader/cop.o
 .debug_rnglists
                0x0000098b       0x31 ./Loader/infotable.o
 .debug_rnglists
                0x000009bc       0xc5 ./Loader/xcp.o

.debug_macro    0x00000000    0x22a63
 .debug_macro   0x00000000       0x9b ./App/app.o
 .debug_macro   0x0000009b      0xade ./App/app.o
 .debug_macro   0x00000b79       0x1c ./App/app.o
 .debug_macro   0x00000b95       0x1c ./App/app.o
 .debug_macro   0x00000bb1       0x22 ./App/app.o
 .debug_macro   0x00000bd3       0xe5 ./App/app.o
 .debug_macro   0x00000cb8       0x61 ./App/app.o
 .debug_macro   0x00000d19       0x1c ./App/app.o
 .debug_macro   0x00000d35      0x1cd ./App/app.o
 .debug_macro   0x00000f02       0x40 ./App/app.o
 .debug_macro   0x00000f42      0x256 ./App/hooks.o
 .debug_macro   0x00001198       0x2e ./App/hooks.o
 .debug_macro   0x000011c6       0x28 ./App/hooks.o
 .debug_macro   0x000011ee       0x22 ./App/hooks.o
 .debug_macro   0x00001210       0x8e ./App/hooks.o
 .debug_macro   0x0000129e       0x51 ./App/hooks.o
 .debug_macro   0x000012ef      0x103 ./App/hooks.o
 .debug_macro   0x000013f2       0x6a ./App/hooks.o
 .debug_macro   0x0000145c      0x1df ./App/hooks.o
 .debug_macro   0x0000163b       0x1c ./App/hooks.o
 .debug_macro   0x00001657       0x22 ./App/hooks.o
 .debug_macro   0x00001679       0xd9 ./App/hooks.o
 .debug_macro   0x00001752     0x102d ./App/hooks.o
 .debug_macro   0x0000277f      0x11f ./App/hooks.o
 .debug_macro   0x0000289e    0x1535a ./App/hooks.o
 .debug_macro   0x00017bf8       0x6d ./App/hooks.o
 .debug_macro   0x00017c65      0x151 ./App/hooks.o
 .debug_macro   0x00017db6     0x3574 ./App/hooks.o
 .debug_macro   0x0001b32a      0x190 ./App/hooks.o
 .debug_macro   0x0001b4ba       0x55 ./App/hooks.o
 .debug_macro   0x0001b50f      0x953 ./App/hooks.o
 .debug_macro   0x0001be62      0x84a ./App/hooks.o
 .debug_macro   0x0001c6ac      0x1b5 ./App/hooks.o
 .debug_macro   0x0001c861      0x23a ./App/hooks.o
 .debug_macro   0x0001ca9b      0x1ea ./App/hooks.o
 .debug_macro   0x0001cc85      0x1bc ./App/hooks.o
 .debug_macro   0x0001ce41       0x30 ./App/hooks.o
 .debug_macro   0x0001ce71       0x3c ./App/hooks.o
 .debug_macro   0x0001cead      0x235 ./App/hooks.o
 .debug_macro   0x0001d0e2      0x408 ./App/hooks.o
 .debug_macro   0x0001d4ea       0xc5 ./App/hooks.o
 .debug_macro   0x0001d5af      0x21d ./App/hooks.o
 .debug_macro   0x0001d7cc      0x22c ./App/hooks.o
 .debug_macro   0x0001d9f8       0x5b ./App/hooks.o
 .debug_macro   0x0001da53       0xa5 ./App/hooks.o
 .debug_macro   0x0001daf8       0x81 ./App/hooks.o
 .debug_macro   0x0001db79       0xd3 ./App/hooks.o
 .debug_macro   0x0001dc4c      0x347 ./App/hooks.o
 .debug_macro   0x0001df93      0x142 ./App/hooks.o
 .debug_macro   0x0001e0d5      0x256 ./App/led.o
 .debug_macro   0x0001e32b      0x22c ./Core/Src/main.o
 .debug_macro   0x0001e557      0x627 ./Core/Src/main.o
 .debug_macro   0x0001eb7e      0x149 ./Core/Src/main.o
 .debug_macro   0x0001ecc7      0x39f ./Core/Src/main.o
 .debug_macro   0x0001f066      0x148 ./Core/Src/main.o
 .debug_macro   0x0001f1ae      0x1a7 ./Core/Src/main.o
 .debug_macro   0x0001f355       0x30 ./Core/Src/main.o
 .debug_macro   0x0001f385       0xae ./Core/Src/main.o
 .debug_macro   0x0001f433      0x287 ./Core/Src/main.o
 .debug_macro   0x0001f6ba      0x2f7 ./Core/Src/main.o
 .debug_macro   0x0001f9b1       0x4c ./Core/Src/main.o
 .debug_macro   0x0001f9fd      0x222 ./Core/Src/stm32f3xx_hal_msp.o
 .debug_macro   0x0001fc1f      0x22c ./Core/Src/stm32f3xx_it.o
 .debug_macro   0x0001fe4b      0x1b9 ./Core/Src/system_stm32f3xx.o
 .debug_macro   0x00020004      0x1dd ./Drivers/STM32F3xx_HAL_Driver/Src/stm32f3xx_hal.o
 .debug_macro   0x000201e1      0x1c8 ./Drivers/STM32F3xx_HAL_Driver/Src/stm32f3xx_hal_can.o
 .debug_macro   0x000203a9      0x1b9 ./Drivers/STM32F3xx_HAL_Driver/Src/stm32f3xx_hal_cortex.o
 .debug_macro   0x00020562      0x1b9 ./Drivers/STM32F3xx_HAL_Driver/Src/stm32f3xx_hal_flash.o
 .debug_macro   0x0002071b      0x1cb ./Drivers/STM32F3xx_HAL_Driver/Src/stm32f3xx_hal_flash_ex.o
 .debug_macro   0x000208e6      0x1c0 ./Drivers/STM32F3xx_HAL_Driver/Src/stm32f3xx_hal_gpio.o
 .debug_macro   0x00020aa6      0x1e6 ./Drivers/STM32F3xx_HAL_Driver/Src/stm32f3xx_ll_exti.o
 .debug_macro   0x00020c8c      0x142 ./Drivers/STM32F3xx_HAL_Driver/Src/stm32f3xx_ll_exti.o
 .debug_macro   0x00020dce      0x1fb ./Drivers/STM32F3xx_HAL_Driver/Src/stm32f3xx_ll_gpio.o
 .debug_macro   0x00020fc9      0x13c ./Drivers/STM32F3xx_HAL_Driver/Src/stm32f3xx_ll_gpio.o
 .debug_macro   0x00021105      0x1f9 ./Drivers/STM32F3xx_HAL_Driver/Src/stm32f3xx_ll_rcc.o
 .debug_macro   0x000212fe      0x621 ./Drivers/STM32F3xx_HAL_Driver/Src/stm32f3xx_ll_rcc.o
 .debug_macro   0x0002191f      0x237 ./Drivers/STM32F3xx_HAL_Driver/Src/stm32f3xx_ll_utils.o
 .debug_macro   0x00021b56       0x9b ./Loader/ARMCM4_STM32F3/GCC/cpu_comp.o
 .debug_macro   0x00021bf1      0x258 ./Loader/ARMCM4_STM32F3/can.o
 .debug_macro   0x00021e49      0x24f ./Loader/ARMCM4_STM32F3/cpu.o
 .debug_macro   0x00022098      0x278 ./Loader/ARMCM4_STM32F3/flash.o
 .debug_macro   0x00022310       0xa5 ./Loader/ARMCM4_STM32F3/nvm.o
 .debug_macro   0x000223b5      0x261 ./Loader/ARMCM4_STM32F3/timer.o
 .debug_macro   0x00022616       0x9b ./Loader/asserts.o
 .debug_macro   0x000226b1       0xa1 ./Loader/backdoor.o
 .debug_macro   0x00022752       0x9b ./Loader/boot.o
 .debug_macro   0x000227ed       0xa5 ./Loader/com.o
 .debug_macro   0x00022892       0x9b ./Loader/cop.o
 .debug_macro   0x0002292d       0x9b ./Loader/infotable.o
 .debug_macro   0x000229c8       0x9b ./Loader/xcp.o

.debug_line     0x00000000     0xf62e
 .debug_line    0x00000000      0x1bd ./App/app.o
 .debug_line    0x000001bd      0x91d ./App/hooks.o
 .debug_line    0x00000ada      0x91c ./App/led.o
 .debug_line    0x000013f6      0xd1d ./Core/Src/main.o
 .debug_line    0x00002113      0x85a ./Core/Src/stm32f3xx_hal_msp.o
 .debug_line    0x0000296d      0x8bb ./Core/Src/stm32f3xx_it.o
 .debug_line    0x00003228      0x7a3 ./Core/Src/system_stm32f3xx.o
 .debug_line    0x000039cb       0x7a ./Core/Startup/startup_stm32f303retx.o
 .debug_line    0x00003a45      0x9da ./Drivers/STM32F3xx_HAL_Driver/Src/stm32f3xx_hal.o
 .debug_line    0x0000441f     0x11cb ./Drivers/STM32F3xx_HAL_Driver/Src/stm32f3xx_hal_can.o
 .debug_line    0x000055ea      0xca5 ./Drivers/STM32F3xx_HAL_Driver/Src/stm32f3xx_hal_cortex.o
 .debug_line    0x0000628f      0xa55 ./Drivers/STM32F3xx_HAL_Driver/Src/stm32f3xx_hal_flash.o
 .debug_line    0x00006ce4      0xc0f ./Drivers/STM32F3xx_HAL_Driver/Src/stm32f3xx_hal_flash_ex.o
 .debug_line    0x000078f3      0xb4d ./Drivers/STM32F3xx_HAL_Driver/Src/stm32f3xx_hal_gpio.o
 .debug_line    0x00008440      0x9b2 ./Drivers/STM32F3xx_HAL_Driver/Src/stm32f3xx_ll_exti.o
 .debug_line    0x00008df2      0xa7c ./Drivers/STM32F3xx_HAL_Driver/Src/stm32f3xx_ll_gpio.o
 .debug_line    0x0000986e      0xf75 ./Drivers/STM32F3xx_HAL_Driver/Src/stm32f3xx_ll_rcc.o
 .debug_line    0x0000a7e3      0xbe4 ./Drivers/STM32F3xx_HAL_Driver/Src/stm32f3xx_ll_utils.o
 .debug_line    0x0000b3c7      0x203 ./Loader/ARMCM4_STM32F3/GCC/cpu_comp.o
 .debug_line    0x0000b5ca      0xa58 ./Loader/ARMCM4_STM32F3/can.o
 .debug_line    0x0000c022      0x92e ./Loader/ARMCM4_STM32F3/cpu.o
 .debug_line    0x0000c950      0xc0b ./Loader/ARMCM4_STM32F3/flash.o
 .debug_line    0x0000d55b      0x237 ./Loader/ARMCM4_STM32F3/nvm.o
 .debug_line    0x0000d792      0xa0c ./Loader/ARMCM4_STM32F3/timer.o
 .debug_line    0x0000e19e      0x1a4 ./Loader/asserts.o
 .debug_line    0x0000e342      0x247 ./Loader/backdoor.o
 .debug_line    0x0000e589      0x1c1 ./Loader/boot.o
 .debug_line    0x0000e74a      0x2b6 ./Loader/com.o
 .debug_line    0x0000ea00      0x1b6 ./Loader/cop.o
 .debug_line    0x0000ebb6      0x2b2 ./Loader/infotable.o
 .debug_line    0x0000ee68      0x7c6 ./Loader/xcp.o

.debug_str      0x00000000    0xc8850
 .debug_str     0x00000000    0xc8850 ./App/app.o
                               0x3eb7 (size before relaxing)
 .debug_str     0x000c8850    0xb9c86 ./App/hooks.o
 .debug_str     0x000c8850    0xb9c0b ./App/led.o
 .debug_str     0x000c8850    0xc3738 ./Core/Src/main.o
 .debug_str     0x000c8850    0xc3272 ./Core/Src/stm32f3xx_hal_msp.o
 .debug_str     0x000c8850    0xc2f3d ./Core/Src/stm32f3xx_it.o
 .debug_str     0x000c8850    0xb8571 ./Core/Src/system_stm32f3xx.o
 .debug_str     0x000c8850       0x8e ./Core/Startup/startup_stm32f303retx.o
 .debug_str     0x000c8850    0xb8e1a ./Drivers/STM32F3xx_HAL_Driver/Src/stm32f3xx_hal.o
 .debug_str     0x000c8850    0xb8d00 ./Drivers/STM32F3xx_HAL_Driver/Src/stm32f3xx_hal_can.o
 .debug_str     0x000c8850    0xb8e9e ./Drivers/STM32F3xx_HAL_Driver/Src/stm32f3xx_hal_cortex.o
 .debug_str     0x000c8850    0xb87be ./Drivers/STM32F3xx_HAL_Driver/Src/stm32f3xx_hal_flash.o
 .debug_str     0x000c8850    0xb89ba ./Drivers/STM32F3xx_HAL_Driver/Src/stm32f3xx_hal_flash_ex.o
 .debug_str     0x000c8850    0xb8756 ./Drivers/STM32F3xx_HAL_Driver/Src/stm32f3xx_hal_gpio.o
 .debug_str     0x000c8850    0xb8fa8 ./Drivers/STM32F3xx_HAL_Driver/Src/stm32f3xx_ll_exti.o
 .debug_str     0x000c8850    0xb9b4e ./Drivers/STM32F3xx_HAL_Driver/Src/stm32f3xx_ll_gpio.o
 .debug_str     0x000c8850    0xbc4c2 ./Drivers/STM32F3xx_HAL_Driver/Src/stm32f3xx_ll_rcc.o
 .debug_str     0x000c8850    0xbf31e ./Drivers/STM32F3xx_HAL_Driver/Src/stm32f3xx_ll_utils.o
 .debug_str     0x000c8850     0x3ef6 ./Loader/ARMCM4_STM32F3/GCC/cpu_comp.o
 .debug_str     0x000c8850    0xbd11b ./Loader/ARMCM4_STM32F3/can.o
 .debug_str     0x000c8850    0xb966b ./Loader/ARMCM4_STM32F3/cpu.o
 .debug_str     0x000c8850    0xb9897 ./Loader/ARMCM4_STM32F3/flash.o
 .debug_str     0x000c8850     0x3fc7 ./Loader/ARMCM4_STM32F3/nvm.o
 .debug_str     0x000c8850    0xbd678 ./Loader/ARMCM4_STM32F3/timer.o
 .debug_str     0x000c8850     0x3efe ./Loader/asserts.o
 .debug_str     0x000c8850     0x3fc8 ./Loader/backdoor.o
 .debug_str     0x000c8850     0x3f48 ./Loader/boot.o
 .debug_str     0x000c8850     0x405a ./Loader/com.o
 .debug_str     0x000c8850     0x3ef1 ./Loader/cop.o
 .debug_str     0x000c8850     0x4047 ./Loader/infotable.o
 .debug_str     0x000c8850     0x436a ./Loader/xcp.o

.comment        0x00000000       0x43
 .comment       0x00000000       0x43 ./App/app.o
                                 0x44 (size before relaxing)
 .comment       0x00000043       0x44 ./App/hooks.o
 .comment       0x00000043       0x44 ./App/led.o
 .comment       0x00000043       0x44 ./Core/Src/main.o
 .comment       0x00000043       0x44 ./Core/Src/stm32f3xx_hal_msp.o
 .comment       0x00000043       0x44 ./Core/Src/stm32f3xx_it.o
 .comment       0x00000043       0x44 ./Core/Src/system_stm32f3xx.o
 .comment       0x00000043       0x44 ./Drivers/STM32F3xx_HAL_Driver/Src/stm32f3xx_hal.o
 .comment       0x00000043       0x44 ./Drivers/STM32F3xx_HAL_Driver/Src/stm32f3xx_hal_can.o
 .comment       0x00000043       0x44 ./Drivers/STM32F3xx_HAL_Driver/Src/stm32f3xx_hal_cortex.o
 .comment       0x00000043       0x44 ./Drivers/STM32F3xx_HAL_Driver/Src/stm32f3xx_hal_flash.o
 .comment       0x00000043       0x44 ./Drivers/STM32F3xx_HAL_Driver/Src/stm32f3xx_hal_flash_ex.o
 .comment       0x00000043       0x44 ./Drivers/STM32F3xx_HAL_Driver/Src/stm32f3xx_hal_gpio.o
 .comment       0x00000043       0x44 ./Drivers/STM32F3xx_HAL_Driver/Src/stm32f3xx_ll_exti.o
 .comment       0x00000043       0x44 ./Drivers/STM32F3xx_HAL_Driver/Src/stm32f3xx_ll_gpio.o
 .comment       0x00000043       0x44 ./Drivers/STM32F3xx_HAL_Driver/Src/stm32f3xx_ll_rcc.o
 .comment       0x00000043       0x44 ./Drivers/STM32F3xx_HAL_Driver/Src/stm32f3xx_ll_utils.o
 .comment       0x00000043       0x44 ./Loader/ARMCM4_STM32F3/GCC/cpu_comp.o
 .comment       0x00000043       0x44 ./Loader/ARMCM4_STM32F3/can.o
 .comment       0x00000043       0x44 ./Loader/ARMCM4_STM32F3/cpu.o
 .comment       0x00000043       0x44 ./Loader/ARMCM4_STM32F3/flash.o
 .comment       0x00000043       0x44 ./Loader/ARMCM4_STM32F3/nvm.o
 .comment       0x00000043       0x44 ./Loader/ARMCM4_STM32F3/timer.o
 .comment       0x00000043       0x44 ./Loader/asserts.o
 .comment       0x00000043       0x44 ./Loader/backdoor.o
 .comment       0x00000043       0x44 ./Loader/boot.o
 .comment       0x00000043       0x44 ./Loader/com.o
 .comment       0x00000043       0x44 ./Loader/cop.o
 .comment       0x00000043       0x44 ./Loader/infotable.o
 .comment       0x00000043       0x44 ./Loader/xcp.o

.debug_frame    0x00000000     0x35e0
 .debug_frame   0x00000000       0x48 ./App/app.o
 .debug_frame   0x00000048       0xb4 ./App/hooks.o
 .debug_frame   0x000000fc       0xc0 ./App/led.o
 .debug_frame   0x000001bc      0x42c ./Core/Src/main.o
 .debug_frame   0x000005e8       0x7c ./Core/Src/stm32f3xx_hal_msp.o
 .debug_frame   0x00000664      0x104 ./Core/Src/stm32f3xx_it.o
 .debug_frame   0x00000768       0x58 ./Core/Src/system_stm32f3xx.o
 .debug_frame   0x000007c0      0x334 ./Drivers/STM32F3xx_HAL_Driver/Src/stm32f3xx_hal.o
 .debug_frame   0x00000af4      0x5a0 ./Drivers/STM32F3xx_HAL_Driver/Src/stm32f3xx_hal_can.o
 .debug_frame   0x00001094      0x4e8 ./Drivers/STM32F3xx_HAL_Driver/Src/stm32f3xx_hal_cortex.o
 .debug_frame   0x0000157c      0x20c ./Drivers/STM32F3xx_HAL_Driver/Src/stm32f3xx_hal_flash.o
 .debug_frame   0x00001788      0x258 ./Drivers/STM32F3xx_HAL_Driver/Src/stm32f3xx_hal_flash_ex.o
 .debug_frame   0x000019e0      0x14c ./Drivers/STM32F3xx_HAL_Driver/Src/stm32f3xx_hal_gpio.o
 .debug_frame   0x00001b2c      0x2fc ./Drivers/STM32F3xx_HAL_Driver/Src/stm32f3xx_ll_exti.o
 .debug_frame   0x00001e28      0x1c0 ./Drivers/STM32F3xx_HAL_Driver/Src/stm32f3xx_ll_gpio.o
 .debug_frame   0x00001fe8      0x4ec ./Drivers/STM32F3xx_HAL_Driver/Src/stm32f3xx_ll_rcc.o
 .debug_frame   0x000024d4      0x3dc ./Drivers/STM32F3xx_HAL_Driver/Src/stm32f3xx_ll_utils.o
 .debug_frame   0x000028b0       0x50 ./Loader/ARMCM4_STM32F3/GCC/cpu_comp.o
 .debug_frame   0x00002900       0xa0 ./Loader/ARMCM4_STM32F3/can.o
 .debug_frame   0x000029a0       0x98 ./Loader/ARMCM4_STM32F3/cpu.o
 .debug_frame   0x00002a38      0x194 ./Loader/ARMCM4_STM32F3/flash.o
 .debug_frame   0x00002bcc       0xc8 ./Loader/ARMCM4_STM32F3/nvm.o
 .debug_frame   0x00002c94      0x174 ./Loader/ARMCM4_STM32F3/timer.o
 .debug_frame   0x00002e08       0x30 ./Loader/asserts.o
 .debug_frame   0x00002e38       0xac ./Loader/backdoor.o
 .debug_frame   0x00002ee4       0x48 ./Loader/boot.o
 .debug_frame   0x00002f2c      0x108 ./Loader/com.o
 .debug_frame   0x00003034       0x48 ./Loader/cop.o
 .debug_frame   0x0000307c       0xe8 ./Loader/infotable.o
 .debug_frame   0x00003164      0x450 ./Loader/xcp.o
 .debug_frame   0x000035b4       0x2c C:/ST/STM32CubeIDE_1.18.0/STM32CubeIDE/plugins/com.st.stm32cube.ide.mcu.externaltools.gnu-tools-for-stm32.13.3.rel1.win32_1.0.0.202411081344/tools/bin/../lib/gcc/arm-none-eabi/13.3.1/../../../../arm-none-eabi/lib/thumb/v7e-m+fp/hard\libc_nano.a(libc_a-init.o)

.debug_line_str
                0x00000000       0x72
 .debug_line_str
                0x00000000       0x72 ./Core/Startup/startup_stm32f303retx.o
