C:/Users/User/Documents/GitHub/openblt/Target/Source/com.c:64:6:ComInit	8	static
C:/Users/User/Documents/GitHub/openblt/Target/Source/com.c:109:6:ComTask	16	static
C:/Users/User/Documents/GitHub/openblt/Target/Source/com.c:168:6:ComFree	4	static
C:/Users/User/Documents/GitHub/openblt/Target/Source/com.c:184:6:ComTransmitPacket	16	static
C:/Users/User/Documents/GitHub/openblt/Target/Source/com.c:239:12:ComGetActiveInterfaceMaxRxLen	16	static
C:/Users/User/Documents/GitHub/openblt/Target/Source/com.c:281:12:ComGetActiveInterfaceMaxTxLen	16	static
C:/Users/User/Documents/GitHub/openblt/Target/Source/com.c:322:10:ComIsConnected	16	static
