C:/Users/User/Documents/GitHub/openblt/Target/Source/xcp.c:165:6:XcpInit	4	static
C:/Users/User/Documents/GitHub/openblt/Target/Source/xcp.c:182:10:XcpIsConnected	4	static
C:/Users/User/Documents/GitHub/openblt/Target/Source/xcp.c:198:6:XcpPacketTransmitted	4	static
C:/Users/User/Documents/GitHub/openblt/Target/Source/xcp.c:212:6:XcpPacketReceived	16	static
C:/Users/User/Documents/GitHub/openblt/Target/Source/xcp.c:348:13:XcpTransmitPacket	16	static
C:/Users/User/Documents/GitHub/openblt/Target/Source/xcp.c:369:18:XcpComputeChecksum	32	static
C:/Users/User/Documents/GitHub/openblt/Target/Source/xcp.c:431:13:XcpProtectResources	4	static
C:/Users/User/Documents/GitHub/openblt/Target/Source/xcp.c:465:13:XcpSetCtoError	16	static
C:/Users/User/Documents/GitHub/openblt/Target/Source/xcp.c:481:19:XcpGetOrderedLong	24	static
C:/Users/User/Documents/GitHub/openblt/Target/Source/xcp.c:508:13:XcpSetOrderedLong	16	static
C:/Users/User/Documents/GitHub/openblt/Target/Source/xcp.c:531:13:XcpCmdConnect	16	static
C:/Users/User/Documents/GitHub/openblt/Target/Source/xcp.c:617:13:XcpCmdDisconnect	16	static
C:/Users/User/Documents/GitHub/openblt/Target/Source/xcp.c:643:13:XcpCmdGetStatus	16	static
C:/Users/User/Documents/GitHub/openblt/Target/Source/xcp.c:674:13:XcpCmdSynch	16	static
C:/Users/User/Documents/GitHub/openblt/Target/Source/xcp.c:691:13:XcpCmdGetId	24	static
C:/Users/User/Documents/GitHub/openblt/Target/Source/xcp.c:727:13:XcpCmdSetMta	16	static
C:/Users/User/Documents/GitHub/openblt/Target/Source/xcp.c:747:13:XcpCmdUpload	24	static
C:/Users/User/Documents/GitHub/openblt/Target/Source/xcp.c:813:13:XcpCmdShortUpload	24	static
C:/Users/User/Documents/GitHub/openblt/Target/Source/xcp.c:957:13:XcpCmdBuildCheckSum	32	static
C:/Users/User/Documents/GitHub/openblt/Target/Source/xcp.c:1279:13:XcpCmdProgramStart	16	static
C:/Users/User/Documents/GitHub/openblt/Target/Source/xcp.c:1323:13:XcpCmdProgramMax	24	static
C:/Users/User/Documents/GitHub/openblt/Target/Source/xcp.c:1361:13:XcpCmdProgram	16	static
C:/Users/User/Documents/GitHub/openblt/Target/Source/xcp.c:1418:13:XcpCmdProgramClear	24	static
C:/Users/User/Documents/GitHub/openblt/Target/Source/xcp.c:1458:13:XcpCmdProgramReset	16	static
C:/Users/User/Documents/GitHub/openblt/Target/Source/xcp.c:1493:13:XcpCmdProgramPrepare	16	static
C:/Users/User/Documents/GitHub/openblt/Target/Source/xcp.c:1520:13:XcpCmdUser	24	static
C:/Users/User/Documents/GitHub/openblt/Target/Source/xcp.c:1552:13:XcpCmdUserSubCmdInfoTable	24	static
C:/Users/User/Documents/GitHub/openblt/Target/Source/xcp.c:1588:13:XcpCmdUserSubCmdInfoTableCidGetInfo	24	static
C:/Users/User/Documents/GitHub/openblt/Target/Source/xcp.c:1622:13:XcpCmdUserSubCmdInfoTableCidDownload	16	static
C:/Users/User/Documents/GitHub/openblt/Target/Source/xcp.c:1656:13:XcpCmdUserSubCmdInfoTableCidCheck	24	static
