Archive member included to satisfy reference by file (symbol)

C:/ST/STM32CubeIDE_1.18.0/STM32CubeIDE/plugins/com.st.stm32cube.ide.mcu.externaltools.gnu-tools-for-stm32.13.3.rel1.win32_1.0.0.202411081344/tools/bin/../lib/gcc/arm-none-eabi/13.3.1/../../../../arm-none-eabi/lib/thumb/v7e-m+fp/hard\libc_nano.a(libc_a-exit.o)
                              C:/ST/STM32CubeIDE_1.18.0/STM32CubeIDE/plugins/com.st.stm32cube.ide.mcu.externaltools.gnu-tools-for-stm32.13.3.rel1.win32_1.0.0.202411081344/tools/bin/../lib/gcc/arm-none-eabi/13.3.1/../../../../arm-none-eabi/lib/thumb/v7e-m+fp/hard/crt0.o (exit)
C:/ST/STM32CubeIDE_1.18.0/STM32CubeIDE/plugins/com.st.stm32cube.ide.mcu.externaltools.gnu-tools-for-stm32.13.3.rel1.win32_1.0.0.202411081344/tools/bin/../lib/gcc/arm-none-eabi/13.3.1/../../../../arm-none-eabi/lib/thumb/v7e-m+fp/hard\libc_nano.a(libc_a-findfp.o)
                              C:/ST/STM32CubeIDE_1.18.0/STM32CubeIDE/plugins/com.st.stm32cube.ide.mcu.externaltools.gnu-tools-for-stm32.13.3.rel1.win32_1.0.0.202411081344/tools/bin/../lib/gcc/arm-none-eabi/13.3.1/../../../../arm-none-eabi/lib/thumb/v7e-m+fp/hard\libc_nano.a(libc_a-exit.o) (__stdio_exit_handler)
C:/ST/STM32CubeIDE_1.18.0/STM32CubeIDE/plugins/com.st.stm32cube.ide.mcu.externaltools.gnu-tools-for-stm32.13.3.rel1.win32_1.0.0.202411081344/tools/bin/../lib/gcc/arm-none-eabi/13.3.1/../../../../arm-none-eabi/lib/thumb/v7e-m+fp/hard\libc_nano.a(libc_a-fwalk.o)
                              C:/ST/STM32CubeIDE_1.18.0/STM32CubeIDE/plugins/com.st.stm32cube.ide.mcu.externaltools.gnu-tools-for-stm32.13.3.rel1.win32_1.0.0.202411081344/tools/bin/../lib/gcc/arm-none-eabi/13.3.1/../../../../arm-none-eabi/lib/thumb/v7e-m+fp/hard\libc_nano.a(libc_a-findfp.o) (_fwalk_sglue)
C:/ST/STM32CubeIDE_1.18.0/STM32CubeIDE/plugins/com.st.stm32cube.ide.mcu.externaltools.gnu-tools-for-stm32.13.3.rel1.win32_1.0.0.202411081344/tools/bin/../lib/gcc/arm-none-eabi/13.3.1/../../../../arm-none-eabi/lib/thumb/v7e-m+fp/hard\libc_nano.a(libc_a-stdio.o)
                              C:/ST/STM32CubeIDE_1.18.0/STM32CubeIDE/plugins/com.st.stm32cube.ide.mcu.externaltools.gnu-tools-for-stm32.13.3.rel1.win32_1.0.0.202411081344/tools/bin/../lib/gcc/arm-none-eabi/13.3.1/../../../../arm-none-eabi/lib/thumb/v7e-m+fp/hard\libc_nano.a(libc_a-findfp.o) (__sread)
C:/ST/STM32CubeIDE_1.18.0/STM32CubeIDE/plugins/com.st.stm32cube.ide.mcu.externaltools.gnu-tools-for-stm32.13.3.rel1.win32_1.0.0.202411081344/tools/bin/../lib/gcc/arm-none-eabi/13.3.1/../../../../arm-none-eabi/lib/thumb/v7e-m+fp/hard\libc_nano.a(libc_a-memset.o)
                              C:/ST/STM32CubeIDE_1.18.0/STM32CubeIDE/plugins/com.st.stm32cube.ide.mcu.externaltools.gnu-tools-for-stm32.13.3.rel1.win32_1.0.0.202411081344/tools/bin/../lib/gcc/arm-none-eabi/13.3.1/../../../../arm-none-eabi/lib/thumb/v7e-m+fp/hard/crt0.o (memset)
C:/ST/STM32CubeIDE_1.18.0/STM32CubeIDE/plugins/com.st.stm32cube.ide.mcu.externaltools.gnu-tools-for-stm32.13.3.rel1.win32_1.0.0.202411081344/tools/bin/../lib/gcc/arm-none-eabi/13.3.1/../../../../arm-none-eabi/lib/thumb/v7e-m+fp/hard\libc_nano.a(libc_a-closer.o)
                              C:/ST/STM32CubeIDE_1.18.0/STM32CubeIDE/plugins/com.st.stm32cube.ide.mcu.externaltools.gnu-tools-for-stm32.13.3.rel1.win32_1.0.0.202411081344/tools/bin/../lib/gcc/arm-none-eabi/13.3.1/../../../../arm-none-eabi/lib/thumb/v7e-m+fp/hard\libc_nano.a(libc_a-stdio.o) (_close_r)
C:/ST/STM32CubeIDE_1.18.0/STM32CubeIDE/plugins/com.st.stm32cube.ide.mcu.externaltools.gnu-tools-for-stm32.13.3.rel1.win32_1.0.0.202411081344/tools/bin/../lib/gcc/arm-none-eabi/13.3.1/../../../../arm-none-eabi/lib/thumb/v7e-m+fp/hard\libc_nano.a(libc_a-reent.o)
                              C:/ST/STM32CubeIDE_1.18.0/STM32CubeIDE/plugins/com.st.stm32cube.ide.mcu.externaltools.gnu-tools-for-stm32.13.3.rel1.win32_1.0.0.202411081344/tools/bin/../lib/gcc/arm-none-eabi/13.3.1/../../../../arm-none-eabi/lib/thumb/v7e-m+fp/hard\libc_nano.a(libc_a-closer.o) (errno)
C:/ST/STM32CubeIDE_1.18.0/STM32CubeIDE/plugins/com.st.stm32cube.ide.mcu.externaltools.gnu-tools-for-stm32.13.3.rel1.win32_1.0.0.202411081344/tools/bin/../lib/gcc/arm-none-eabi/13.3.1/../../../../arm-none-eabi/lib/thumb/v7e-m+fp/hard\libc_nano.a(libc_a-impure.o)
                              C:/ST/STM32CubeIDE_1.18.0/STM32CubeIDE/plugins/com.st.stm32cube.ide.mcu.externaltools.gnu-tools-for-stm32.13.3.rel1.win32_1.0.0.202411081344/tools/bin/../lib/gcc/arm-none-eabi/13.3.1/../../../../arm-none-eabi/lib/thumb/v7e-m+fp/hard\libc_nano.a(libc_a-reent.o) (_impure_ptr)
C:/ST/STM32CubeIDE_1.18.0/STM32CubeIDE/plugins/com.st.stm32cube.ide.mcu.externaltools.gnu-tools-for-stm32.13.3.rel1.win32_1.0.0.202411081344/tools/bin/../lib/gcc/arm-none-eabi/13.3.1/../../../../arm-none-eabi/lib/thumb/v7e-m+fp/hard\libc_nano.a(libc_a-lseekr.o)
[...]
Memory Configuration

Name             Origin             Length             Attributes
CCMRAM           0x10000000         0x00004000         xrw
RAM              0x20000000         0x00010000         xrw
VECTAB           0x0800a000         0x00000200         xr
INFO_TABLE       0x0800a200         0x0000000c         xr
FLASH            0x0800a2c0         0x00075df4         xr
*default*        0x00000000         0xffffffff

Linker script and memory map

LOAD C:/ST/STM32CubeIDE_1.18.0/STM32CubeIDE/plugins/com.st.stm32cube.ide.mcu.externaltools.gnu-tools-for-stm32.13.3.rel1.win32_1.0.0.202411081344/tools/bin/../lib/gcc/arm-none-eabi/13.3.1/thumb/v7e-m+fp/hard/crti.o
LOAD C:/ST/STM32CubeIDE_1.18.0/STM32CubeIDE/plugins/com.st.stm32cube.ide.mcu.externaltools.gnu-tools-for-stm32.13.3.rel1.win32_1.0.0.202411081344/tools/bin/../lib/gcc/arm-none-eabi/13.3.1/thumb/v7e-m+fp/hard/crtbegin.o
LOAD C:/ST/STM32CubeIDE_1.18.0/STM32CubeIDE/plugins/com.st.stm32cube.ide.mcu.externaltools.gnu-tools-for-stm32.13.3.rel1.win32_1.0.0.202411081344/tools/bin/../lib/gcc/arm-none-eabi/13.3.1/../../../../arm-none-eabi/lib/thumb/v7e-m+fp/hard/crt0.o
LOAD ./App/app.o
LOAD ./App/boot.o
LOAD ./App/led.o
LOAD ./App/timer.o
LOAD ./Core/Src/main.o
LOAD ./Core/Src/stm32f3xx_hal_msp.o
LOAD ./Core/Src/stm32f3xx_it.o
LOAD ./Core/Src/syscalls.o
LOAD ./Core/Src/sysmem.o
LOAD ./Core/Src/system_stm32f3xx.o
LOAD ./Core/Startup/startup_stm32f303retx.o
LOAD ./Drivers/STM32F3xx_HAL_Driver/Src/stm32f3xx_hal.o
LOAD ./Drivers/STM32F3xx_HAL_Driver/Src/stm32f3xx_hal_can.o
LOAD ./Drivers/STM32F3xx_HAL_Driver/Src/stm32f3xx_hal_cortex.o
LOAD ./Drivers/STM32F3xx_HAL_Driver/Src/stm32f3xx_hal_dma.o
LOAD ./Drivers/STM32F3xx_HAL_Driver/Src/stm32f3xx_hal_exti.o
LOAD ./Drivers/STM32F3xx_HAL_Driver/Src/stm32f3xx_hal_flash.o
LOAD ./Drivers/STM32F3xx_HAL_Driver/Src/stm32f3xx_hal_flash_ex.o
LOAD ./Drivers/STM32F3xx_HAL_Driver/Src/stm32f3xx_hal_gpio.o
LOAD ./Drivers/STM32F3xx_HAL_Driver/Src/stm32f3xx_hal_i2c.o
LOAD ./Drivers/STM32F3xx_HAL_Driver/Src/stm32f3xx_hal_i2c_ex.o
LOAD ./Drivers/STM32F3xx_HAL_Driver/Src/stm32f3xx_hal_pwr.o
LOAD ./Drivers/STM32F3xx_HAL_Driver/Src/stm32f3xx_hal_pwr_ex.o
LOAD ./Drivers/STM32F3xx_HAL_Driver/Src/stm32f3xx_hal_rcc.o
LOAD ./Drivers/STM32F3xx_HAL_Driver/Src/stm32f3xx_hal_rcc_ex.o
LOAD ./Drivers/STM32F3xx_HAL_Driver/Src/stm32f3xx_ll_dma.o
LOAD ./Drivers/STM32F3xx_HAL_Driver/Src/stm32f3xx_ll_exti.o
LOAD ./Drivers/STM32F3xx_HAL_Driver/Src/stm32f3xx_ll_gpio.o
LOAD ./Drivers/STM32F3xx_HAL_Driver/Src/stm32f3xx_ll_rcc.o
LOAD ./Drivers/STM32F3xx_HAL_Driver/Src/stm32f3xx_ll_usart.o
LOAD ./Drivers/STM32F3xx_HAL_Driver/Src/stm32f3xx_ll_utils.o
START GROUP
LOAD C:/ST/STM32CubeIDE_1.18.0/STM32CubeIDE/plugins/com.st.stm32cube.ide.mcu.externaltools.gnu-tools-for-stm32.13.3.rel1.win32_1.0.0.202411081344/tools/bin/../lib/gcc/arm-none-eabi/13.3.1/../../../../arm-none-eabi/lib/thumb/v7e-m+fp/hard\libc_nano.a
LOAD C:/ST/STM32CubeIDE_1.18.0/STM32CubeIDE/plugins/com.st.stm32cube.ide.mcu.externaltools.gnu-tools-for-stm32.13.3.rel1.win32_1.0.0.202411081344/tools/bin/../lib/gcc/arm-none-eabi/13.3.1/../../../../arm-none-eabi/lib/thumb/v7e-m+fp/hard\libm.a
END GROUP
START GROUP
LOAD C:/ST/STM32CubeIDE_1.18.0/STM32CubeIDE/plugins/com.st.stm32cube.ide.mcu.externaltools.gnu-tools-for-stm32.13.3.rel1.win32_1.0.0.202411081344/tools/bin/../lib/gcc/arm-none-eabi/13.3.1/thumb/v7e-m+fp/hard\libgcc.a
LOAD C:/ST/STM32CubeIDE_1.18.0/STM32CubeIDE/plugins/com.st.stm32cube.ide.mcu.externaltools.gnu-tools-for-stm32.13.3.rel1.win32_1.0.0.202411081344/tools/bin/../lib/gcc/arm-none-eabi/13.3.1/../../../../arm-none-eabi/lib/thumb/v7e-m+fp/hard\libc_nano.a
END GROUP
START GROUP
LOAD C:/ST/STM32CubeIDE_1.18.0/STM32CubeIDE/plugins/com.st.stm32cube.ide.mcu.externaltools.gnu-tools-for-stm32.13.3.rel1.win32_1.0.0.202411081344/tools/bin/../lib/gcc/arm-none-eabi/13.3.1/thumb/v7e-m+fp/hard\libgcc.a
LOAD C:/ST/STM32CubeIDE_1.18.0/STM32CubeIDE/plugins/com.st.stm32cube.ide.mcu.externaltools.gnu-tools-for-stm32.13.3.rel1.win32_1.0.0.202411081344/tools/bin/../lib/gcc/arm-none-eabi/13.3.1/../../../../arm-none-eabi/lib/thumb/v7e-m+fp/hard\libc_nano.a
LOAD C:/ST/STM32CubeIDE_1.18.0/STM32CubeIDE/plugins/com.st.stm32cube.ide.mcu.externaltools.gnu-tools-for-stm32.13.3.rel1.win32_1.0.0.202411081344/tools/bin/../lib/gcc/arm-none-eabi/13.3.1/../../../../arm-none-eabi/lib/thumb/v7e-m+fp/hard\libnosys.a
END GROUP
START GROUP
LOAD C:/ST/STM32CubeIDE_1.18.0/STM32CubeIDE/plugins/com.st.stm32cube.ide.mcu.externaltools.gnu-tools-for-stm32.13.3.rel1.win32_1.0.0.202411081344/tools/bin/../lib/gcc/arm-none-eabi/13.3.1/thumb/v7e-m+fp/hard\libgcc.a
LOAD C:/ST/STM32CubeIDE_1.18.0/STM32CubeIDE/plugins/com.st.stm32cube.ide.mcu.externaltools.gnu-tools-for-stm32.13.3.rel1.win32_1.0.0.202411081344/tools/bin/../lib/gcc/arm-none-eabi/13.3.1/../../../../arm-none-eabi/lib/thumb/v7e-m+fp/hard\libc_nano.a
LOAD C:/ST/STM32CubeIDE_1.18.0/STM32CubeIDE/plugins/com.st.stm32cube.ide.mcu.externaltools.gnu-tools-for-stm32.13.3.rel1.win32_1.0.0.202411081344/tools/bin/../lib/gcc/arm-none-eabi/13.3.1/../../../../arm-none-eabi/lib/thumb/v7e-m+fp/hard\libnosys.a
END GROUP
LOAD C:/ST/STM32CubeIDE_1.18.0/STM32CubeIDE/plugins/com.st.stm32cube.ide.mcu.externaltools.gnu-tools-for-stm32.13.3.rel1.win32_1.0.0.202411081344/tools/bin/../lib/gcc/arm-none-eabi/13.3.1/thumb/v7e-m+fp/hard/crtend.o
LOAD C:/ST/STM32CubeIDE_1.18.0/STM32CubeIDE/plugins/com.st.stm32cube.ide.mcu.externaltools.gnu-tools-for-stm32.13.3.rel1.win32_1.0.0.202411081344/tools/bin/../lib/gcc/arm-none-eabi/13.3.1/thumb/v7e-m+fp/hard/crtn.o
                0x20010000                        _estack = (ORIGIN (RAM) + LENGTH (RAM))
                0x00000200                        _Min_Heap_Size = 0x200
                0x00000400                        _Min_Stack_Size = 0x400

.isr_vector     0x0800a000      0x194
                0x0800a000                        . = ALIGN (0x4)
 *(.isr_vector)
 .isr_vector    0x0800a000      0x194 ./Core/Startup/startup_stm32f303retx.o
                0x0800a000                g_pfnVectors
                0x0800a194                        . = ALIGN (0x4)

.infoTable      0x0800a200        0xc
                0x0800a200                        . = ALIGN (0x4)
 *(.infoTable)
 .infoTable     0x0800a200        0xc ./App/app.o
                0x0800a200                firmwareInfoTable
                0x0800a20c                        . = ALIGN (0x4)

.text           0x0800a2c0     0x166c
                0x0800a2c0                        . = ALIGN (0x4)
 *(.text)
 .text          0x0800a2c0       0x40 C:/ST/STM32CubeIDE_1.18.0/STM32CubeIDE/plugins/com.st.stm32cube.ide.mcu.externaltools.gnu-tools-for-stm32.13.3.rel1.win32_1.0.0.202411081344/tools/bin/../lib/gcc/arm-none-eabi/13.3.1/thumb/v7e-m+fp/hard/crtbegin.o
 *(.text*)
 .text.AppInit  0x0800a300       0x14 ./App/app.o
                0x0800a300                AppInit
 .text.AppTask  0x0800a314       0x10 ./App/app.o
                0x0800a314                AppTask
 .text.__NVIC_SystemReset
                0x0800a324       0x2c ./App/boot.o
 .text.BootComInit
                0x0800a350        0xc ./App/boot.o
                0x0800a350                BootComInit
 .text.BootComCheckActivationRequest
                0x0800a35c        0xc ./App/boot.o
                0x0800a35c                BootComCheckActivationRequest
 .text.BootActivate
                0x0800a368        0x8 ./App/boot.o
                0x0800a368                BootActivate
 .text.CanGetSpeedConfig
                0x0800a370       0xd0 ./App/boot.o
 .text.BootComCanInit
                0x0800a440      0x10c ./App/boot.o
 .text.BootComCanCheckActivationRequest
                0x0800a54c       0x84 ./App/boot.o
 .text.LedInit  0x0800a5d0       0x14 ./App/led.o
                0x0800a5d0                LedInit
 .text.LedToggle
                0x0800a5e4       0x64 ./App/led.o
                0x0800a5e4                LedToggle
 .text.TimerInit
                0x0800a648        0xe ./App/timer.o
                0x0800a648                TimerInit
 .text.TimerGet
                0x0800a656        0xe ./App/timer.o
                0x0800a656                TimerGet
 .text.LL_RCC_HSE_EnableBypass
                0x0800a664       0x20 ./Core/Src/main.o
 .text.LL_RCC_HSE_Enable
                0x0800a684       0x20 ./Core/Src/main.o
 .text.LL_RCC_HSE_IsReady
                0x0800a6a4       0x28 ./Core/Src/main.o
 .text.LL_RCC_SetSysClkSource
                0x0800a6cc       0x28 ./Core/Src/main.o
 .text.LL_RCC_GetSysClkSource
                0x0800a6f4       0x1c ./Core/Src/main.o
 .text.LL_RCC_SetAHBPrescaler
                0x0800a710       0x28 ./Core/Src/main.o
 .text.LL_RCC_SetAPB1Prescaler
                0x0800a738       0x28 ./Core/Src/main.o
 .text.LL_RCC_SetAPB2Prescaler
                0x0800a760       0x28 ./Core/Src/main.o
 .text.LL_RCC_SetUSARTClockSource
                0x0800a788       0x38 ./Core/Src/main.o
 .text.LL_RCC_PLL_Enable
                0x0800a7c0       0x20 ./Core/Src/main.o
 .text.LL_RCC_PLL_IsReady
                0x0800a7e0       0x28 ./Core/Src/main.o
 .text.LL_RCC_PLL_ConfigDomain_SYS
                0x0800a808       0x40 ./Core/Src/main.o
 .text.LL_FLASH_SetLatency
                0x0800a848       0x28 ./Core/Src/main.o
 .text.LL_FLASH_GetLatency
                0x0800a870       0x1c ./Core/Src/main.o
 .text.VectorBase_Config
                0x0800a88c       0x1c ./Core/Src/main.o
 .text.main     0x0800a8a8       0x1e ./Core/Src/main.o
                0x0800a8a8                main
 *fill*         0x0800a8c6        0x2 
 .text.SystemClock_Config
                0x0800a8c8       0x94 ./Core/Src/main.o
                0x0800a8c8                SystemClock_Config
 .text.MX_GPIO_Init
                0x0800a95c       0xe8 ./Core/Src/main.o
 .text.Error_Handler
                0x0800aa44        0xc ./Core/Src/main.o
                0x0800aa44                Error_Handler
 .text.HAL_MspInit
                0x0800aa50       0x48 ./Core/Src/stm32f3xx_hal_msp.o
                0x0800aa50                HAL_MspInit
 .text.HAL_CAN_MspInit
                0x0800aa98       0xac ./Core/Src/stm32f3xx_hal_msp.o
                0x0800aa98                HAL_CAN_MspInit
 .text.NMI_Handler
                0x0800ab44        0x8 ./Core/Src/stm32f3xx_it.o
                0x0800ab44                NMI_Handler
 .text.HardFault_Handler
                0x0800ab4c        0x8 ./Core/Src/stm32f3xx_it.o
                0x0800ab4c                HardFault_Handler
 .text.MemManage_Handler
                0x0800ab54        0x8 ./Core/Src/stm32f3xx_it.o
                0x0800ab54                MemManage_Handler
 .text.BusFault_Handler
                0x0800ab5c        0x8 ./Core/Src/stm32f3xx_it.o
                0x0800ab5c                BusFault_Handler
 .text.UsageFault_Handler
                0x0800ab64        0x8 ./Core/Src/stm32f3xx_it.o
                0x0800ab64                UsageFault_Handler
 .text.SVC_Handler
                0x0800ab6c        0xe ./Core/Src/stm32f3xx_it.o
                0x0800ab6c                SVC_Handler
 .text.DebugMon_Handler
                0x0800ab7a        0xe ./Core/Src/stm32f3xx_it.o
                0x0800ab7a                DebugMon_Handler
 .text.PendSV_Handler
                0x0800ab88        0xe ./Core/Src/stm32f3xx_it.o
                0x0800ab88                PendSV_Handler
 .text.SysTick_Handler
                0x0800ab96        0xc ./Core/Src/stm32f3xx_it.o
                0x0800ab96                SysTick_Handler
 *fill*         0x0800aba2        0x2 
 .text.SystemInit
                0x0800aba4       0x24 ./Core/Src/system_stm32f3xx.o
                0x0800aba4                SystemInit
 .text.Reset_Handler
                0x0800abc8       0x50 ./Core/Startup/startup_stm32f303retx.o
                0x0800abc8                Reset_Handler
 .text.Default_Handler
                0x0800ac18        0x2 ./Core/Startup/startup_stm32f303retx.o
                0x0800ac18                RTC_Alarm_IRQHandler
                0x0800ac18                TIM8_TRG_COM_IRQHandler
                0x0800ac18                TIM8_CC_IRQHandler
                0x0800ac18                SPI4_IRQHandler
                0x0800ac18                TIM1_CC_IRQHandler
                0x0800ac18                USB_HP_IRQHandler
                0x0800ac18                PVD_IRQHandler
                0x0800ac18                TAMP_STAMP_IRQHandler
                0x0800ac18                EXTI3_IRQHandler
                0x0800ac18                I2C3_ER_IRQHandler
                0x0800ac18                USB_HP_CAN_TX_IRQHandler
                0x0800ac18                EXTI0_IRQHandler
                0x0800ac18                I2C2_EV_IRQHandler
                0x0800ac18                FPU_IRQHandler
                0x0800ac18                TIM1_UP_TIM16_IRQHandler
                0x0800ac18                ADC1_2_IRQHandler
                0x0800ac18                SPI1_IRQHandler
                0x0800ac18                CAN_SCE_IRQHandler
                0x0800ac18                TIM6_DAC_IRQHandler
                0x0800ac18                TIM8_UP_IRQHandler
                0x0800ac18                DMA2_Channel2_IRQHandler
                0x0800ac18                DMA1_Channel4_IRQHandler
                0x0800ac18                TIM20_TRG_COM_IRQHandler
                0x0800ac18                USART3_IRQHandler
                0x0800ac18                DMA1_Channel7_IRQHandler
                0x0800ac18                UART5_IRQHandler
                0x0800ac18                ADC3_IRQHandler
                0x0800ac18                TIM4_IRQHandler
                0x0800ac18                CAN_RX1_IRQHandler
                0x0800ac18                DMA2_Channel1_IRQHandler
                0x0800ac18                I2C1_EV_IRQHandler
                0x0800ac18                DMA1_Channel6_IRQHandler
                0x0800ac18                UART4_IRQHandler
                0x0800ac18                DMA2_Channel4_IRQHandler
                0x0800ac18                TIM3_IRQHandler
                0x0800ac18                RCC_IRQHandler
                0x0800ac18                TIM20_UP_IRQHandler
                0x0800ac18                DMA1_Channel1_IRQHandler
                0x0800ac18                Default_Handler
                0x0800ac18                USBWakeUp_RMP_IRQHandler
                0x0800ac18                EXTI15_10_IRQHandler
                0x0800ac18                TIM7_IRQHandler
                0x0800ac18                I2C3_EV_IRQHandler
                0x0800ac18                EXTI9_5_IRQHandler
                0x0800ac18                RTC_WKUP_IRQHandler
                0x0800ac18                SPI2_IRQHandler
                0x0800ac18                USB_LP_CAN_RX0_IRQHandler
                0x0800ac18                DMA2_Channel5_IRQHandler
                0x0800ac18                DMA1_Channel5_IRQHandler
                0x0800ac18                USB_LP_IRQHandler
                0x0800ac18                EXTI4_IRQHandler
                0x0800ac18                TIM1_TRG_COM_TIM17_IRQHandler
                0x0800ac18                DMA1_Channel3_IRQHandler
                0x0800ac18                ADC4_IRQHandler
                0x0800ac18                WWDG_IRQHandler
                0x0800ac18                TIM2_IRQHandler
                0x0800ac18                COMP7_IRQHandler
                0x0800ac18                COMP1_2_3_IRQHandler
                0x0800ac18                EXTI1_IRQHandler
                0x0800ac18                USART2_IRQHandler
                0x0800ac18                COMP4_5_6_IRQHandler
                0x0800ac18                TIM20_BRK_IRQHandler
                0x0800ac18                I2C2_ER_IRQHandler
                0x0800ac18                DMA1_Channel2_IRQHandler
                0x0800ac18                TIM8_BRK_IRQHandler
                0x0800ac18                FLASH_IRQHandler
                0x0800ac18                TIM20_CC_IRQHandler
                0x0800ac18                USART1_IRQHandler
                0x0800ac18                SPI3_IRQHandler
                0x0800ac18                I2C1_ER_IRQHandler
                0x0800ac18                FMC_IRQHandler
                0x0800ac18                USBWakeUp_IRQHandler
                0x0800ac18                DMA2_Channel3_IRQHandler
                0x0800ac18                EXTI2_TSC_IRQHandler
                0x0800ac18                TIM1_BRK_TIM15_IRQHandler
 *fill*         0x0800ac1a        0x2 
 .text.HAL_Init
                0x0800ac1c       0x2c ./Drivers/STM32F3xx_HAL_Driver/Src/stm32f3xx_hal.o
                0x0800ac1c                HAL_Init
 .text.HAL_InitTick
                0x0800ac48       0x60 ./Drivers/STM32F3xx_HAL_Driver/Src/stm32f3xx_hal.o
                0x0800ac48                HAL_InitTick
 .text.HAL_IncTick
                0x0800aca8       0x28 ./Drivers/STM32F3xx_HAL_Driver/Src/stm32f3xx_hal.o
                0x0800aca8                HAL_IncTick
 .text.HAL_GetTick
                0x0800acd0       0x18 ./Drivers/STM32F3xx_HAL_Driver/Src/stm32f3xx_hal.o
                0x0800acd0                HAL_GetTick
 .text.HAL_CAN_Init
                0x0800ace8      0x1f6 ./Drivers/STM32F3xx_HAL_Driver/Src/stm32f3xx_hal_can.o
                0x0800ace8                HAL_CAN_Init
 .text.HAL_CAN_ConfigFilter
                0x0800aede      0x194 ./Drivers/STM32F3xx_HAL_Driver/Src/stm32f3xx_hal_can.o
                0x0800aede                HAL_CAN_ConfigFilter
 .text.HAL_CAN_Start
                0x0800b072       0x88 ./Drivers/STM32F3xx_HAL_Driver/Src/stm32f3xx_hal_can.o
                0x0800b072                HAL_CAN_Start
 .text.HAL_CAN_GetRxMessage
                0x0800b0fa      0x244 ./Drivers/STM32F3xx_HAL_Driver/Src/stm32f3xx_hal_can.o
                0x0800b0fa                HAL_CAN_GetRxMessage
 *fill*         0x0800b33e        0x2 
 .text.__NVIC_SetPriorityGrouping
                0x0800b340       0x48 ./Drivers/STM32F3xx_HAL_Driver/Src/stm32f3xx_hal_cortex.o
 .text.__NVIC_GetPriorityGrouping
                0x0800b388       0x1c ./Drivers/STM32F3xx_HAL_Driver/Src/stm32f3xx_hal_cortex.o
 .text.__NVIC_SetPriority
                0x0800b3a4       0x54 ./Drivers/STM32F3xx_HAL_Driver/Src/stm32f3xx_hal_cortex.o
 .text.NVIC_EncodePriority
                0x0800b3f8       0x66 ./Drivers/STM32F3xx_HAL_Driver/Src/stm32f3xx_hal_cortex.o
 *fill*         0x0800b45e        0x2 
 .text.SysTick_Config
                0x0800b460       0x44 ./Drivers/STM32F3xx_HAL_Driver/Src/stm32f3xx_hal_cortex.o
 .text.HAL_NVIC_SetPriorityGrouping
                0x0800b4a4       0x16 ./Drivers/STM32F3xx_HAL_Driver/Src/stm32f3xx_hal_cortex.o
                0x0800b4a4                HAL_NVIC_SetPriorityGrouping
 .text.HAL_NVIC_SetPriority
                0x0800b4ba       0x38 ./Drivers/STM32F3xx_HAL_Driver/Src/stm32f3xx_hal_cortex.o
                0x0800b4ba                HAL_NVIC_SetPriority
 .text.HAL_SYSTICK_Config
                0x0800b4f2       0x18 ./Drivers/STM32F3xx_HAL_Driver/Src/stm32f3xx_hal_cortex.o
                0x0800b4f2                HAL_SYSTICK_Config
 *fill*         0x0800b50a        0x2 
 .text.HAL_GPIO_Init
                0x0800b50c      0x314 ./Drivers/STM32F3xx_HAL_Driver/Src/stm32f3xx_hal_gpio.o
                0x0800b50c                HAL_GPIO_Init
 .text.HAL_GPIO_WritePin
                0x0800b820       0x30 ./Drivers/STM32F3xx_HAL_Driver/Src/stm32f3xx_hal_gpio.o
                0x0800b820                HAL_GPIO_WritePin
 .text.HAL_RCC_GetHCLKFreq
                0x0800b850       0x18 ./Drivers/STM32F3xx_HAL_Driver/Src/stm32f3xx_hal_rcc.o
                0x0800b850                HAL_RCC_GetHCLKFreq
 .text.HAL_RCC_GetPCLK1Freq
                0x0800b868       0x44 ./Drivers/STM32F3xx_HAL_Driver/Src/stm32f3xx_hal_rcc.o
                0x0800b868                HAL_RCC_GetPCLK1Freq
 .text.LL_SetSystemCoreClock
                0x0800b8ac       0x20 ./Drivers/STM32F3xx_HAL_Driver/Src/stm32f3xx_ll_utils.o
                0x0800b8ac                LL_SetSystemCoreClock
 .text.__libc_init_array
                0x0800b8cc       0x48 C:/ST/STM32CubeIDE_1.18.0/STM32CubeIDE/plugins/com.st.stm32cube.ide.mcu.externaltools.gnu-tools-for-stm32.13.3.rel1.win32_1.0.0.202411081344/tools/bin/../lib/gcc/arm-none-eabi/13.3.1/../../../../arm-none-eabi/lib/thumb/v7e-m+fp/hard\libc_nano.a(libc_a-init.o)
                0x0800b8cc                __libc_init_array
 *(.glue_7)
 .glue_7        0x0800b914        0x0 linker stubs
 *(.glue_7t)
 .glue_7t       0x0800b914        0x0 linker stubs
 *(.eh_frame)
 .eh_frame      0x0800b914        0x0 C:/ST/STM32CubeIDE_1.18.0/STM32CubeIDE/plugins/com.st.stm32cube.ide.mcu.externaltools.gnu-tools-for-stm32.13.3.rel1.win32_1.0.0.202411081344/tools/bin/../lib/gcc/arm-none-eabi/13.3.1/thumb/v7e-m+fp/hard/crtbegin.o
 *(.init)
 .init          0x0800b914        0x4 C:/ST/STM32CubeIDE_1.18.0/STM32CubeIDE/plugins/com.st.stm32cube.ide.mcu.externaltools.gnu-tools-for-stm32.13.3.rel1.win32_1.0.0.202411081344/tools/bin/../lib/gcc/arm-none-eabi/13.3.1/thumb/v7e-m+fp/hard/crti.o
                0x0800b914                _init
 .init          0x0800b918        0x8 C:/ST/STM32CubeIDE_1.18.0/STM32CubeIDE/plugins/com.st.stm32cube.ide.mcu.externaltools.gnu-tools-for-stm32.13.3.rel1.win32_1.0.0.202411081344/tools/bin/../lib/gcc/arm-none-eabi/13.3.1/thumb/v7e-m+fp/hard/crtn.o
 *(.fini)
 .fini          0x0800b920        0x4 C:/ST/STM32CubeIDE_1.18.0/STM32CubeIDE/plugins/com.st.stm32cube.ide.mcu.externaltools.gnu-tools-for-stm32.13.3.rel1.win32_1.0.0.202411081344/tools/bin/../lib/gcc/arm-none-eabi/13.3.1/thumb/v7e-m+fp/hard/crti.o
                0x0800b920                _fini
 .fini          0x0800b924        0x8 C:/ST/STM32CubeIDE_1.18.0/STM32CubeIDE/plugins/com.st.stm32cube.ide.mcu.externaltools.gnu-tools-for-stm32.13.3.rel1.win32_1.0.0.202411081344/tools/bin/../lib/gcc/arm-none-eabi/13.3.1/thumb/v7e-m+fp/hard/crtn.o
                0x0800b92c                        . = ALIGN (0x4)
                0x0800b92c                        _etext = .

.vfp11_veneer   0x0800b92c        0x0
 .vfp11_veneer  0x0800b92c        0x0 linker stubs

.v4_bx          0x0800b92c        0x0
 .v4_bx         0x0800b92c        0x0 linker stubs

.iplt           0x0800b92c        0x0
 .iplt          0x0800b92c        0x0 C:/ST/STM32CubeIDE_1.18.0/STM32CubeIDE/plugins/com.st.stm32cube.ide.mcu.externaltools.gnu-tools-for-stm32.13.3.rel1.win32_1.0.0.202411081344/tools/bin/../lib/gcc/arm-none-eabi/13.3.1/thumb/v7e-m+fp/hard/crtbegin.o

.rodata         0x0800b92c       0x2c
                0x0800b92c                        . = ALIGN (0x4)
 *(.rodata)
 *(.rodata*)
 .rodata.canTiming
                0x0800b92c       0x24 ./App/boot.o
 .rodata.APBPrescTable
                0x0800b950        0x8 ./Core/Src/system_stm32f3xx.o
                0x0800b950                APBPrescTable
                0x0800b958                        . = ALIGN (0x4)

.ARM.extab      0x0800b958        0x0
                0x0800b958                        . = ALIGN (0x4)
 *(.ARM.extab* .gnu.linkonce.armextab.*)
                0x0800b958                        . = ALIGN (0x4)

.ARM            0x0800b958        0x0
                0x0800b958                        . = ALIGN (0x4)
                0x0800b958                        __exidx_start = .
 *(.ARM.exidx*)
                0x0800b958                        __exidx_end = .
                0x0800b958                        . = ALIGN (0x4)

.preinit_array  0x0800b958        0x0
                0x0800b958                        . = ALIGN (0x4)
                0x0800b958                        PROVIDE (__preinit_array_start = .)
 *(.preinit_array*)
                0x0800b958                        PROVIDE (__preinit_array_end = .)
                0x0800b958                        . = ALIGN (0x4)

.init_array     0x0800b958        0x4
                0x0800b958                        . = ALIGN (0x4)
                0x0800b958                        PROVIDE (__init_array_start = .)
 *(SORT_BY_NAME(.init_array.*))
 *(.init_array*)
 .init_array    0x0800b958        0x4 C:/ST/STM32CubeIDE_1.18.0/STM32CubeIDE/plugins/com.st.stm32cube.ide.mcu.externaltools.gnu-tools-for-stm32.13.3.rel1.win32_1.0.0.202411081344/tools/bin/../lib/gcc/arm-none-eabi/13.3.1/thumb/v7e-m+fp/hard/crtbegin.o
                0x0800b95c                        PROVIDE (__init_array_end = .)
                0x0800b95c                        . = ALIGN (0x4)

.fini_array     0x0800b95c        0x4
                0x0800b95c                        . = ALIGN (0x4)
                [!provide]                        PROVIDE (__fini_array_start = .)
 *(SORT_BY_NAME(.fini_array.*))
 *(.fini_array*)
 .fini_array    0x0800b95c        0x4 C:/ST/STM32CubeIDE_1.18.0/STM32CubeIDE/plugins/com.st.stm32cube.ide.mcu.externaltools.gnu-tools-for-stm32.13.3.rel1.win32_1.0.0.202411081344/tools/bin/../lib/gcc/arm-none-eabi/13.3.1/thumb/v7e-m+fp/hard/crtbegin.o
                [!provide]                        PROVIDE (__fini_array_end = .)
                0x0800b960                        . = ALIGN (0x4)
                0x0800b960                        _sidata = LOADADDR (.data)

.rel.dyn        0x0800b960        0x0
 .rel.iplt      0x0800b960        0x0 C:/ST/STM32CubeIDE_1.18.0/STM32CubeIDE/plugins/com.st.stm32cube.ide.mcu.externaltools.gnu-tools-for-stm32.13.3.rel1.win32_1.0.0.202411081344/tools/bin/../lib/gcc/arm-none-eabi/13.3.1/thumb/v7e-m+fp/hard/crtbegin.o

.data           0x20000000        0xc load address 0x0800b960
                0x20000000                        . = ALIGN (0x4)
                0x20000000                        _sdata = .
 *(.data)
 *(.data*)
 .data.SystemCoreClock
                0x20000000        0x4 ./Core/Src/system_stm32f3xx.o
                0x20000000                SystemCoreClock
 .data.uwTickPrio
                0x20000004        0x4 ./Drivers/STM32F3xx_HAL_Driver/Src/stm32f3xx_hal.o
                0x20000004                uwTickPrio
 .data.uwTickFreq
                0x20000008        0x1 ./Drivers/STM32F3xx_HAL_Driver/Src/stm32f3xx_hal.o
                0x20000008                uwTickFreq
 *(.RamFunc)
 *(.RamFunc*)
                0x2000000c                        . = ALIGN (0x4)
 *fill*         0x20000009        0x3 
                0x2000000c                        _edata = .
                0x0800b96c                        _siccmram = LOADADDR (.ccmram)

.igot.plt       0x2000000c        0x0 load address 0x0800b96c
 .igot.plt      0x2000000c        0x0 C:/ST/STM32CubeIDE_1.18.0/STM32CubeIDE/plugins/com.st.stm32cube.ide.mcu.externaltools.gnu-tools-for-stm32.13.3.rel1.win32_1.0.0.202411081344/tools/bin/../lib/gcc/arm-none-eabi/13.3.1/thumb/v7e-m+fp/hard/crtbegin.o

.ccmram         0x10000000        0x0 load address 0x0800b96c
                0x10000000                        . = ALIGN (0x4)
                0x10000000                        _sccmram = .
 *(.ccmram)
 *(.ccmram*)
                0x10000000                        . = ALIGN (0x4)
                0x10000000                        _eccmram = .
                0x10000000                        . = ALIGN (0x4)

.bss            0x2000000c       0x50
                0x2000000c                        _sbss = .
                0x2000000c                        __bss_start__ = _sbss
 *(.bss)
 .bss           0x2000000c       0x1c C:/ST/STM32CubeIDE_1.18.0/STM32CubeIDE/plugins/com.st.stm32cube.ide.mcu.externaltools.gnu-tools-for-stm32.13.3.rel1.win32_1.0.0.202411081344/tools/bin/../lib/gcc/arm-none-eabi/13.3.1/thumb/v7e-m+fp/hard/crtbegin.o
 *(.bss*)
 .bss.canHandle
                0x20000028       0x28 ./App/boot.o
 .bss.timer_counter_last.1
                0x20000050        0x4 ./App/led.o
 .bss.led_toggle_state.0
                0x20000054        0x1 ./App/led.o
 *fill*         0x20000055        0x3 
 .bss.uwTick    0x20000058        0x4 ./Drivers/STM32F3xx_HAL_Driver/Src/stm32f3xx_hal.o
                0x20000058                uwTick
 *(COMMON)
                0x2000005c                        . = ALIGN (0x4)
                0x2000005c                        _ebss = .
                0x2000005c                        __bss_end__ = _ebss

._user_heap_stack
                0x2000005c      0x604
                0x20000060                        . = ALIGN (0x8)
 *fill*         0x2000005c        0x4 
                [!provide]                        PROVIDE (end = .)
                0x20000060                        PROVIDE (_end = .)
                0x20000260                        . = (. + _Min_Heap_Size)
 *fill*         0x20000060      0x200 
                0x20000660                        . = (. + _Min_Stack_Size)
 *fill*         0x20000260      0x400 
                0x20000660                        . = ALIGN (0x8)

/DISCARD/
 libc.a(*)
 libm.a(*)
 libgcc.a(*)

.ARM.attributes
                0x00000000       0x30
 *(.ARM.attributes)
 .ARM.attributes
                0x00000000       0x22 C:/ST/STM32CubeIDE_1.18.0/STM32CubeIDE/plugins/com.st.stm32cube.ide.mcu.externaltools.gnu-tools-for-stm32.13.3.rel1.win32_1.0.0.202411081344/tools/bin/../lib/gcc/arm-none-eabi/13.3.1/thumb/v7e-m+fp/hard/crti.o
 .ARM.attributes
                0x00000022       0x34 C:/ST/STM32CubeIDE_1.18.0/STM32CubeIDE/plugins/com.st.stm32cube.ide.mcu.externaltools.gnu-tools-for-stm32.13.3.rel1.win32_1.0.0.202411081344/tools/bin/../lib/gcc/arm-none-eabi/13.3.1/thumb/v7e-m+fp/hard/crtbegin.o
 .ARM.attributes
                0x00000056       0x34 ./App/app.o
 .ARM.attributes
                0x0000008a       0x34 ./App/boot.o
 .ARM.attributes
                0x000000be       0x34 ./App/led.o
 .ARM.attributes
                0x000000f2       0x34 ./App/timer.o
 .ARM.attributes
                0x00000126       0x34 ./Core/Src/main.o
 .ARM.attributes
                0x0000015a       0x34 ./Core/Src/stm32f3xx_hal_msp.o
 .ARM.attributes
                0x0000018e       0x34 ./Core/Src/stm32f3xx_it.o
 .ARM.attributes
                0x000001c2       0x34 ./Core/Src/system_stm32f3xx.o
 .ARM.attributes
                0x000001f6       0x21 ./Core/Startup/startup_stm32f303retx.o
 .ARM.attributes
                0x00000217       0x34 ./Drivers/STM32F3xx_HAL_Driver/Src/stm32f3xx_hal.o
 .ARM.attributes
                0x0000024b       0x34 ./Drivers/STM32F3xx_HAL_Driver/Src/stm32f3xx_hal_can.o
 .ARM.attributes
                0x0000027f       0x34 ./Drivers/STM32F3xx_HAL_Driver/Src/stm32f3xx_hal_cortex.o
 .ARM.attributes
                0x000002b3       0x34 ./Drivers/STM32F3xx_HAL_Driver/Src/stm32f3xx_hal_gpio.o
 .ARM.attributes
                0x000002e7       0x34 ./Drivers/STM32F3xx_HAL_Driver/Src/stm32f3xx_hal_rcc.o
 .ARM.attributes
                0x0000031b       0x34 ./Drivers/STM32F3xx_HAL_Driver/Src/stm32f3xx_ll_utils.o
 .ARM.attributes
                0x0000034f       0x34 C:/ST/STM32CubeIDE_1.18.0/STM32CubeIDE/plugins/com.st.stm32cube.ide.mcu.externaltools.gnu-tools-for-stm32.13.3.rel1.win32_1.0.0.202411081344/tools/bin/../lib/gcc/arm-none-eabi/13.3.1/../../../../arm-none-eabi/lib/thumb/v7e-m+fp/hard\libc_nano.a(libc_a-init.o)
 .ARM.attributes
                0x00000383       0x22 C:/ST/STM32CubeIDE_1.18.0/STM32CubeIDE/plugins/com.st.stm32cube.ide.mcu.externaltools.gnu-tools-for-stm32.13.3.rel1.win32_1.0.0.202411081344/tools/bin/../lib/gcc/arm-none-eabi/13.3.1/thumb/v7e-m+fp/hard/crtn.o
OUTPUT(Fabrica_STM32F3_Prog.elf elf32-littlearm)
LOAD linker stubs
LOAD C:/ST/STM32CubeIDE_1.18.0/STM32CubeIDE/plugins/com.st.stm32cube.ide.mcu.externaltools.gnu-tools-for-stm32.13.3.rel1.win32_1.0.0.202411081344/tools/bin/../lib/gcc/arm-none-eabi/13.3.1/../../../../arm-none-eabi/lib/thumb/v7e-m+fp/hard\libc.a
LOAD C:/ST/STM32CubeIDE_1.18.0/STM32CubeIDE/plugins/com.st.stm32cube.ide.mcu.externaltools.gnu-tools-for-stm32.13.3.rel1.win32_1.0.0.202411081344/tools/bin/../lib/gcc/arm-none-eabi/13.3.1/../../../../arm-none-eabi/lib/thumb/v7e-m+fp/hard\libm.a
LOAD C:/ST/STM32CubeIDE_1.18.0/STM32CubeIDE/plugins/com.st.stm32cube.ide.mcu.externaltools.gnu-tools-for-stm32.13.3.rel1.win32_1.0.0.202411081344/tools/bin/../lib/gcc/arm-none-eabi/13.3.1/thumb/v7e-m+fp/hard\libgcc.a

.debug_info     0x00000000     0x734d
 .debug_info    0x00000000      0x112 ./App/app.o
 .debug_info    0x00000112      0xa2b ./App/boot.o
 .debug_info    0x00000b3d      0x201 ./App/led.o
 .debug_info    0x00000d3e       0xc5 ./App/timer.o
 .debug_info    0x00000e03     0x10be ./Core/Src/main.o
 .debug_info    0x00001ec1      0x785 ./Core/Src/stm32f3xx_hal_msp.o
 .debug_info    0x00002646      0x157 ./Core/Src/stm32f3xx_it.o
 .debug_info    0x0000279d      0x407 ./Core/Src/system_stm32f3xx.o
 .debug_info    0x00002ba4       0x30 ./Core/Startup/startup_stm32f303retx.o
 .debug_info    0x00002bd4      0x804 ./Drivers/STM32F3xx_HAL_Driver/Src/stm32f3xx_hal.o
 .debug_info    0x000033d8      0xf07 ./Drivers/STM32F3xx_HAL_Driver/Src/stm32f3xx_hal_can.o
 .debug_info    0x000042df      0xd14 ./Drivers/STM32F3xx_HAL_Driver/Src/stm32f3xx_hal_cortex.o
 .debug_info    0x00004ff3      0x6a6 ./Drivers/STM32F3xx_HAL_Driver/Src/stm32f3xx_hal_gpio.o
 .debug_info    0x00005699     0x149a ./Drivers/STM32F3xx_HAL_Driver/Src/stm32f3xx_hal_rcc.o
 .debug_info    0x00006b33      0x81a ./Drivers/STM32F3xx_HAL_Driver/Src/stm32f3xx_ll_utils.o

.debug_abbrev   0x00000000     0x1ab9
 .debug_abbrev  0x00000000       0xa7 ./App/app.o
 .debug_abbrev  0x000000a7      0x236 ./App/boot.o
 .debug_abbrev  0x000002dd      0x134 ./App/led.o
 .debug_abbrev  0x00000411       0x84 ./App/timer.o
 .debug_abbrev  0x00000495      0x39c ./Core/Src/main.o
 .debug_abbrev  0x00000831      0x1b7 ./Core/Src/stm32f3xx_hal_msp.o
 .debug_abbrev  0x000009e8       0xac ./Core/Src/stm32f3xx_it.o
 .debug_abbrev  0x00000a94      0x11a ./Core/Src/system_stm32f3xx.o
 .debug_abbrev  0x00000bae       0x24 ./Core/Startup/startup_stm32f303retx.o
 .debug_abbrev  0x00000bd2      0x215 ./Drivers/STM32F3xx_HAL_Driver/Src/stm32f3xx_hal.o
 .debug_abbrev  0x00000de7      0x231 ./Drivers/STM32F3xx_HAL_Driver/Src/stm32f3xx_hal_can.o
 .debug_abbrev  0x00001018      0x31e ./Drivers/STM32F3xx_HAL_Driver/Src/stm32f3xx_hal_cortex.o
 .debug_abbrev  0x00001336      0x1ca ./Drivers/STM32F3xx_HAL_Driver/Src/stm32f3xx_hal_gpio.o
 .debug_abbrev  0x00001500      0x300 ./Drivers/STM32F3xx_HAL_Driver/Src/stm32f3xx_hal_rcc.o
 .debug_abbrev  0x00001800      0x2b9 ./Drivers/STM32F3xx_HAL_Driver/Src/stm32f3xx_ll_utils.o

.debug_aranges  0x00000000      0x7a0
 .debug_aranges
                0x00000000       0x28 ./App/app.o
 .debug_aranges
                0x00000028       0x50 ./App/boot.o
 .debug_aranges
                0x00000078       0x28 ./App/led.o
 .debug_aranges
                0x000000a0       0x28 ./App/timer.o
 .debug_aranges
                0x000000c8       0xe8 ./Core/Src/main.o
 .debug_aranges
                0x000001b0       0x30 ./Core/Src/stm32f3xx_hal_msp.o
 .debug_aranges
                0x000001e0       0x60 ./Core/Src/stm32f3xx_it.o
 .debug_aranges
                0x00000240       0x28 ./Core/Src/system_stm32f3xx.o
 .debug_aranges
                0x00000268       0x28 ./Core/Startup/startup_stm32f303retx.o
 .debug_aranges
                0x00000290       0xe0 ./Drivers/STM32F3xx_HAL_Driver/Src/stm32f3xx_hal.o
 .debug_aranges
                0x00000370      0x138 ./Drivers/STM32F3xx_HAL_Driver/Src/stm32f3xx_hal_can.o
 .debug_aranges
                0x000004a8      0x128 ./Drivers/STM32F3xx_HAL_Driver/Src/stm32f3xx_hal_cortex.o
 .debug_aranges
                0x000005d0       0x58 ./Drivers/STM32F3xx_HAL_Driver/Src/stm32f3xx_hal_gpio.o
 .debug_aranges
                0x00000628       0x88 ./Drivers/STM32F3xx_HAL_Driver/Src/stm32f3xx_hal_rcc.o
 .debug_aranges
                0x000006b0       0xf0 ./Drivers/STM32F3xx_HAL_Driver/Src/stm32f3xx_ll_utils.o

.debug_rnglists
                0x00000000      0x588
 .debug_rnglists
                0x00000000       0x19 ./App/app.o
 .debug_rnglists
                0x00000019       0x3a ./App/boot.o
 .debug_rnglists
                0x00000053       0x19 ./App/led.o
 .debug_rnglists
                0x0000006c       0x19 ./App/timer.o
 .debug_rnglists
                0x00000085       0xac ./Core/Src/main.o
 .debug_rnglists
                0x00000131       0x20 ./Core/Src/stm32f3xx_hal_msp.o
 .debug_rnglists
                0x00000151       0x43 ./Core/Src/stm32f3xx_it.o
 .debug_rnglists
                0x00000194       0x1a ./Core/Src/system_stm32f3xx.o
 .debug_rnglists
                0x000001ae       0x19 ./Core/Startup/startup_stm32f303retx.o
 .debug_rnglists
                0x000001c7       0xa3 ./Drivers/STM32F3xx_HAL_Driver/Src/stm32f3xx_hal.o
 .debug_rnglists
                0x0000026a       0xee ./Drivers/STM32F3xx_HAL_Driver/Src/stm32f3xx_hal_can.o
 .debug_rnglists
                0x00000358       0xda ./Drivers/STM32F3xx_HAL_Driver/Src/stm32f3xx_hal_cortex.o
 .debug_rnglists
                0x00000432       0x3f ./Drivers/STM32F3xx_HAL_Driver/Src/stm32f3xx_hal_gpio.o
 .debug_rnglists
                0x00000471       0x66 ./Drivers/STM32F3xx_HAL_Driver/Src/stm32f3xx_hal_rcc.o
 .debug_rnglists
                0x000004d7       0xb1 ./Drivers/STM32F3xx_HAL_Driver/Src/stm32f3xx_ll_utils.o

.debug_macro    0x00000000    0x20b01
 .debug_macro   0x00000000      0x1f4 ./App/app.o
 .debug_macro   0x000001f4      0xade ./App/app.o
 .debug_macro   0x00000cd2       0xc1 ./App/app.o
 .debug_macro   0x00000d93       0x2e ./App/app.o
 .debug_macro   0x00000dc1       0x28 ./App/app.o
 .debug_macro   0x00000de9       0x22 ./App/app.o
 .debug_macro   0x00000e0b       0x8e ./App/app.o
 .debug_macro   0x00000e99       0x51 ./App/app.o
 .debug_macro   0x00000eea      0x103 ./App/app.o
 .debug_macro   0x00000fed       0x6a ./App/app.o
 .debug_macro   0x00001057      0x1df ./App/app.o
 .debug_macro   0x00001236       0x1c ./App/app.o
 .debug_macro   0x00001252       0x22 ./App/app.o
 .debug_macro   0x00001274       0xd9 ./App/app.o
 .debug_macro   0x0000134d     0x102d ./App/app.o
 .debug_macro   0x0000237a      0x11f ./App/app.o
 .debug_macro   0x00002499    0x1535a ./App/app.o
 .debug_macro   0x000177f3       0x6d ./App/app.o
 .debug_macro   0x00017860      0x158 ./App/app.o
 .debug_macro   0x000179b8     0x3574 ./App/app.o
 .debug_macro   0x0001af2c      0x190 ./App/app.o
 .debug_macro   0x0001b0bc       0x55 ./App/app.o
 .debug_macro   0x0001b111      0x953 ./App/app.o
 .debug_macro   0x0001ba64      0x84a ./App/app.o
 .debug_macro   0x0001c2ae      0x1b5 ./App/app.o
 .debug_macro   0x0001c463      0x23a ./App/app.o
 .debug_macro   0x0001c69d      0x1ea ./App/app.o
 .debug_macro   0x0001c887      0x1bc ./App/app.o
 .debug_macro   0x0001ca43       0x30 ./App/app.o
 .debug_macro   0x0001ca73       0x3c ./App/app.o
 .debug_macro   0x0001caaf      0x235 ./App/app.o
 .debug_macro   0x0001cce4      0x408 ./App/app.o
 .debug_macro   0x0001d0ec       0xc5 ./App/app.o
 .debug_macro   0x0001d1b1      0x21d ./App/app.o
 .debug_macro   0x0001d3ce      0x22c ./App/app.o
 .debug_macro   0x0001d5fa       0x5b ./App/app.o
 .debug_macro   0x0001d655       0xa5 ./App/app.o
 .debug_macro   0x0001d6fa       0x81 ./App/app.o
 .debug_macro   0x0001d77b       0xd3 ./App/app.o
 .debug_macro   0x0001d84e      0x347 ./App/app.o
 .debug_macro   0x0001db95      0x1f4 ./App/boot.o
 .debug_macro   0x0001dd89      0x1fa ./App/led.o
 .debug_macro   0x0001df83      0x1f4 ./App/timer.o
 .debug_macro   0x0001e177      0x25d ./Core/Src/main.o
 .debug_macro   0x0001e3d4      0x627 ./Core/Src/main.o
 .debug_macro   0x0001e9fb      0x149 ./Core/Src/main.o
 .debug_macro   0x0001eb44      0x39f ./Core/Src/main.o
 .debug_macro   0x0001eee3      0x148 ./Core/Src/main.o
 .debug_macro   0x0001f02b      0x1a7 ./Core/Src/main.o
 .debug_macro   0x0001f1d2       0x30 ./Core/Src/main.o
 .debug_macro   0x0001f202       0xae ./Core/Src/main.o
 .debug_macro   0x0001f2b0      0x287 ./Core/Src/main.o
 .debug_macro   0x0001f537      0x2f7 ./Core/Src/main.o
 .debug_macro   0x0001f82e      0x142 ./Core/Src/main.o
 .debug_macro   0x0001f970       0x58 ./Core/Src/main.o
 .debug_macro   0x0001f9c8      0x222 ./Core/Src/stm32f3xx_hal_msp.o
 .debug_macro   0x0001fbea      0x22c ./Core/Src/stm32f3xx_it.o
 .debug_macro   0x0001fe16      0x1b9 ./Core/Src/system_stm32f3xx.o
 .debug_macro   0x0001ffcf      0x1dd ./Drivers/STM32F3xx_HAL_Driver/Src/stm32f3xx_hal.o
 .debug_macro   0x000201ac      0x1c8 ./Drivers/STM32F3xx_HAL_Driver/Src/stm32f3xx_hal_can.o
 .debug_macro   0x00020374      0x1b9 ./Drivers/STM32F3xx_HAL_Driver/Src/stm32f3xx_hal_cortex.o
 .debug_macro   0x0002052d      0x1c0 ./Drivers/STM32F3xx_HAL_Driver/Src/stm32f3xx_hal_gpio.o
 .debug_macro   0x000206ed      0x1dd ./Drivers/STM32F3xx_HAL_Driver/Src/stm32f3xx_hal_rcc.o
 .debug_macro   0x000208ca      0x237 ./Drivers/STM32F3xx_HAL_Driver/Src/stm32f3xx_ll_utils.o

.debug_line     0x00000000     0x99f9
 .debug_line    0x00000000      0x763 ./App/app.o
 .debug_line    0x00000763      0x955 ./App/boot.o
 .debug_line    0x000010b8      0x780 ./App/led.o
 .debug_line    0x00001838      0x75b ./App/timer.o
 .debug_line    0x00001f93      0xc58 ./Core/Src/main.o
 .debug_line    0x00002beb      0x86a ./Core/Src/stm32f3xx_hal_msp.o
 .debug_line    0x00003455      0x8bb ./Core/Src/stm32f3xx_it.o
 .debug_line    0x00003d10      0x7a3 ./Core/Src/system_stm32f3xx.o
 .debug_line    0x000044b3       0x7a ./Core/Startup/startup_stm32f303retx.o
 .debug_line    0x0000452d      0x9da ./Drivers/STM32F3xx_HAL_Driver/Src/stm32f3xx_hal.o
 .debug_line    0x00004f07     0x11cb ./Drivers/STM32F3xx_HAL_Driver/Src/stm32f3xx_hal_can.o
 .debug_line    0x000060d2      0xca5 ./Drivers/STM32F3xx_HAL_Driver/Src/stm32f3xx_hal_cortex.o
 .debug_line    0x00006d77      0xb4d ./Drivers/STM32F3xx_HAL_Driver/Src/stm32f3xx_hal_gpio.o
 .debug_line    0x000078c4     0x1551 ./Drivers/STM32F3xx_HAL_Driver/Src/stm32f3xx_hal_rcc.o
 .debug_line    0x00008e15      0xbe4 ./Drivers/STM32F3xx_HAL_Driver/Src/stm32f3xx_ll_utils.o

.debug_str      0x00000000    0xc56a5
 .debug_str     0x00000000    0xc56a5 ./App/app.o
                              0xb886c (size before relaxing)
 .debug_str     0x000c56a5    0xb8d73 ./App/boot.o
 .debug_str     0x000c56a5    0xb88b5 ./App/led.o
 .debug_str     0x000c56a5    0xb87ee ./App/timer.o
 .debug_str     0x000c56a5    0xc3a63 ./Core/Src/main.o
 .debug_str     0x000c56a5    0xc329f ./Core/Src/stm32f3xx_hal_msp.o
 .debug_str     0x000c56a5    0xc2f6a ./Core/Src/stm32f3xx_it.o
 .debug_str     0x000c56a5    0xb8589 ./Core/Src/system_stm32f3xx.o
 .debug_str     0x000c56a5       0x82 ./Core/Startup/startup_stm32f303retx.o
 .debug_str     0x000c56a5    0xb8e32 ./Drivers/STM32F3xx_HAL_Driver/Src/stm32f3xx_hal.o
 .debug_str     0x000c56a5    0xb8d18 ./Drivers/STM32F3xx_HAL_Driver/Src/stm32f3xx_hal_can.o
 .debug_str     0x000c56a5    0xb8eb6 ./Drivers/STM32F3xx_HAL_Driver/Src/stm32f3xx_hal_cortex.o
 .debug_str     0x000c56a5    0xb876e ./Drivers/STM32F3xx_HAL_Driver/Src/stm32f3xx_hal_gpio.o
 .debug_str     0x000c56a5    0xb8a2d ./Drivers/STM32F3xx_HAL_Driver/Src/stm32f3xx_hal_rcc.o
 .debug_str     0x000c56a5    0xbf336 ./Drivers/STM32F3xx_HAL_Driver/Src/stm32f3xx_ll_utils.o

.comment        0x00000000       0x43
 .comment       0x00000000       0x43 ./App/app.o
                                 0x44 (size before relaxing)
 .comment       0x00000043       0x44 ./App/boot.o
 .comment       0x00000043       0x44 ./App/led.o
 .comment       0x00000043       0x44 ./App/timer.o
 .comment       0x00000043       0x44 ./Core/Src/main.o
 .comment       0x00000043       0x44 ./Core/Src/stm32f3xx_hal_msp.o
 .comment       0x00000043       0x44 ./Core/Src/stm32f3xx_it.o
 .comment       0x00000043       0x44 ./Core/Src/system_stm32f3xx.o
 .comment       0x00000043       0x44 ./Drivers/STM32F3xx_HAL_Driver/Src/stm32f3xx_hal.o
 .comment       0x00000043       0x44 ./Drivers/STM32F3xx_HAL_Driver/Src/stm32f3xx_hal_can.o
 .comment       0x00000043       0x44 ./Drivers/STM32F3xx_HAL_Driver/Src/stm32f3xx_hal_cortex.o
 .comment       0x00000043       0x44 ./Drivers/STM32F3xx_HAL_Driver/Src/stm32f3xx_hal_gpio.o
 .comment       0x00000043       0x44 ./Drivers/STM32F3xx_HAL_Driver/Src/stm32f3xx_hal_rcc.o
 .comment       0x00000043       0x44 ./Drivers/STM32F3xx_HAL_Driver/Src/stm32f3xx_ll_utils.o

.debug_frame    0x00000000     0x1c6c
 .debug_frame   0x00000000       0x48 ./App/app.o
 .debug_frame   0x00000048       0xe8 ./App/boot.o
 .debug_frame   0x00000130       0x50 ./App/led.o
 .debug_frame   0x00000180       0x4c ./App/timer.o
 .debug_frame   0x000001cc      0x3a4 ./Core/Src/main.o
 .debug_frame   0x00000570       0x7c ./Core/Src/stm32f3xx_hal_msp.o
 .debug_frame   0x000005ec      0x104 ./Core/Src/stm32f3xx_it.o
 .debug_frame   0x000006f0       0x58 ./Core/Src/system_stm32f3xx.o
 .debug_frame   0x00000748      0x334 ./Drivers/STM32F3xx_HAL_Driver/Src/stm32f3xx_hal.o
 .debug_frame   0x00000a7c      0x5a0 ./Drivers/STM32F3xx_HAL_Driver/Src/stm32f3xx_hal_can.o
 .debug_frame   0x0000101c      0x4e8 ./Drivers/STM32F3xx_HAL_Driver/Src/stm32f3xx_hal_cortex.o
 .debug_frame   0x00001504      0x14c ./Drivers/STM32F3xx_HAL_Driver/Src/stm32f3xx_hal_gpio.o
 .debug_frame   0x00001650      0x214 ./Drivers/STM32F3xx_HAL_Driver/Src/stm32f3xx_hal_rcc.o
 .debug_frame   0x00001864      0x3dc ./Drivers/STM32F3xx_HAL_Driver/Src/stm32f3xx_ll_utils.o
 .debug_frame   0x00001c40       0x2c C:/ST/STM32CubeIDE_1.18.0/STM32CubeIDE/plugins/com.st.stm32cube.ide.mcu.externaltools.gnu-tools-for-stm32.13.3.rel1.win32_1.0.0.202411081344/tools/bin/../lib/gcc/arm-none-eabi/13.3.1/../../../../arm-none-eabi/lib/thumb/v7e-m+fp/hard\libc_nano.a(libc_a-init.o)

.debug_line_str
                0x00000000       0x66
 .debug_line_str
                0x00000000       0x66 ./Core/Startup/startup_stm32f303retx.o
