../Drivers/STM32F3xx_HAL_Driver/Inc/stm32f3xx_ll_usart.h:537:22:LL_USART_Enable	1
../Drivers/STM32F3xx_HAL_Driver/Inc/stm32f3xx_ll_usart.h:2260:22:LL_USART_ConfigAsyncMode	1
../Drivers/STM32F3xx_HAL_Driver/Inc/stm32f3xx_ll_usart.h:3195:22:LL_USART_DisableIT_CTS	2
../Drivers/STM32F3xx_HAL_Driver/Inc/stm32f3xx_ll_bus.h:285:22:LL_AHB1_GRP1_EnableClock	1
../Drivers/STM32F3xx_HAL_Driver/Inc/stm32f3xx_ll_bus.h:535:22:LL_APB1_GRP1_EnableClock	1
../Core/Src/main.c:65:5:main	1
../Core/Src/main.c:109:6:SystemClock_Config	4
../Core/Src/main.c:156:6:MX_CAN_Init	2
../Core/Src/main.c:193:6:MX_USART2_UART_Init	1
../Core/Src/main.c:245:13:MX_GPIO_Init	1
../Core/Src/main.c:285:6:Error_Handler	1
