../Drivers/CMSIS/Include/core_cm4.h:1939:34:__NVIC_SystemReset	4	static,ignoring_inline_asm
../Core/Src/can_operation.c:25:6:CANInitTxHeader	8	static
../Core/Src/can_operation.c:35:19:CAN_Send	24	static
../Core/Src/can_operation.c:48:6:HAL_CAN_RxFifo0MsgPendingCallback	16	static
../Core/Src/can_operation.c:69:6:CAN_Update_KnobState	32	static
../Core/Src/can_operation.c:92:6:CAN_Update_ErrorState	24	static
../Core/Src/can_operation.c:99:9:gpio_flag_check	4	static
../Core/Src/can_operation.c:103:6:gpio_flag_reset	4	static
../Core/Src/can_operation.c:118:6:CAN_Update_ErrorCount	32	static
