../Drivers/CMSIS/Include/core_cm4.h:1939:34:__NVIC_SystemReset	4	static,ignoring_inline_asm
../Core/Src/can_operation.c:24:6:CANInitTxHeader	8	static
../Core/Src/can_operation.c:34:19:CAN_Send	16	static
../Core/Src/can_operation.c:41:6:HAL_CAN_RxFifo0MsgPendingCallback	16	static
../Core/Src/can_operation.c:62:6:CAN_Update_KnobState	32	static
../Core/Src/can_operation.c:85:6:CAN_Update_ErrorState	24	static
../Core/Src/can_operation.c:92:9:gpio_flag_check	4	static
../Core/Src/can_operation.c:96:6:gpio_flag_reset	4	static
../Core/Src/can_operation.c:100:6:CAN_Update_Firmware_Ver	16	static
