../Drivers/STM32F3xx_HAL_Driver/Inc/stm32f3xx_ll_rcc.h:1084:22:LL_RCC_HSI_Enable	4	static
../Drivers/STM32F3xx_HAL_Driver/Inc/stm32f3xx_ll_rcc.h:1104:26:LL_RCC_HSI_IsReady	4	static
../Drivers/STM32F3xx_HAL_Driver/Inc/stm32f3xx_ll_rcc.h:1130:22:LL_RCC_HSI_SetCalibTrimming	16	static
../Drivers/STM32F3xx_HAL_Driver/Inc/stm32f3xx_ll_rcc.h:1288:22:LL_RCC_SetSysClkSource	16	static
../Drivers/STM32F3xx_HAL_Driver/Inc/stm32f3xx_ll_rcc.h:1301:26:LL_RCC_GetSysClkSource	4	static
../Drivers/STM32F3xx_HAL_Driver/Inc/stm32f3xx_ll_rcc.h:1321:22:LL_RCC_SetAHBPrescaler	16	static
../Drivers/STM32F3xx_HAL_Driver/Inc/stm32f3xx_ll_rcc.h:1337:22:LL_RCC_SetAPB1Prescaler	16	static
../Drivers/STM32F3xx_HAL_Driver/Inc/stm32f3xx_ll_rcc.h:1353:22:LL_RCC_SetAPB2Prescaler	16	static
../Drivers/STM32F3xx_HAL_Driver/Inc/stm32f3xx_ll_rcc.h:1488:22:LL_RCC_SetUSARTClockSource	16	static
../Drivers/STM32F3xx_HAL_Driver/Inc/stm32f3xx_ll_rcc.h:2172:22:LL_RCC_PLL_Enable	4	static
../Drivers/STM32F3xx_HAL_Driver/Inc/stm32f3xx_ll_rcc.h:2193:26:LL_RCC_PLL_IsReady	4	static
../Drivers/STM32F3xx_HAL_Driver/Inc/stm32f3xx_ll_rcc.h:2242:22:LL_RCC_PLL_ConfigDomain_SYS	24	static
../Drivers/STM32F3xx_HAL_Driver/Inc/stm32f3xx_ll_bus.h:285:22:LL_AHB1_GRP1_EnableClock	24	static
../Drivers/STM32F3xx_HAL_Driver/Inc/stm32f3xx_ll_bus.h:535:22:LL_APB1_GRP1_EnableClock	24	static
../Drivers/STM32F3xx_HAL_Driver/Inc/stm32f3xx_ll_system.h:1106:22:LL_SYSCFG_SetEXTISource	24	static,ignoring_inline_asm
../Drivers/STM32F3xx_HAL_Driver/Inc/stm32f3xx_ll_system.h:1619:22:LL_FLASH_SetLatency	16	static
../Drivers/STM32F3xx_HAL_Driver/Inc/stm32f3xx_ll_system.h:1632:26:LL_FLASH_GetLatency	4	static
../Drivers/STM32F3xx_HAL_Driver/Inc/stm32f3xx_ll_usart.h:537:22:LL_USART_Enable	16	static
../Drivers/STM32F3xx_HAL_Driver/Inc/stm32f3xx_ll_usart.h:2260:22:LL_USART_ConfigAsyncMode	16	static
../Drivers/STM32F3xx_HAL_Driver/Inc/stm32f3xx_ll_usart.h:3195:22:LL_USART_DisableIT_CTS	40	static,ignoring_inline_asm
../Drivers/STM32F3xx_HAL_Driver/Inc/stm32f3xx_ll_gpio.h:272:22:LL_GPIO_SetPinMode	40	static,ignoring_inline_asm
../Drivers/STM32F3xx_HAL_Driver/Inc/stm32f3xx_ll_gpio.h:481:22:LL_GPIO_SetPinPull	40	static,ignoring_inline_asm
../Drivers/STM32F3xx_HAL_Driver/Inc/stm32f3xx_ll_gpio.h:907:22:LL_GPIO_ResetOutputPin	16	static
../Core/Src/main.c:65:5:main	8	static
../Core/Src/main.c:110:6:SystemClock_Config	8	static
../Core/Src/main.c:157:6:MX_CAN_Init	8	static
../Core/Src/main.c:194:6:MX_USART2_UART_Init	64	static
../Core/Src/main.c:246:13:MX_GPIO_Init	48	static
../Core/Src/main.c:299:6:Error_Handler	4	static,ignoring_inline_asm
